Component: ARM Compiler 5.06 update 7 (build 960) Tool: armlink [4d3601]

==============================================================================

Section Cross References

    startup_stm32f407xx.o(RESET) refers to startup_stm32f407xx.o(STACK) for __initial_sp
    startup_stm32f407xx.o(RESET) refers to startup_stm32f407xx.o(.text) for Reset_Handler
    startup_stm32f407xx.o(RESET) refers to stm32f4xx_it.o(i.NMI_Handler) for NMI_Handler
    startup_stm32f407xx.o(RESET) refers to stm32f4xx_it.o(i.HardFault_Handler) for HardFault_Handler
    startup_stm32f407xx.o(RESET) refers to stm32f4xx_it.o(i.MemManage_Handler) for MemManage_Handler
    startup_stm32f407xx.o(RESET) refers to stm32f4xx_it.o(i.BusFault_Handler) for BusFault_Handler
    startup_stm32f407xx.o(RESET) refers to stm32f4xx_it.o(i.UsageFault_Handler) for UsageFault_Handler
    startup_stm32f407xx.o(RESET) refers to port.o(.emb_text) for SVC_Handler
    startup_stm32f407xx.o(RESET) refers to stm32f4xx_it.o(i.DebugMon_Handler) for DebugMon_Handler
    startup_stm32f407xx.o(RESET) refers to port.o(i.SysTick_Handler) for SysTick_Handler
    startup_stm32f407xx.o(RESET) refers to stm32f4xx_it.o(i.EXTI0_IRQHandler) for EXTI0_IRQHandler
    startup_stm32f407xx.o(RESET) refers to stm32f4xx_it.o(i.EXTI3_IRQHandler) for EXTI3_IRQHandler
    startup_stm32f407xx.o(RESET) refers to stm32f4xx_it.o(i.EXTI4_IRQHandler) for EXTI4_IRQHandler
    startup_stm32f407xx.o(RESET) refers to stm32f4xx_it.o(i.CAN1_RX1_IRQHandler) for CAN1_RX1_IRQHandler
    startup_stm32f407xx.o(RESET) refers to stm32f4xx_it.o(i.EXTI9_5_IRQHandler) for EXTI9_5_IRQHandler
    startup_stm32f407xx.o(RESET) refers to stm32f4xx_it.o(i.TIM2_IRQHandler) for TIM2_IRQHandler
    startup_stm32f407xx.o(RESET) refers to remote_control.o(i.USART3_IRQHandler) for USART3_IRQHandler
    startup_stm32f407xx.o(RESET) refers to stm32f4xx_it.o(i.TIM8_BRK_TIM12_IRQHandler) for TIM8_BRK_TIM12_IRQHandler
    startup_stm32f407xx.o(RESET) refers to bsp_i2c.o(i.DMA1_Stream7_IRQHandler) for DMA1_Stream7_IRQHandler
    startup_stm32f407xx.o(RESET) refers to stm32f4xx_it.o(i.DMA2_Stream1_IRQHandler) for DMA2_Stream1_IRQHandler
    startup_stm32f407xx.o(RESET) refers to imu_task.o(i.DMA2_Stream2_IRQHandler) for DMA2_Stream2_IRQHandler
    startup_stm32f407xx.o(RESET) refers to stm32f4xx_it.o(i.CAN2_RX0_IRQHandler) for CAN2_RX0_IRQHandler
    startup_stm32f407xx.o(RESET) refers to stm32f4xx_it.o(i.DMA2_Stream5_IRQHandler) for DMA2_Stream5_IRQHandler
    startup_stm32f407xx.o(RESET) refers to stm32f4xx_it.o(i.DMA2_Stream6_IRQHandler) for DMA2_Stream6_IRQHandler
    startup_stm32f407xx.o(RESET) refers to stm32f4xx_it.o(i.DMA2_Stream7_IRQHandler) for DMA2_Stream7_IRQHandler
    startup_stm32f407xx.o(RESET) refers to autogimbal.o(i.USART6_IRQHandler) for USART6_IRQHandler
    startup_stm32f407xx.o(.text) refers to system_stm32f4xx.o(i.SystemInit) for SystemInit
    startup_stm32f407xx.o(.text) refers to entry.o(.ARM.Collect$$$$00000000) for __main
    main.o(i.HAL_TIM_PeriodElapsedCallback) refers to stm32f4xx_hal.o(i.HAL_IncTick) for HAL_IncTick
    main.o(i.SystemClock_Config) refers to memseta.o(.text) for __aeabi_memclr4
    main.o(i.SystemClock_Config) refers to stm32f4xx_hal_rcc.o(i.HAL_RCC_OscConfig) for HAL_RCC_OscConfig
    main.o(i.SystemClock_Config) refers to main.o(i.Error_Handler) for Error_Handler
    main.o(i.SystemClock_Config) refers to stm32f4xx_hal_rcc.o(i.HAL_RCC_ClockConfig) for HAL_RCC_ClockConfig
    main.o(i.main) refers to stm32f4xx_hal.o(i.HAL_Init) for HAL_Init
    main.o(i.main) refers to main.o(i.SystemClock_Config) for SystemClock_Config
    main.o(i.main) refers to gpio.o(i.MX_GPIO_Init) for MX_GPIO_Init
    main.o(i.main) refers to dma.o(i.MX_DMA_Init) for MX_DMA_Init
    main.o(i.main) refers to can.o(i.MX_CAN1_Init) for MX_CAN1_Init
    main.o(i.main) refers to can.o(i.MX_CAN2_Init) for MX_CAN2_Init
    main.o(i.main) refers to spi.o(i.MX_SPI1_Init) for MX_SPI1_Init
    main.o(i.main) refers to tim.o(i.MX_TIM4_Init) for MX_TIM4_Init
    main.o(i.main) refers to tim.o(i.MX_TIM5_Init) for MX_TIM5_Init
    main.o(i.main) refers to usart.o(i.MX_USART3_UART_Init) for MX_USART3_UART_Init
    main.o(i.main) refers to tim.o(i.MX_TIM8_Init) for MX_TIM8_Init
    main.o(i.main) refers to i2c.o(i.MX_I2C3_Init) for MX_I2C3_Init
    main.o(i.main) refers to rtc.o(i.MX_RTC_Init) for MX_RTC_Init
    main.o(i.main) refers to tim.o(i.MX_TIM1_Init) for MX_TIM1_Init
    main.o(i.main) refers to tim.o(i.MX_TIM3_Init) for MX_TIM3_Init
    main.o(i.main) refers to tim.o(i.MX_TIM10_Init) for MX_TIM10_Init
    main.o(i.main) refers to usart.o(i.MX_USART1_UART_Init) for MX_USART1_UART_Init
    main.o(i.main) refers to usart.o(i.MX_USART6_UART_Init) for MX_USART6_UART_Init
    main.o(i.main) refers to i2c.o(i.MX_I2C1_Init) for MX_I2C1_Init
    main.o(i.main) refers to i2c.o(i.MX_I2C2_Init) for MX_I2C2_Init
    main.o(i.main) refers to adc.o(i.MX_ADC1_Init) for MX_ADC1_Init
[...]
    MX_GPIO_Init                             0x080093e1   Thumb Code   526  gpio.o(i.MX_GPIO_Init)
    MX_I2C1_Init                             0x08009609   Thumb Code    48  i2c.o(i.MX_I2C1_Init)
    MX_I2C2_Init                             0x08009645   Thumb Code    48  i2c.o(i.MX_I2C2_Init)
    MX_I2C3_Init                             0x08009681   Thumb Code    48  i2c.o(i.MX_I2C3_Init)
    MX_RTC_Init                              0x080096bd   Thumb Code    44  rtc.o(i.MX_RTC_Init)
    MX_SPI1_Init                             0x080096f1   Thumb Code    62  spi.o(i.MX_SPI1_Init)
    MX_TIM10_Init                            0x08009739   Thumb Code   100  tim.o(i.MX_TIM10_Init)
    MX_TIM1_Init                             0x080097a5   Thumb Code   258  tim.o(i.MX_TIM1_Init)
    MX_TIM3_Init                             0x080098b1   Thumb Code   154  tim.o(i.MX_TIM3_Init)
    MX_TIM4_Init                             0x08009955   Thumb Code   154  tim.o(i.MX_TIM4_Init)
    MX_TIM5_Init                             0x080099f9   Thumb Code   186  tim.o(i.MX_TIM5_Init)
    MX_TIM8_Init                             0x08009abd   Thumb Code   226  tim.o(i.MX_TIM8_Init)
    MX_USART1_UART_Init                      0x08009ba9   Thumb Code    46  usart.o(i.MX_USART1_UART_Init)
    MX_USART3_UART_Init                      0x08009be1   Thumb Code    48  usart.o(i.MX_USART3_UART_Init)
    MX_USART6_UART_Init                      0x08009c1d   Thumb Code    46  usart.o(i.MX_USART6_UART_Init)
    M_communication_c                        0x08009c55   Thumb Code   104  can_receive.o(i.M_communication_c)
    M_communication_c_556                    0x08009cc5   Thumb Code    50  can_receive.o(i.M_communication_c_556)
    M_communication_c_557                    0x08009cf9   Thumb Code    70  can_receive.o(i.M_communication_c_557)
    MemManage_Handler                        0x08009d45   Thumb Code     4  stm32f4xx_it.o(i.MemManage_Handler)
    MotorInit                                0x08009e35   Thumb Code    58  motor.o(i.MotorInit)
    MusicRcOfflineInit                       0x08009ecd   Thumb Code   382  music_rc_offline.o(i.MusicRcOfflineInit)
    MusicSeeYouAgainInit                     0x0800a05d   Thumb Code 19146  music_see_you_again.o(i.MusicSeeYouAgainInit)
    MusicStartInit                           0x0800eb31   Thumb Code   744  music_start.o(i.MusicStartInit)
    NMI_Handler                              0x0800ee29   Thumb Code     4  stm32f4xx_it.o(i.NMI_Handler)
    PID_calc                                 0x0800ee2d   Thumb Code   492  pid.o(i.PID_calc)
    PID_init                                 0x0800f01d   Thumb Code    92  pid.o(i.PID_init)
    RC_Init                                  0x0800f07d   Thumb Code   142  bsp_rc.o(i.RC_Init)
    RTC_EnterInitMode                        0x0800f119   Thumb Code    74  stm32f4xx_hal_rtc.o(i.RTC_EnterInitMode)
    RTC_ExitInitMode                         0x0800f163   Thumb Code    46  stm32f4xx_hal_rtc.o(i.RTC_ExitInitMode)
    SMC_Init                                 0x0800f191   Thumb Code   102  slidingmodec.o(i.SMC_Init)
    SPI1_DMA_enable                          0x0800f201   Thumb Code 10024  bsp_spi.o(i.SPI1_DMA_enable)
    SPI1_DMA_init                            0x0801193d   Thumb Code   360  bsp_spi.o(i.SPI1_DMA_init)
    ShootConsole                             0x08011c1d   Thumb Code    96  shoot_fric_trigger.o(i.ShootConsole)
    ShootHandleException                     0x08011c81   Thumb Code     2  shoot_task.o(i.ShootHandleException)
    ShootInit                                0x08011c85   Thumb Code   210  shoot_fric_trigger.o(i.ShootInit)
    ShootObserver                            0x08011d75   Thumb Code    54  shoot_fric_trigger.o(i.ShootObserver)
    ShootPublish                             0x08011db1   Thumb Code     2  shoot_task.o(i.ShootPublish)
    ShootReference                           0x08011db5   Thumb Code   264  shoot_fric_trigger.o(i.ShootReference)
    ShootSendCmd                             0x08011ee5   Thumb Code    88  shoot_fric_trigger.o(i.ShootSendCmd)
    ShootSetMode                             0x08011f41   Thumb Code    80  shoot_fric_trigger.o(i.ShootSetMode)
    SysTick_Handler                          0x08011fad   Thumb Code    46  port.o(i.SysTick_Handler)
    SystemClock_Config                       0x08011fe1   Thumb Code   170  main.o(i.SystemClock_Config)
    SystemInit                               0x08012095   Thumb Code    14  system_stm32f4xx.o(i.SystemInit)
    TIM2_IRQHandler                          0x080120a9   Thumb Code    10  stm32f4xx_it.o(i.TIM2_IRQHandler)
    TIM8_BRK_TIM12_IRQHandler                0x080120b9   Thumb Code    10  stm32f4xx_it.o(i.TIM8_BRK_TIM12_IRQHandler)
    TIM_Base_SetConfig                       0x080120c9   Thumb Code   178  stm32f4xx_hal_tim.o(i.TIM_Base_SetConfig)
    TIM_ETR_SetConfig                        0x080121a9   Thumb Code    22  stm32f4xx_hal_tim.o(i.TIM_ETR_SetConfig)
    TIM_OC2_SetConfig                        0x08012241   Thumb Code   114  stm32f4xx_hal_tim.o(i.TIM_OC2_SetConfig)
    UART_Start_Receive_DMA                   0x080128ed   Thumb Code   202  stm32f4xx_hal_uart.o(i.UART_Start_Receive_DMA)
    USART3_IRQHandler                        0x08012ab1   Thumb Code   316  remote_control.o(i.USART3_IRQHandler)
    USART6_IRQHandler                        0x08012c11   Thumb Code    52  autogimbal.o(i.USART6_IRQHandler)
    UsageFault_Handler                       0x08012cc9   Thumb Code     4  stm32f4xx_it.o(i.UsageFault_Handler)
    Usart6Receive_IDLE                       0x08012ccd   Thumb Code   156  autogimbal.o(i.Usart6Receive_IDLE)
    __ARM_fpclassifyf                        0x08012d7d   Thumb Code    38  fpclassifyf.o(i.__ARM_fpclassifyf)
    __hardfp_asinf                           0x08012ddd   Thumb Code   258  asinf.o(i.__hardfp_asinf)
    __hardfp_atan2f                          0x08012f09   Thumb Code   594  atan2f.o(i.__hardfp_atan2f)
    __mathlib_flt_infnan                     0x080131b5   Thumb Code     6  funder.o(i.__mathlib_flt_infnan)
    __mathlib_flt_infnan2                    0x080131bb   Thumb Code     6  funder.o(i.__mathlib_flt_infnan2)
    __mathlib_flt_invalid                    0x080131c1   Thumb Code    10  funder.o(i.__mathlib_flt_invalid)
    __mathlib_flt_underflow                  0x080131d1   Thumb Code    10  funder.o(i.__mathlib_flt_underflow)
    __scatterload_copy                       0x080131e1   Thumb Code    14  handlers.o(i.__scatterload_copy)
    __scatterload_null                       0x080131ef   Thumb Code     2  handlers.o(i.__scatterload_null)
    __scatterload_zeroinit                   0x080131f1   Thumb Code    14  handlers.o(i.__scatterload_zeroinit)
    __set_errno                              0x08013201   Thumb Code     6  errno.o(i.__set_errno)
    angle_difference                         0x0801320d   Thumb Code    28  user_lib.o(i.angle_difference)
    bmi088_accel_init                        0x08013229   Thumb Code   302  bmi088driver.o(i.bmi088_accel_init)
    bmi088_accel_self_test                   0x0801335d   Thumb Code   760  bmi088driver.o(i.bmi088_accel_self_test)
    bmi088_gyro_init                         0x08013659   Thumb Code   238  bmi088driver.o(i.bmi088_gyro_init)
    bmi088_gyro_self_test                    0x0801374d   Thumb Code   208  bmi088driver.o(i.bmi088_gyro_self_test)
    can_filter_init                          0x080138f5   Thumb Code    90  bsp_can.o(i.can_filter_init)
    delay_init                               0x08013959   Thumb Code    32  bsp_delay.o(i.delay_init)
    delay_us                                 0x08013989   Thumb Code    76  bsp_delay.o(i.delay_us)
    fifo_s_init                              0x080139d9   Thumb Code    22  fifo.o(i.fifo_s_init)
    float_constrain                          0x080139ef   Thumb Code    42  user_lib.o(i.float_constrain)
    float_to_uint                            0x08013a19   Thumb Code    50  user_lib.o(i.float_to_uint)
    fp32_constrain                           0x08013a4b   Thumb Code    42  user_lib.o(i.fp32_constrain)
    gEstimateKF_Init                         0x08013a75   Thumb Code   134  imu_solve.o(i.gEstimateKF_Init)
    gEstimateKF_Update                       0x08013b15   Thumb Code   240  imu_solve.o(i.gEstimateKF_Update)
    get_remote_control_point                 0x08013c19   Thumb Code     4  remote_control.o(i.get_remote_control_point)
    gimbal_task                              0x08013c21   Thumb Code    50  gimbal_task.o(i.gimbal_task)
    imu_pwm_set                              0x08013dfd   Thumb Code     8  bsp_imu_pwm.o(i.imu_pwm_set)
    ist8310_GPIO_init                        0x08013fdd   Thumb Code     2  ist8310driver_middleware.o(i.ist8310_GPIO_init)
    ist8310_IIC_read_single_reg              0x08013fe1   Thumb Code    36  ist8310driver_middleware.o(i.ist8310_IIC_read_single_reg)
    ist8310_IIC_write_single_reg             0x08014009   Thumb Code    34  ist8310driver_middleware.o(i.ist8310_IIC_write_single_reg)
    ist8310_RST_H                            0x08014031   Thumb Code    14  ist8310driver_middleware.o(i.ist8310_RST_H)
    ist8310_RST_L                            0x08014045   Thumb Code    14  ist8310driver_middleware.o(i.ist8310_RST_L)
    ist8310_com_init                         0x08014059   Thumb Code     2  ist8310driver_middleware.o(i.ist8310_com_init)
    ist8310_delay_ms                         0x0801405b   Thumb Code    12  ist8310driver_middleware.o(i.ist8310_delay_ms)
    ist8310_init                             0x08014069   Thumb Code   142  ist8310driver.o(i.ist8310_init)
    main                                     0x080140fd   Thumb Code   116  main.o(i.main)
    malloc                                   0x08014181   Thumb Code    92  malloc.o(i.malloc)
    music_task                               0x080141ed   Thumb Code    24  music_task.o(i.music_task)
    normalize_angle                          0x08014209   Thumb Code    58  user_lib.o(i.normalize_angle)
    osDelay                                  0x08014251   Thumb Code    24  cmsis_os.o(i.osDelay)
    osKernelStart                            0x08014269   Thumb Code    10  cmsis_os.o(i.osKernelStart)
    osThreadCreate                           0x08014273   Thumb Code    94  cmsis_os.o(i.osThreadCreate)
    pcTaskGetName                            0x080142d1   Thumb Code    44  tasks.o(i.pcTaskGetName)
    pvPortMalloc                             0x08014e11   Thumb Code   306  heap_4.o(i.pvPortMalloc)
    pxPortInitialiseStack                    0x08014f5d   Thumb Code    38  port.o(i.pxPortInitialiseStack)
    remote_control_init                      0x08014f89   Thumb Code    16  remote_control.o(i.remote_control_init)
    remote_rec_task                          0x08014f9d   Thumb Code    10  remote_rec_task.o(i.remote_rec_task)
    sat_function                             0x08014fa9   Thumb Code    42  slidingmodec.o(i.sat_function)
    send_nuc                                 0x080150c5   Thumb Code   168  gimbal_task.o(i.send_nuc)
    shoot_task                               0x08015181   Thumb Code    58  shoot_task.o(i.shoot_task)
    sqrtf                                    0x080151c1   Thumb Code    62  sqrtf_full.o(i.sqrtf)
    test_task                                0x080151ff   Thumb Code    14  freertos.o(i.test_task)
    uint_to_float                            0x0801520d   Thumb Code    52  user_lib.o(i.uint_to_float)
    ulTaskNotifyTake                         0x08015241   Thumb Code   108  tasks.o(i.ulTaskNotifyTake)
    uxListRemove                             0x080152b5   Thumb Code    40  list.o(i.uxListRemove)
    uxTaskGetStackHighWaterMark              0x080152dd   Thumb Code    34  tasks.o(i.uxTaskGetStackHighWaterMark)
    vApplicationGetIdleTaskMemory            0x08015305   Thumb Code    14  freertos.o(i.vApplicationGetIdleTaskMemory)
    vApplicationGetTimerTaskMemory           0x0801531d   Thumb Code    16  freertos.o(i.vApplicationGetTimerTaskMemory)
    vListInitialise                          0x08015335   Thumb Code    26  list.o(i.vListInitialise)
    vListInitialiseItem                      0x0801534f   Thumb Code     6  list.o(i.vListInitialiseItem)
    vListInsert                              0x08015355   Thumb Code    52  list.o(i.vListInsert)
    vListInsertEnd                           0x08015389   Thumb Code    24  list.o(i.vListInsertEnd)
    vPortEnterCritical                       0x080153a1   Thumb Code    76  port.o(i.vPortEnterCritical)
    vPortExitCritical                        0x080153f5   Thumb Code    56  port.o(i.vPortExitCritical)
    vPortFree                                0x08015431   Thumb Code   150  heap_4.o(i.vPortFree)
    vPortSetupTimerInterrupt                 0x080154d5   Thumb Code    36  port.o(i.vPortSetupTimerInterrupt)
    vPortValidateInterruptPriority           0x080154fd   Thumb Code   106  port.o(i.vPortValidateInterruptPriority)
    vQueueAddToRegistry                      0x08015575   Thumb Code    38  queue.o(i.vQueueAddToRegistry)
    vQueueWaitForMessageRestricted           0x080155a1   Thumb Code    74  queue.o(i.vQueueWaitForMessageRestricted)
    vTaskDelay                               0x080155ed   Thumb Code    82  tasks.o(i.vTaskDelay)
    vTaskInternalSetTimeOutState             0x08015649   Thumb Code    14  tasks.o(i.vTaskInternalSetTimeOutState)
    vTaskMissedYield                         0x08015661   Thumb Code     8  tasks.o(i.vTaskMissedYield)
    vTaskNotifyGiveFromISR                   0x0801566d   Thumb Code   214  tasks.o(i.vTaskNotifyGiveFromISR)
    vTaskPlaceOnEventList                    0x0801575d   Thumb Code    52  tasks.o(i.vTaskPlaceOnEventList)
    vTaskPlaceOnEventListRestricted          0x08015795   Thumb Code    60  tasks.o(i.vTaskPlaceOnEventListRestricted)
    vTaskStartScheduler                      0x080157d5   Thumb Code   156  tasks.o(i.vTaskStartScheduler)
    vTaskSuspendAll                          0x0801588d   Thumb Code    12  tasks.o(i.vTaskSuspendAll)
    vTaskSwitchContext                       0x0801589d   Thumb Code   118  tasks.o(i.vTaskSwitchContext)
    vofa_watch                               0x08015929   Thumb Code     2  freertos.o(i.vofa_watch)
    xPortStartScheduler                      0x0801592d   Thumb Code   330  port.o(i.xPortStartScheduler)
    xQueueGenericCreateStatic                0x08015a95   Thumb Code   224  queue.o(i.xQueueGenericCreateStatic)
    xQueueGenericReset                       0x08015b75   Thumb Code   146  queue.o(i.xQueueGenericReset)
    xQueueGenericSend                        0x08015c0d   Thumb Code   420  queue.o(i.xQueueGenericSend)
    xQueueGenericSendFromISR                 0x08015db5   Thumb Code   252  queue.o(i.xQueueGenericSendFromISR)
    xQueueReceive                            0x08015eb1   Thumb Code   356  queue.o(i.xQueueReceive)
    xTaskCheckForTimeOut                     0x08016019   Thumb Code   156  tasks.o(i.xTaskCheckForTimeOut)
    xTaskCreate                              0x080160c1   Thumb Code   100  tasks.o(i.xTaskCreate)
    xTaskCreateStatic                        0x08016125   Thumb Code   186  tasks.o(i.xTaskCreateStatic)
    xTaskGetHandle                           0x080161e1   Thumb Code   142  tasks.o(i.xTaskGetHandle)
    xTaskGetSchedulerState                   0x08016285   Thumb Code    24  tasks.o(i.xTaskGetSchedulerState)
    xTaskGetTickCount                        0x080162a5   Thumb Code     6  tasks.o(i.xTaskGetTickCount)
    xTaskIncrementTick                       0x080162b1   Thumb Code   282  tasks.o(i.xTaskIncrementTick)
    xTaskPriorityDisinherit                  0x080163f9   Thumb Code   188  tasks.o(i.xTaskPriorityDisinherit)
    xTaskRemoveFromEventList                 0x080164c1   Thumb Code   128  tasks.o(i.xTaskRemoveFromEventList)
    xTaskResumeAll                           0x08016559   Thumb Code   224  tasks.o(i.xTaskResumeAll)
    xTimerCreateTimerTask                    0x0801665d   Thumb Code   100  timers.o(i.xTimerCreateTimerTask)
    xTimerGenericCommand                     0x080166d5   Thumb Code   128  timers.o(i.xTimerGenericCommand)
    AHBPrescTable                            0x08016808   Data          16  system_stm32f4xx.o(.constdata)
    APBPrescTable                            0x08016818   Data           8  system_stm32f4xx.o(.constdata)
    gEstimateKF_H                            0x08016888   Data          36  imu_solve.o(.constdata)
    Region$$Table$$Base                      0x08016920   Number         0  anon$$obj.o(Region$$Table)
    Region$$Table$$Limit                     0x08016940   Number         0  anon$$obj.o(Region$$Table)
    usart_dma_tx_over                        0x20000000   Data           1  freertos.o(.data)
    testHandle                               0x20000004   Data           4  freertos.o(.data)
    imuTaskHandle                            0x20000008   Data           4  freertos.o(.data)
    gimbalTaskHandle                         0x2000000c   Data           4  freertos.o(.data)
    Remote_rec_taskHandle                    0x20000010   Data           4  freertos.o(.data)
    musicTaskHandle                          0x20000014   Data           4  freertos.o(.data)
    shootTaskHandle                          0x20000018   Data           4  freertos.o(.data)
    uwTick                                   0x20000020   Data           4  stm32f4xx_hal.o(.data)
    uwTickPrio                               0x20000024   Data           4  stm32f4xx_hal.o(.data)
    uwTickFreq                               0x20000028   Data           1  stm32f4xx_hal.o(.data)
    SystemCoreClock                          0x2000002c   Data           4  system_stm32f4xx.o(.data)
    pxCurrentTCB                             0x20000030   Data           4  tasks.o(.data)
    sizeof_float                             0x200000b4   Data           2  kalman_filter.o(.data)
    sizeof_double                            0x200000b6   Data           2  kalman_filter.o(.data)
    BMI088_ACCEL_SEN                         0x200000b8   Data           4  bmi088driver.o(.data)
    BMI088_GYRO_SEN                          0x200000bc   Data           4  bmi088driver.o(.data)
    MOTORS_USED_NUM                          0x200000e4   Data           4  motor.o(.data)
    Mouse_yaw_Filter                         0x200000e8   Data           8  gimbal_behaviour.o(.data)
    Mouse_pitch_Filter                       0x200000f0   Data           8  gimbal_behaviour.o(.data)
    yaw_speed_filter                         0x200000f8   Data           8  gimbal_behaviour.o(.data)
    pitch_speed_filter                       0x20000100   Data           8  gimbal_behaviour.o(.data)
    is_small_spin_mode                       0x20000108   Data           1  gimbal_behaviour.o(.data)
    motor_offfline                           0x20000109   Data           1  gimbal_behaviour.o(.data)
    CAN_CTRL_DATA                            0x2000010c   Data          36  can_receive.o(.data)
    IMU_QuaternionEKF_F                      0x20000140   Data         144  imu_solve.o(.data)
    IMU_QuaternionEKF_P                      0x200001d0   Data         144  imu_solve.o(.data)
    IMU_QuaternionEKF_Q                      0x20000260   Data         144  imu_solve.o(.data)
    IMU_QuaternionEKF_R                      0x200002f0   Data          36  imu_solve.o(.data)
    IMU_QuaternionEKF_K                      0x20000314   Data         144  imu_solve.o(.data)
    IMU_QuaternionEKF_H                      0x200003a4   Data         144  imu_solve.o(.data)
    gEstimateKF_F                            0x20000434   Data          36  imu_solve.o(.data)
    gEstimateKF_P                            0x20000458   Data          36  imu_solve.o(.data)
    gyro_dma_rx_buf                          0x20000518   Data           8  imu_task.o(.data)
    gyro_dma_tx_buf                          0x20000520   Data           8  imu_task.o(.data)
    accel_dma_tx_buf                         0x20000528   Data           9  imu_task.o(.data)
    accel_temp_dma_rx_buf                    0x20000531   Data           4  imu_task.o(.data)
    accel_temp_dma_tx_buf                    0x20000535   Data           4  imu_task.o(.data)
    gyro_update_flag                         0x20000539   Data           1  imu_task.o(.data)
    accel_update_flag                        0x2000053a   Data           1  imu_task.o(.data)
    accel_temp_update_flag                   0x2000053b   Data           1  imu_task.o(.data)
    mag_update_flag                          0x2000053c   Data           1  imu_task.o(.data)
    imu_start_dma_flag                       0x2000053d   Data           1  imu_task.o(.data)
    gyro_scale_factor                        0x20000540   Data          36  imu_task.o(.data)
    accel_scale_factor                       0x20000564   Data          36  imu_task.o(.data)
    mag_scale_factor                         0x20000588   Data          36  imu_task.o(.data)
    data_length                              0x200005dc   Data           1  autogimbal.o(.data)
    music_high_water                         0x200005e0   Data           4  music_task.o(.data)
    music_step                               0x200005e4   Data           1  music_task.o(.data)
    is_play                                  0x200005e5   Data           1  music_task.o(.data)
    TRIGGER_SPEED                            0x20000614   Data           4  shoot_fric_trigger.o(.data)
    fric_ui                                  0x20000618   Data           1  shoot_fric_trigger.o(.data)
    delta                                    0x2000061c   Data           4  shoot_fric_trigger.o(.data)
    fric_flag                                0x20000620   Data           1  shoot_fric_trigger.o(.data)
    shoot_high_water                         0x20000624   Data           4  shoot_task.o(.data)
    __microlib_freelist                      0x20000628   Data           4  mvars.o(.data)
    __microlib_freelist_initialised          0x2000062c   Data           4  mvars.o(.data)
    hadc1                                    0x20000f34   Data          72  adc.o(.bss)
    hadc3                                    0x20000f7c   Data          72  adc.o(.bss)
    hcan1                                    0x20000fc4   Data          40  can.o(.bss)
    hcan2                                    0x20000fec   Data          40  can.o(.bss)
    hi2c1                                    0x20001014   Data          84  i2c.o(.bss)
    hi2c2                                    0x20001068   Data          84  i2c.o(.bss)
    hi2c3                                    0x200010bc   Data          84  i2c.o(.bss)
    hdma_i2c2_tx                             0x20001110   Data          96  i2c.o(.bss)
    hrtc                                     0x20001170   Data          32  rtc.o(.bss)
    hspi1                                    0x20001190   Data          88  spi.o(.bss)
    hdma_spi1_rx                             0x200011e8   Data          96  spi.o(.bss)
    hdma_spi1_tx                             0x20001248   Data          96  spi.o(.bss)
    htim1                                    0x200012a8   Data          72  tim.o(.bss)
    htim3                                    0x200012f0   Data          72  tim.o(.bss)
    htim4                                    0x20001338   Data          72  tim.o(.bss)
    htim5                                    0x20001380   Data          72  tim.o(.bss)
    htim8                                    0x200013c8   Data          72  tim.o(.bss)
    htim10                                   0x20001410   Data          72  tim.o(.bss)
    huart1                                   0x20001458   Data          72  usart.o(.bss)
    huart3                                   0x200014a0   Data          72  usart.o(.bss)
    huart6                                   0x200014e8   Data          72  usart.o(.bss)
    hdma_usart1_tx                           0x20001530   Data          96  usart.o(.bss)
    hdma_usart1_rx                           0x20001590   Data          96  usart.o(.bss)
    hdma_usart3_rx                           0x200015f0   Data          96  usart.o(.bss)
    hdma_usart6_rx                           0x20001650   Data          96  usart.o(.bss)
    hdma_usart6_tx                           0x200016b0   Data          96  usart.o(.bss)
    htim2                                    0x20001710   Data          72  stm32f4xx_hal_timebase_tim.o(.bss)
    xQueueRegistry                           0x20001758   Data          64  queue.o(.bss)
    MOTORS                                   0x20007998   Data         120  motor.o(.bss)
    gimbal_direct                            0x20007a10   Data         548  gimbal_behaviour.o(.bss)
    gimbal_direct_pid                        0x20007c34   Data         288  gimbal_behaviour.o(.bss)
    DM_4310_pid                              0x20007d54   Data         288  gimbal_behaviour.o(.bss)
    yaw_smc                                  0x20007e74   Data          64  gimbal_behaviour.o(.bss)
    mtoc_mesasge                             0x200081f4   Data          36  can_receive.o(.bss)
    keyboard_data                            0x20008218   Data          34  remote_control.o(.bss)
    rc_ctrl                                  0x2000823a   Data          23  remote_control.o(.bss)
    INS                                      0x2000829c   Data         380  imu_solve.o(.bss)
    gEstimateKF                              0x20008418   Data         308  imu_solve.o(.bss)
    gVec                                     0x2000854c   Data          12  imu_solve.o(.bss)
    gEstimateKF_K                            0x20008558   Data          36  imu_solve.o(.bss)
    accel_dma_rx_buf                         0x2000857c   Data           9  imu_task.o(.bss)
    bmi088_real_data                         0x20008588   Data          36  imu_task.o(.bss)
    gyro_offset                              0x200085ac   Data          12  imu_task.o(.bss)
    gyro_cali_offset                         0x200085b8   Data          12  imu_task.o(.bss)
    accel_offset                             0x200085c4   Data          12  imu_task.o(.bss)
    accel_cali_offset                        0x200085d0   Data          12  imu_task.o(.bss)
    ist8310_real_data                        0x200085dc   Data          16  imu_task.o(.bss)
    mag_offset                               0x200085ec   Data          12  imu_task.o(.bss)
    mag_cali_offset                          0x200085f8   Data          12  imu_task.o(.bss)
    imu_temp_pid                             0x20008604   Data          72  imu_task.o(.bss)
    INS_gyro                                 0x2000864c   Data          12  imu_task.o(.bss)
    INS_accel                                0x20008658   Data          12  imu_task.o(.bss)
    INS_mag                                  0x20008664   Data          12  imu_task.o(.bss)
    INS_quat                                 0x20008670   Data          16  imu_task.o(.bss)
    INS_angle                                0x20008680   Data          12  imu_task.o(.bss)
    INS_angle_last                           0x2000868c   Data          12  imu_task.o(.bss)
    IMU_DATA                                 0x20008698   Data          36  imu_task.o(.bss)
    visionDataStu                            0x200086bc   Data         164  autogimbal.o(.bss)
    sbus_rx_buffer                           0x20008760   Data         128  autogimbal.o(.bss)
    play_list_fifo                           0x200087e0   Data          24  music_task.o(.bss)
    play_list_fifo_buf                       0x200087f8   Data          10  music_task.o(.bss)
    SHOOT                                    0x200097a4   Data         572  shoot_fric_trigger.o(.bss)
    __heap_base                              0x200099e0   Data           0  startup_stm32f407xx.o(HEAP)
    __heap_limit                             0x2000b9e0   Data           0  startup_stm32f407xx.o(HEAP)
    __initial_sp                             0x2000d9e0   Data           0  startup_stm32f407xx.o(STACK)



==============================================================================

Memory Map of the image

  Image Entry point : 0x08000189

  Load Region LR_IROM1 (Base: 0x08000000, Size: 0x00016f74, Max: 0x00100000, ABSOLUTE, COMPRESSED[0x00016a0c])

    Execution Region ER_IROM1 (Exec base: 0x08000000, Load base: 0x08000000, Size: 0x00016940, Max: 0x00100000, ABSOLUTE)

    Exec Addr    Load Addr    Size         Type   Attr      Idx    E Section Name        Object

    0x08000000   0x08000000   0x00000188   Data   RO            3    RESET               startup_stm32f407xx.o
    0x08000188   0x08000188   0x00000000   Code   RO        10435  * .ARM.Collect$$$$00000000  mc_w.l(entry.o)
    0x08000188   0x08000188   0x00000004   Code   RO        10576    .ARM.Collect$$$$00000001  mc_w.l(entry2.o)
    0x0800018c   0x0800018c   0x00000004   Code   RO        10579    .ARM.Collect$$$$00000004  mc_w.l(entry5.o)
    0x08000190   0x08000190   0x00000000   Code   RO        10581    .ARM.Collect$$$$00000008  mc_w.l(entry7b.o)
    0x08000190   0x08000190   0x00000000   Code   RO        10583    .ARM.Collect$$$$0000000A  mc_w.l(entry8b.o)
    0x08000190   0x08000190   0x00000008   Code   RO        10584    .ARM.Collect$$$$0000000B  mc_w.l(entry9a.o)
    0x08000198   0x08000198   0x00000004   Code   RO        10591    .ARM.Collect$$$$0000000E  mc_w.l(entry12b.o)
    0x0800019c   0x0800019c   0x00000000   Code   RO        10586    .ARM.Collect$$$$0000000F  mc_w.l(entry10a.o)
    0x0800019c   0x0800019c   0x00000000   Code   RO        10588    .ARM.Collect$$$$00000011  mc_w.l(entry11a.o)
    0x0800019c   0x0800019c   0x00000004   Code   RO        10577    .ARM.Collect$$$$00002712  mc_w.l(entry2.o)
    0x080001a0   0x080001a0   0x000000be   Code   RO         7129    .emb_text           port.o
    0x0800025e   0x0800025e   0x00000002   PAD
    0x08000260   0x08000260   0x00000024   Code   RO            4    .text               startup_stm32f407xx.o
    0x08000284   0x08000284   0x00000108   Code   RO        10215    .text               arm_cortexM4lf_math.lib(arm_mat_add_f32.o)
    0x0800038c   0x0800038c   0x00000008   Code   RO        10264    .text               arm_cortexM4lf_math.lib(arm_mat_init_f32.o)
    0x08000394   0x08000394   0x00000530   Code   RO        10288    .text               arm_cortexM4lf_math.lib(arm_mat_inverse_f32.o)
    0x080008c4   0x080008c4   0x0000013c   Code   RO        10312    .text               arm_cortexM4lf_math.lib(arm_mat_mult_f32.o)
    0x08000a00   0x08000a00   0x00000108   Code   RO        10336    .text               arm_cortexM4lf_math.lib(arm_mat_sub_f32.o)
    0x08000b08   0x08000b08   0x00000114   Code   RO        10360    .text               arm_cortexM4lf_math.lib(arm_mat_trans_f32.o)
    0x08000c1c   0x08000c1c   0x00000062   Code   RO        10438    .text               mc_w.l(uldiv.o)
    0x08000c7e   0x08000c7e   0x00000024   Code   RO        10440    .text               mc_w.l(memcpya.o)
    0x08000ca2   0x08000ca2   0x00000024   Code   RO        10444    .text               mc_w.l(memseta.o)
    0x08000cc6   0x08000cc6   0x0000000e   Code   RO        10446    .text               mc_w.l(strlen.o)
    0x08000cd4   0x08000cd4   0x0000014e   Code   RO        10506    .text               mf_w.l(dadd.o)
    0x08000e22   0x08000e22   0x000000e4   Code   RO        10508    .text               mf_w.l(dmul.o)
    0x08000f06   0x08000f06   0x00000022   Code   RO        10512    .text               mf_w.l(dflti.o)
    0x08000f28   0x08000f28   0x00000026   Code   RO        10516    .text               mf_w.l(f2d.o)
    0x08000f4e   0x08000f4e   0x00000038   Code   RO        10518    .text               mf_w.l(d2f.o)
    0x08000f86   0x08000f86   0x0000001e   Code   RO        10595    .text               mc_w.l(llshl.o)
    0x08000fa4   0x08000fa4   0x00000020   Code   RO        10597    .text               mc_w.l(llushr.o)
    0x08000fc4   0x08000fc4   0x00000024   Code   RO        10599    .text               mc_w.l(llsshr.o)
    0x08000fe8   0x08000fe8   0x00000000   Code   RO        10610    .text               mc_w.l(iusefp.o)
    0x08000fe8   0x08000fe8   0x0000006e   Code   RO        10611    .text               mf_w.l(fepilogue.o)
    0x08001056   0x08001056   0x000000ba   Code   RO        10613    .text               mf_w.l(depilogue.o)
    0x08001110   0x08001110   0x00000024   Code   RO        10633    .text               mc_w.l(init.o)
    0x08001134   0x08001134   0x00000056   Code   RO        10645    .text               mc_w.l(__dczerorl2.o)
    0x0800118a   0x0800118a   0x00000002   PAD
    0x0800118c   0x0800118c   0x00000160   Code   RO         2297    i.ADC_Init          stm32f4xx_hal_adc.o
    0x080012ec   0x080012ec   0x0000003c   Code   RO         9571    i.AUTO_control_init  autogimbal.o
    0x08001328   0x08001328   0x00000020   Code   RO         9572    i.AutoGimbal_Heartbeat_Check  autogimbal.o
    0x08001348   0x08001348   0x00000014   Code   RO         8427    i.BMI088_ACCEL_NS_H  bmi088middleware.o
    0x0800135c   0x0800135c   0x00000014   Code   RO         8428    i.BMI088_ACCEL_NS_L  bmi088middleware.o
    0x08001370   0x08001370   0x00000002   Code   RO         8429    i.BMI088_GPIO_init  bmi088middleware.o
    0x08001372   0x08001372   0x00000002   PAD
    0x08001374   0x08001374   0x00000014   Code   RO         8430    i.BMI088_GYRO_NS_H  bmi088middleware.o
    0x08001388   0x08001388   0x00000014   Code   RO         8431    i.BMI088_GYRO_NS_L  bmi088middleware.o
    0x0800139c   0x0800139c   0x00000090   Code   RO         8291    i.BMI088_accel_read_over  bmi088driver.o
    0x0800142c   0x0800142c   0x00000002   Code   RO         8432    i.BMI088_com_init   bmi088middleware.o
    0x0800142e   0x0800142e   0x0000000c   Code   RO         8433    i.BMI088_delay_ms   bmi088middleware.o
    0x0800143a   0x0800143a   0x0000000c   Code   RO         8434    i.BMI088_delay_us   bmi088middleware.o
    0x08001446   0x08001446   0x00000002   PAD
    0x08001448   0x08001448   0x00000068   Code   RO         8292    i.BMI088_gyro_read_over  bmi088driver.o
    0x080014b0   0x080014b0   0x00000034   Code   RO         8293    i.BMI088_init       bmi088driver.o
    0x080014e4   0x080014e4   0x0000017c   Code   RO         8294    i.BMI088_read       bmi088driver.o
    0x08001660   0x08001660   0x00000026   Code   RO         8297    i.BMI088_read_muli_reg  bmi088driver.o
    0x08001686   0x08001686   0x00000018   Code   RO         8298    i.BMI088_read_single_reg  bmi088driver.o
    0x0800169e   0x0800169e   0x00000002   PAD
    0x080016a0   0x080016a0   0x00000020   Code   RO         8435    i.BMI088_read_write_byte  bmi088middleware.o
    0x080016c0   0x080016c0   0x00000034   Code   RO         8299    i.BMI088_temperature_read_over  bmi088driver.o
    0x080016f4   0x080016f4   0x00000014   Code   RO         8300    i.BMI088_write_single_reg  bmi088driver.o
    0x08001708   0x08001708   0x00000004   Code   RO         1117    i.BusFault_Handler  stm32f4xx_it.o
    0x0800170c   0x0800170c   0x00000010   Code   RO         1118    i.CAN1_RX1_IRQHandler  stm32f4xx_it.o
    0x0800171c   0x0800171c   0x00000010   Code   RO         1119    i.CAN2_RX0_IRQHandler  stm32f4xx_it.o
    0x0800172c   0x0800172c   0x00000036   Code   RO         8947    i.CAN_SendTxMessage  can_receive.o
    0x08001762   0x08001762   0x00000002   PAD
    0x08001764   0x08001764   0x00000078   Code   RO         8948    i.CToM_sendControl  can_receive.o
    0x080017dc   0x080017dc   0x0000006c   Code   RO         8850    i.C_communication_M  gimbal_behaviour.o
    0x08001848   0x08001848   0x00000074   Code   RO         8949    i.CanCmdDjiMotor    can_receive.o
    0x080018bc   0x080018bc   0x0000007c   Code   RO         7394    i.DMA1_Stream7_IRQHandler  bsp_i2c.o
    0x08001938   0x08001938   0x00000010   Code   RO         1120    i.DMA2_Stream1_IRQHandler  stm32f4xx_it.o
    0x08001948   0x08001948   0x00000898   Code   RO         9387    i.DMA2_Stream2_IRQHandler  imu_task.o
    0x080021e0   0x080021e0   0x00000010   Code   RO         1121    i.DMA2_Stream5_IRQHandler  stm32f4xx_it.o
    0x080021f0   0x080021f0   0x00000010   Code   RO         1122    i.DMA2_Stream6_IRQHandler  stm32f4xx_it.o
    0x08002200   0x08002200   0x00000010   Code   RO         1123    i.DMA2_Stream7_IRQHandler  stm32f4xx_it.o
    0x08002210   0x08002210   0x00000034   Code   RO         3073    i.DMA_CalcBaseAndBitshift  stm32f4xx_hal_dma.o
    0x08002244   0x08002244   0x000000aa   Code   RO         3074    i.DMA_CheckFifoParam  stm32f4xx_hal_dma.o
    0x080022ee   0x080022ee   0x0000002c   Code   RO         3075    i.DMA_SetConfig     stm32f4xx_hal_dma.o
    0x0800231a   0x0800231a   0x00000002   Code   RO         1124    i.DebugMon_Handler  stm32f4xx_it.o
    0x0800231c   0x0800231c   0x0000010c   Code   RO         8950    i.DecodeStdIdData   can_receive.o
    0x08002428   0x08002428   0x0000003a   Code   RO         8951    i.DjiFdbData        can_receive.o
    0x08002462   0x08002462   0x0000001e   Code   RO         8952    i.DmEnable          can_receive.o
    0x08002480   0x08002480   0x000000a0   Code   RO         8953    i.DmFdbData         can_receive.o
    0x08002520   0x08002520   0x0000004c   Code   RO         8954    i.DmMitCtrl         can_receive.o
    0x0800256c   0x0800256c   0x0000000a   Code   RO         1125    i.EXTI0_IRQHandler  stm32f4xx_it.o
    0x08002576   0x08002576   0x0000000a   Code   RO         1126    i.EXTI3_IRQHandler  stm32f4xx_it.o
    0x08002580   0x08002580   0x0000000a   Code   RO         1127    i.EXTI4_IRQHandler  stm32f4xx_it.o
    0x0800258a   0x0800258a   0x0000000a   Code   RO         1128    i.EXTI9_5_IRQHandler  stm32f4xx_it.o
    0x08002594   0x08002594   0x0000003c   Code   RO         8955    i.EnableMotorMode   can_receive.o
    0x080025d0   0x080025d0   0x00000006   Code   RO           13    i.Error_Handler     main.o
    0x080025d6   0x080025d6   0x00000002   PAD
    0x080025d8   0x080025d8   0x00000090   Code   RO         8956    i.GetDjiFdbData     can_receive.o
    0x08002668   0x08002668   0x0000002c   Code   RO         8957    i.GetDjiMotorMeasurePoint  can_receive.o
    0x08002694   0x08002694   0x00000046   Code   RO         8958    i.GetDmFdbData      can_receive.o
    0x080026da   0x080026da   0x00000002   PAD
    0x080026dc   0x080026dc   0x0000002c   Code   RO         8959    i.GetHcanPoint      can_receive.o
    0x08002708   0x08002708   0x00000010   Code   RO         9495    i.GetImuAngle       imu_task.o
    0x08002718   0x08002718   0x00000010   Code   RO         9501    i.GetImuVelocity    imu_task.o
    0x08002728   0x08002728   0x00000088   Code   RO         8960    i.GetMotorMeasure   can_receive.o
    0x080027b0   0x080027b0   0x00000680   Code   RO         8851    i.GimbalConsole     gimbal_behaviour.o
    0x08002e30   0x08002e30   0x000001a0   Code   RO         8852    i.GimbalInit        gimbal_behaviour.o
    0x08002fd0   0x08002fd0   0x000000d4   Code   RO         8853    i.GimbalObserver    gimbal_behaviour.o
    0x080030a4   0x080030a4   0x0000005c   Code   RO         8854    i.GimbalReference   gimbal_behaviour.o
    0x08003100   0x08003100   0x00000034   Code   RO         8855    i.GimbalSendCmd     gimbal_behaviour.o
    0x08003134   0x08003134   0x00000002   Code   RO         8856    i.GimbalSetMode     gimbal_behaviour.o
    0x08003136   0x08003136   0x00000002   PAD
    0x08003138   0x08003138   0x0000018c   Code   RO         2299    i.HAL_ADC_ConfigChannel  stm32f4xx_hal_adc.o
    0x080032c4   0x080032c4   0x00000068   Code   RO         2308    i.HAL_ADC_Init      stm32f4xx_hal_adc.o
    0x0800332c   0x0800332c   0x000000ac   Code   RO          720    i.HAL_ADC_MspInit   adc.o
    0x080033d8   0x080033d8   0x0000002a   Code   RO         3770    i.HAL_CAN_ActivateNotification  stm32f4xx_hal_can.o
    0x08003402   0x08003402   0x0000014a   Code   RO         3771    i.HAL_CAN_AddTxMessage  stm32f4xx_hal_can.o
    0x0800354c   0x0800354c   0x00000120   Code   RO         3772    i.HAL_CAN_ConfigFilter  stm32f4xx_hal_can.o
    0x0800366c   0x0800366c   0x00000002   Code   RO         3775    i.HAL_CAN_ErrorCallback  stm32f4xx_hal_can.o
    0x0800366e   0x0800366e   0x00000194   Code   RO         3778    i.HAL_CAN_GetRxMessage  stm32f4xx_hal_can.o
    0x08003802   0x08003802   0x00000036   Code   RO         3780    i.HAL_CAN_GetTxMailboxesFreeLevel  stm32f4xx_hal_can.o
    0x08003838   0x08003838   0x0000024e   Code   RO         3782    i.HAL_CAN_IRQHandler  stm32f4xx_hal_can.o
    0x08003a86   0x08003a86   0x00000174   Code   RO         3783    i.HAL_CAN_Init      stm32f4xx_hal_can.o
    0x08003bfa   0x08003bfa   0x00000002   PAD
    0x08003bfc   0x08003bfc   0x00000160   Code   RO          772    i.HAL_CAN_MspInit   can.o
    0x08003d5c   0x08003d5c   0x00000002   Code   RO         3790    i.HAL_CAN_RxFifo0FullCallback  stm32f4xx_hal_can.o
    0x08003d5e   0x08003d5e   0x00000002   PAD
    0x08003d60   0x08003d60   0x00000038   Code   RO         8961    i.HAL_CAN_RxFifo0MsgPendingCallback  can_receive.o
    0x08003d98   0x08003d98   0x00000002   Code   RO         3792    i.HAL_CAN_RxFifo1FullCallback  stm32f4xx_hal_can.o
    0x08003d9a   0x08003d9a   0x00000002   PAD
    0x08003d9c   0x08003d9c   0x00000070   Code   RO         8962    i.HAL_CAN_RxFifo1MsgPendingCallback  can_receive.o
    0x08003e0c   0x08003e0c   0x00000002   Code   RO         3794    i.HAL_CAN_SleepCallback  stm32f4xx_hal_can.o
    0x08003e0e   0x08003e0e   0x0000005e   Code   RO         3795    i.HAL_CAN_Start     stm32f4xx_hal_can.o
    0x08003e6c   0x08003e6c   0x00000002   Code   RO         3797    i.HAL_CAN_TxMailbox0AbortCallback  stm32f4xx_hal_can.o
    0x08003e6e   0x08003e6e   0x00000002   Code   RO         3798    i.HAL_CAN_TxMailbox0CompleteCallback  stm32f4xx_hal_can.o
    0x08003e70   0x08003e70   0x00000002   Code   RO         3799    i.HAL_CAN_TxMailbox1AbortCallback  stm32f4xx_hal_can.o
    0x08003e72   0x08003e72   0x00000002   Code   RO         3800    i.HAL_CAN_TxMailbox1CompleteCallback  stm32f4xx_hal_can.o
    0x08003e74   0x08003e74   0x00000002   Code   RO         3801    i.HAL_CAN_TxMailbox2AbortCallback  stm32f4xx_hal_can.o
    0x08003e76   0x08003e76   0x00000002   Code   RO         3802    i.HAL_CAN_TxMailbox2CompleteCallback  stm32f4xx_hal_can.o
    0x08003e78   0x08003e78   0x00000002   Code   RO         3804    i.HAL_CAN_WakeUpFromRxMsgCallback  stm32f4xx_hal_can.o
    0x08003e7a   0x08003e7a   0x000000ac   Code   RO         3076    i.HAL_DMA_Abort     stm32f4xx_hal_dma.o
    0x08003f26   0x08003f26   0x00000028   Code   RO         3077    i.HAL_DMA_Abort_IT  stm32f4xx_hal_dma.o
    0x08003f4e   0x08003f4e   0x00000002   PAD
    0x08003f50   0x08003f50   0x00000240   Code   RO         3081    i.HAL_DMA_IRQHandler  stm32f4xx_hal_dma.o
    0x08004190   0x08004190   0x000000ec   Code   RO         3082    i.HAL_DMA_Init      stm32f4xx_hal_dma.o
    0x0800427c   0x0800427c   0x00000092   Code   RO         3086    i.HAL_DMA_Start_IT  stm32f4xx_hal_dma.o
    0x0800430e   0x0800430e   0x00000002   PAD
    0x08004310   0x08004310   0x000000a8   Code   RO         9389    i.HAL_GPIO_EXTI_Callback  imu_task.o
    0x080043b8   0x080043b8   0x0000001c   Code   RO         2968    i.HAL_GPIO_EXTI_IRQHandler  stm32f4xx_hal_gpio.o
    0x080043d4   0x080043d4   0x000001f4   Code   RO         2969    i.HAL_GPIO_Init     stm32f4xx_hal_gpio.o
    0x080045c8   0x080045c8   0x0000000c   Code   RO         2973    i.HAL_GPIO_WritePin  stm32f4xx_hal_gpio.o
    0x080045d4   0x080045d4   0x0000000c   Code   RO         3524    i.HAL_GetTick       stm32f4xx_hal.o
    0x080045e0   0x080045e0   0x000001d0   Code   RO         4014    i.HAL_I2C_Init      stm32f4xx_hal_i2c.o
    0x080047b0   0x080047b0   0x00000308   Code   RO         4032    i.HAL_I2C_Mem_Read  stm32f4xx_hal_i2c.o
    0x08004ab8   0x08004ab8   0x00000164   Code   RO         4035    i.HAL_I2C_Mem_Write  stm32f4xx_hal_i2c.o
    0x08004c1c   0x08004c1c   0x000001f4   Code   RO          848    i.HAL_I2C_MspInit   i2c.o
    0x08004e10   0x08004e10   0x00000018   Code   RO         3530    i.HAL_IncTick       stm32f4xx_hal.o
    0x08004e28   0x08004e28   0x0000003c   Code   RO         3531    i.HAL_Init          stm32f4xx_hal.o
    0x08004e64   0x08004e64   0x000000b4   Code   RO         1271    i.HAL_InitTick      stm32f4xx_hal_timebase_tim.o
    0x08004f18   0x08004f18   0x00000054   Code   RO         1247    i.HAL_MspInit       stm32f4xx_hal_msp.o
    0x08004f6c   0x08004f6c   0x00000028   Code   RO         3361    i.HAL_NVIC_EnableIRQ  stm32f4xx_hal_cortex.o
    0x08004f94   0x08004f94   0x0000007c   Code   RO         3367    i.HAL_NVIC_SetPriority  stm32f4xx_hal_cortex.o
    0x08005010   0x08005010   0x00000028   Code   RO         3368    i.HAL_NVIC_SetPriorityGrouping  stm32f4xx_hal_cortex.o
    0x08005038   0x08005038   0x000001a0   Code   RO         2675    i.HAL_RCCEx_PeriphCLKConfig  stm32f4xx_hal_rcc_ex.o
    0x080051d8   0x080051d8   0x00000184   Code   RO         2570    i.HAL_RCC_ClockConfig  stm32f4xx_hal_rcc.o
    0x0800535c   0x0800535c   0x00000044   Code   RO         2574    i.HAL_RCC_GetClockConfig  stm32f4xx_hal_rcc.o
    0x080053a0   0x080053a0   0x0000000c   Code   RO         2575    i.HAL_RCC_GetHCLKFreq  stm32f4xx_hal_rcc.o
    0x080053ac   0x080053ac   0x00000020   Code   RO         2577    i.HAL_RCC_GetPCLK1Freq  stm32f4xx_hal_rcc.o
    0x080053cc   0x080053cc   0x00000020   Code   RO         2578    i.HAL_RCC_GetPCLK2Freq  stm32f4xx_hal_rcc.o
    0x080053ec   0x080053ec   0x000000b0   Code   RO         2579    i.HAL_RCC_GetSysClockFreq  stm32f4xx_hal_rcc.o
    0x0800549c   0x0800549c   0x0000049c   Code   RO         2582    i.HAL_RCC_OscConfig  stm32f4xx_hal_rcc.o
    0x08005938   0x08005938   0x000000b4   Code   RO         4511    i.HAL_RTC_Init      stm32f4xx_hal_rtc.o
    0x080059ec   0x080059ec   0x00000040   Code   RO          902    i.HAL_RTC_MspInit   rtc.o
    0x08005a2c   0x08005a2c   0x00000038   Code   RO         4519    i.HAL_RTC_WaitForSynchro  stm32f4xx_hal_rtc.o
    0x08005a64   0x08005a64   0x000000c8   Code   RO         4911    i.HAL_SPI_Init      stm32f4xx_hal_spi.o
    0x08005b2c   0x08005b2c   0x00000158   Code   RO          944    i.HAL_SPI_MspInit   spi.o
    0x08005c84   0x08005c84   0x00000248   Code   RO         4920    i.HAL_SPI_TransmitReceive  stm32f4xx_hal_spi.o
    0x08005ecc   0x08005ecc   0x00000002   Code   RO         2027    i.HAL_TIMEx_BreakCallback  stm32f4xx_hal_tim_ex.o
    0x08005ece   0x08005ece   0x00000002   Code   RO         2028    i.HAL_TIMEx_CommutCallback  stm32f4xx_hal_tim_ex.o
    0x08005ed0   0x08005ed0   0x00000074   Code   RO         2030    i.HAL_TIMEx_ConfigBreakDeadTime  stm32f4xx_hal_tim_ex.o
    0x08005f44   0x08005f44   0x000000b4   Code   RO         2046    i.HAL_TIMEx_MasterConfigSynchronization  stm32f4xx_hal_tim_ex.o
    0x08005ff8   0x08005ff8   0x00000066   Code   RO         1312    i.HAL_TIM_Base_Init  stm32f4xx_hal_tim.o
    0x0800605e   0x0800605e   0x00000002   PAD
    0x08006060   0x08006060   0x00000130   Code   RO          986    i.HAL_TIM_Base_MspInit  tim.o
    0x08006190   0x08006190   0x000000a8   Code   RO         1317    i.HAL_TIM_Base_Start_IT  stm32f4xx_hal_tim.o
    0x08006238   0x08006238   0x0000010c   Code   RO         1321    i.HAL_TIM_ConfigClockSource  stm32f4xx_hal_tim.o
    0x08006344   0x08006344   0x00000002   Code   RO         1346    i.HAL_TIM_IC_CaptureCallback  stm32f4xx_hal_tim.o
    0x08006346   0x08006346   0x0000016c   Code   RO         1360    i.HAL_TIM_IRQHandler  stm32f4xx_hal_tim.o
    0x080064b2   0x080064b2   0x00000002   PAD
    0x080064b4   0x080064b4   0x00000224   Code   RO          987    i.HAL_TIM_MspPostInit  tim.o
    0x080066d8   0x080066d8   0x00000002   Code   RO         1363    i.HAL_TIM_OC_DelayElapsedCallback  stm32f4xx_hal_tim.o
    0x080066da   0x080066da   0x00000104   Code   RO         1384    i.HAL_TIM_PWM_ConfigChannel  stm32f4xx_hal_tim.o
    0x080067de   0x080067de   0x00000066   Code   RO         1387    i.HAL_TIM_PWM_Init  stm32f4xx_hal_tim.o
    0x08006844   0x08006844   0x00000002   Code   RO         1389    i.HAL_TIM_PWM_MspInit  stm32f4xx_hal_tim.o
    0x08006846   0x08006846   0x00000002   Code   RO         1390    i.HAL_TIM_PWM_PulseFinishedCallback  stm32f4xx_hal_tim.o
    0x08006848   0x08006848   0x00000012   Code   RO           14    i.HAL_TIM_PeriodElapsedCallback  main.o
    0x0800685a   0x0800685a   0x00000002   Code   RO         1403    i.HAL_TIM_TriggerCallback  stm32f4xx_hal_tim.o
    0x0800685c   0x0800685c   0x00000002   Code   RO         5234    i.HAL_UARTEx_RxEventCallback  stm32f4xx_hal_uart.o
    0x0800685e   0x0800685e   0x0000008a   Code   RO         5246    i.HAL_UART_DMAStop  stm32f4xx_hal_uart.o
    0x080068e8   0x080068e8   0x00000002   Code   RO         5248    i.HAL_UART_ErrorCallback  stm32f4xx_hal_uart.o
    0x080068ea   0x080068ea   0x00000002   PAD
    0x080068ec   0x080068ec   0x00000308   Code   RO         5251    i.HAL_UART_IRQHandler  stm32f4xx_hal_uart.o
    0x08006bf4   0x08006bf4   0x00000076   Code   RO         5252    i.HAL_UART_Init     stm32f4xx_hal_uart.o
    0x08006c6a   0x08006c6a   0x00000002   PAD
    0x08006c6c   0x08006c6c   0x00000334   Code   RO         1064    i.HAL_UART_MspInit  usart.o
    0x08006fa0   0x08006fa0   0x0000002c   Code   RO         5256    i.HAL_UART_Receive_DMA  stm32f4xx_hal_uart.o
    0x08006fcc   0x08006fcc   0x00000002   Code   RO         5258    i.HAL_UART_RxCpltCallback  stm32f4xx_hal_uart.o
    0x08006fce   0x08006fce   0x00000002   Code   RO         5259    i.HAL_UART_RxHalfCpltCallback  stm32f4xx_hal_uart.o
    0x08006fd0   0x08006fd0   0x000000be   Code   RO         5260    i.HAL_UART_Transmit  stm32f4xx_hal_uart.o
    0x0800708e   0x0800708e   0x00000002   PAD
    0x08007090   0x08007090   0x00000018   Code   RO          470    i.HAL_UART_TxCpltCallback  freertos.o
    0x080070a8   0x080070a8   0x00000104   Code   RO         8123    i.H_K_R_Adjustment  kalman_filter.o
    0x080071ac   0x080071ac   0x00000004   Code   RO         1129    i.HardFault_Handler  stm32f4xx_it.o
    0x080071b0   0x080071b0   0x0000003e   Code   RO         4058    i.I2C_IsAcknowledgeFailed  stm32f4xx_hal_i2c.o
    0x080071ee   0x080071ee   0x00000002   PAD
    0x080071f0   0x080071f0   0x00000160   Code   RO         4069    i.I2C_RequestMemoryRead  stm32f4xx_hal_i2c.o
    0x08007350   0x08007350   0x000000e0   Code   RO         4070    i.I2C_RequestMemoryWrite  stm32f4xx_hal_i2c.o
    0x08007430   0x08007430   0x00000066   Code   RO         4078    i.I2C_WaitOnBTFFlagUntilTimeout  stm32f4xx_hal_i2c.o
    0x08007496   0x08007496   0x000000be   Code   RO         4079    i.I2C_WaitOnFlagUntilTimeout  stm32f4xx_hal_i2c.o
    0x08007554   0x08007554   0x000000fa   Code   RO         4080    i.I2C_WaitOnMasterAddressFlagUntilTimeout  stm32f4xx_hal_i2c.o
    0x0800764e   0x0800764e   0x0000008a   Code   RO         4081    i.I2C_WaitOnRXNEFlagUntilTimeout  stm32f4xx_hal_i2c.o
    0x080076d8   0x080076d8   0x00000066   Code   RO         4084    i.I2C_WaitOnTXEFlagUntilTimeout  stm32f4xx_hal_i2c.o
    0x0800773e   0x0800773e   0x00000002   PAD
    0x08007740   0x08007740   0x00000120   Code   RO         9298    i.IMU_QuaternionEKF_Init  imu_solve.o
    0x08007860   0x08007860   0x00000034   Code   RO         9299    i.IMU_QuaternionEKF_Observe  imu_solve.o
    0x08007894   0x08007894   0x00000128   Code   RO         9300    i.IMU_QuaternionEKF_SetH  imu_solve.o
    0x080079bc   0x080079bc   0x000003a8   Code   RO         9301    i.IMU_QuaternionEKF_Update  imu_solve.o
    0x08007d64   0x08007d64   0x000001cc   Code   RO         9302    i.IMU_QuaternionEKF_User_Func1  imu_solve.o
    0x08007f30   0x08007f30   0x00000334   Code   RO         9303    i.IMU_QuaternionEKF_xhatUpdate  imu_solve.o
    0x08008264   0x08008264   0x00000230   Code   RO         9390    i.IMU_task          imu_task.o
    0x08008494   0x08008494   0x0000070c   Code   RO         8124    i.Kalman_Filter_Init  kalman_filter.o
    0x08008ba0   0x08008ba0   0x000003fc   Code   RO         8125    i.Kalman_Filter_Update  kalman_filter.o
    0x08008f9c   0x08008f9c   0x00000122   Code   RO         9093    i.Keyboard_DataProcess  remote_control.o
    0x080090be   0x080090be   0x0000002a   Code   RO         7831    i.LowPassFilterCalc  user_lib.o
    0x080090e8   0x080090e8   0x00000014   Code   RO         7832    i.LowPassFilterInit  user_lib.o
    0x080090fc   0x080090fc   0x00000070   Code   RO          721    i.MX_ADC1_Init      adc.o
    0x0800916c   0x0800916c   0x00000070   Code   RO          722    i.MX_ADC3_Init      adc.o
    0x080091dc   0x080091dc   0x00000044   Code   RO          773    i.MX_CAN1_Init      can.o
    0x08009220   0x08009220   0x00000044   Code   RO          774    i.MX_CAN2_Init      can.o
    0x08009264   0x08009264   0x000000c8   Code   RO          820    i.MX_DMA_Init       dma.o
    0x0800932c   0x0800932c   0x000000b4   Code   RO          471    i.MX_FREERTOS_Init  freertos.o
    0x080093e0   0x080093e0   0x00000228   Code   RO          326    i.MX_GPIO_Init      gpio.o
    0x08009608   0x08009608   0x0000003c   Code   RO          849    i.MX_I2C1_Init      i2c.o
    0x08009644   0x08009644   0x0000003c   Code   RO          850    i.MX_I2C2_Init      i2c.o
    0x08009680   0x08009680   0x0000003c   Code   RO          851    i.MX_I2C3_Init      i2c.o
    0x080096bc   0x080096bc   0x00000034   Code   RO          903    i.MX_RTC_Init       rtc.o
    0x080096f0   0x080096f0   0x00000048   Code   RO          945    i.MX_SPI1_Init      spi.o
    0x08009738   0x08009738   0x0000006c   Code   RO          988    i.MX_TIM10_Init     tim.o
    0x080097a4   0x080097a4   0x0000010c   Code   RO          989    i.MX_TIM1_Init      tim.o
    0x080098b0   0x080098b0   0x000000a4   Code   RO          990    i.MX_TIM3_Init      tim.o
    0x08009954   0x08009954   0x000000a4   Code   RO          991    i.MX_TIM4_Init      tim.o
    0x080099f8   0x080099f8   0x000000c4   Code   RO          992    i.MX_TIM5_Init      tim.o
    0x08009abc   0x08009abc   0x000000ec   Code   RO          993    i.MX_TIM8_Init      tim.o
    0x08009ba8   0x08009ba8   0x00000038   Code   RO         1065    i.MX_USART1_UART_Init  usart.o
    0x08009be0   0x08009be0   0x0000003c   Code   RO         1066    i.MX_USART3_UART_Init  usart.o
    0x08009c1c   0x08009c1c   0x00000038   Code   RO         1067    i.MX_USART6_UART_Init  usart.o
    0x08009c54   0x08009c54   0x00000070   Code   RO         8963    i.M_communication_c  can_receive.o
    0x08009cc4   0x08009cc4   0x00000032   Code   RO         8964    i.M_communication_c_556  can_receive.o
    0x08009cf6   0x08009cf6   0x00000002   PAD
    0x08009cf8   0x08009cf8   0x0000004c   Code   RO         8965    i.M_communication_c_557  can_receive.o
    0x08009d44   0x08009d44   0x00000004   Code   RO         1130    i.MemManage_Handler  stm32f4xx_it.o
    0x08009d48   0x08009d48   0x000000ec   Code   RO         8966    i.MitCtrl           can_receive.o
    0x08009e34   0x08009e34   0x00000044   Code   RO         8617    i.MotorInit         motor.o
    0x08009e78   0x08009e78   0x00000054   Code   RO         9663    i.MusicInit         music_task.o
    0x08009ecc   0x08009ecc   0x00000190   Code   RO         9989    i.MusicRcOfflineInit  music_rc_offline.o
    0x0800a05c   0x0800a05c   0x00004ad4   Code   RO        10016    i.MusicSeeYouAgainInit  music_see_you_again.o
    0x0800eb30   0x0800eb30   0x000002f8   Code   RO         9742    i.MusicStartInit    music_start.o
    0x0800ee28   0x0800ee28   0x00000004   Code   RO         1131    i.NMI_Handler       stm32f4xx_it.o
    0x0800ee2c   0x0800ee2c   0x000001f0   Code   RO         8168    i.PID_calc          pid.o
    0x0800f01c   0x0800f01c   0x00000060   Code   RO         8170    i.PID_init          pid.o
    0x0800f07c   0x0800f07c   0x0000009c   Code   RO         7555    i.RC_Init           bsp_rc.o
    0x0800f118   0x0800f118   0x0000004a   Code   RO         4522    i.RTC_EnterInitMode  stm32f4xx_hal_rtc.o
    0x0800f162   0x0800f162   0x0000002e   Code   RO         4523    i.RTC_ExitInitMode  stm32f4xx_hal_rtc.o
    0x0800f190   0x0800f190   0x00000070   Code   RO         8261    i.SMC_Init          slidingmodec.o
    0x0800f200   0x0800f200   0x0000273c   Code   RO         7595    i.SPI1_DMA_enable   bsp_spi.o
    0x0801193c   0x0801193c   0x00000180   Code   RO         7596    i.SPI1_DMA_init     bsp_spi.o
    0x08011abc   0x08011abc   0x00000088   Code   RO         4949    i.SPI_EndRxTxTransaction  stm32f4xx_hal_spi.o
    0x08011b44   0x08011b44   0x000000d8   Code   RO         4954    i.SPI_WaitFlagStateUntilTimeout  stm32f4xx_hal_spi.o
    0x08011c1c   0x08011c1c   0x00000064   Code   RO        10052    i.ShootConsole      shoot_fric_trigger.o
    0x08011c80   0x08011c80   0x00000002   Code   RO        10125    i.ShootHandleException  shoot_task.o
    0x08011c82   0x08011c82   0x00000002   PAD
    0x08011c84   0x08011c84   0x000000f0   Code   RO        10053    i.ShootInit         shoot_fric_trigger.o
    0x08011d74   0x08011d74   0x0000003c   Code   RO        10054    i.ShootObserver     shoot_fric_trigger.o
    0x08011db0   0x08011db0   0x00000002   Code   RO        10128    i.ShootPublish      shoot_task.o
    0x08011db2   0x08011db2   0x00000002   PAD
    0x08011db4   0x08011db4   0x00000130   Code   RO        10055    i.ShootReference    shoot_fric_trigger.o
    0x08011ee4   0x08011ee4   0x0000005c   Code   RO        10056    i.ShootSendCmd      shoot_fric_trigger.o
    0x08011f40   0x08011f40   0x0000006c   Code   RO        10057    i.ShootSetMode      shoot_fric_trigger.o
    0x08011fac   0x08011fac   0x00000034   Code   RO         7130    i.SysTick_Handler   port.o
    0x08011fe0   0x08011fe0   0x000000b4   Code   RO           15    i.SystemClock_Config  main.o
    0x08012094   0x08012094   0x00000014   Code   RO         5596    i.SystemInit        system_stm32f4xx.o
    0x080120a8   0x080120a8   0x00000010   Code   RO         1132    i.TIM2_IRQHandler   stm32f4xx_it.o
    0x080120b8   0x080120b8   0x00000010   Code   RO         1133    i.TIM8_BRK_TIM12_IRQHandler  stm32f4xx_it.o
    0x080120c8   0x080120c8   0x000000e0   Code   RO         1405    i.TIM_Base_SetConfig  stm32f4xx_hal_tim.o
    0x080121a8   0x080121a8   0x00000016   Code   RO         1416    i.TIM_ETR_SetConfig  stm32f4xx_hal_tim.o
    0x080121be   0x080121be   0x00000012   Code   RO         1417    i.TIM_ITRx_SetConfig  stm32f4xx_hal_tim.o
    0x080121d0   0x080121d0   0x00000070   Code   RO         1418    i.TIM_OC1_SetConfig  stm32f4xx_hal_tim.o
    0x08012240   0x08012240   0x0000007c   Code   RO         1419    i.TIM_OC2_SetConfig  stm32f4xx_hal_tim.o
    0x080122bc   0x080122bc   0x00000078   Code   RO         1420    i.TIM_OC3_SetConfig  stm32f4xx_hal_tim.o
    0x08012334   0x08012334   0x00000054   Code   RO         1421    i.TIM_OC4_SetConfig  stm32f4xx_hal_tim.o
    0x08012388   0x08012388   0x00000026   Code   RO         1423    i.TIM_TI1_ConfigInputStage  stm32f4xx_hal_tim.o
    0x080123ae   0x080123ae   0x00000028   Code   RO         1425    i.TIM_TI2_ConfigInputStage  stm32f4xx_hal_tim.o
    0x080123d6   0x080123d6   0x00000012   Code   RO         5265    i.UART_DMAAbortOnError  stm32f4xx_hal_uart.o
    0x080123e8   0x080123e8   0x00000050   Code   RO         5266    i.UART_DMAError     stm32f4xx_hal_uart.o
    0x08012438   0x08012438   0x000000b4   Code   RO         5267    i.UART_DMAReceiveCplt  stm32f4xx_hal_uart.o
    0x080124ec   0x080124ec   0x00000024   Code   RO         5269    i.UART_DMARxHalfCplt  stm32f4xx_hal_uart.o
    0x08012510   0x08012510   0x0000006c   Code   RO         5275    i.UART_EndRxTransfer  stm32f4xx_hal_uart.o
    0x0801257c   0x0801257c   0x00000020   Code   RO         5276    i.UART_EndTransmit_IT  stm32f4xx_hal_uart.o
    0x0801259c   0x0801259c   0x00000026   Code   RO         5277    i.UART_EndTxTransfer  stm32f4xx_hal_uart.o
    0x080125c2   0x080125c2   0x000000fc   Code   RO         5278    i.UART_Receive_IT   stm32f4xx_hal_uart.o
    0x080126be   0x080126be   0x00000002   PAD
    0x080126c0   0x080126c0   0x0000022c   Code   RO         5279    i.UART_SetConfig    stm32f4xx_hal_uart.o
    0x080128ec   0x080128ec   0x000000d8   Code   RO         5280    i.UART_Start_Receive_DMA  stm32f4xx_hal_uart.o
    0x080129c4   0x080129c4   0x00000060   Code   RO         5282    i.UART_Transmit_IT  stm32f4xx_hal_uart.o
    0x08012a24   0x08012a24   0x0000008c   Code   RO         5283    i.UART_WaitOnFlagUntilTimeout  stm32f4xx_hal_uart.o
    0x08012ab0   0x08012ab0   0x00000160   Code   RO         9096    i.USART3_IRQHandler  remote_control.o
    0x08012c10   0x08012c10   0x00000038   Code   RO         9573    i.USART6_IRQHandler  autogimbal.o
    0x08012c48   0x08012c48   0x00000080   Code   RO         9391    i.UpdateImuData     imu_task.o
    0x08012cc8   0x08012cc8   0x00000004   Code   RO         1134    i.UsageFault_Handler  stm32f4xx_it.o
    0x08012ccc   0x08012ccc   0x000000b0   Code   RO         9574    i.Usart6Receive_IDLE  autogimbal.o
    0x08012d7c   0x08012d7c   0x00000026   Code   RO        10537    i.__ARM_fpclassifyf  m_wm.l(fpclassifyf.o)
    0x08012da2   0x08012da2   0x00000002   PAD
    0x08012da4   0x08012da4   0x00000010   Code   RO         3374    i.__NVIC_GetPriorityGrouping  stm32f4xx_hal_cortex.o
    0x08012db4   0x08012db4   0x00000028   Code   RO         3375    i.__NVIC_SetPriority  stm32f4xx_hal_cortex.o
    0x08012ddc   0x08012ddc   0x0000012c   Code   RO        10381    i.__hardfp_asinf    m_wm.l(asinf.o)
    0x08012f08   0x08012f08   0x000002ac   Code   RO        10393    i.__hardfp_atan2f   m_wm.l(atan2f.o)
    0x080131b4   0x080131b4   0x00000006   Code   RO        10540    i.__mathlib_flt_infnan  m_wm.l(funder.o)
    0x080131ba   0x080131ba   0x00000006   Code   RO        10541    i.__mathlib_flt_infnan2  m_wm.l(funder.o)
    0x080131c0   0x080131c0   0x00000010   Code   RO        10542    i.__mathlib_flt_invalid  m_wm.l(funder.o)
    0x080131d0   0x080131d0   0x00000010   Code   RO        10545    i.__mathlib_flt_underflow  m_wm.l(funder.o)
    0x080131e0   0x080131e0   0x0000000e   Code   RO        10639    i.__scatterload_copy  mc_w.l(handlers.o)
    0x080131ee   0x080131ee   0x00000002   Code   RO        10640    i.__scatterload_null  mc_w.l(handlers.o)
    0x080131f0   0x080131f0   0x0000000e   Code   RO        10641    i.__scatterload_zeroinit  mc_w.l(handlers.o)
    0x080131fe   0x080131fe   0x00000002   PAD
    0x08013200   0x08013200   0x0000000c   Code   RO        10605    i.__set_errno       mc_w.l(errno.o)
    0x0801320c   0x0801320c   0x0000001c   Code   RO         7839    i.angle_difference  user_lib.o
    0x08013228   0x08013228   0x00000134   Code   RO         8301    i.bmi088_accel_init  bmi088driver.o
    0x0801335c   0x0801335c   0x000002fc   Code   RO         8302    i.bmi088_accel_self_test  bmi088driver.o
    0x08013658   0x08013658   0x000000f4   Code   RO         8303    i.bmi088_gyro_init  bmi088driver.o
    0x0801374c   0x0801374c   0x000000d0   Code   RO         8304    i.bmi088_gyro_self_test  bmi088driver.o
    0x0801381c   0x0801381c   0x000000d8   Code   RO         9392    i.board_rotate      imu_task.o
    0x080138f4   0x080138f4   0x00000064   Code   RO         7724    i.can_filter_init   bsp_can.o
    0x08013958   0x08013958   0x00000030   Code   RO         7209    i.delay_init        bsp_delay.o
    0x08013988   0x08013988   0x00000050   Code   RO         7211    i.delay_us          bsp_delay.o
    0x080139d8   0x080139d8   0x00000016   Code   RO         9791    i.fifo_s_init       fifo.o
    0x080139ee   0x080139ee   0x0000002a   Code   RO         7842    i.float_constrain   user_lib.o
    0x08013a18   0x08013a18   0x00000032   Code   RO         7843    i.float_to_uint     user_lib.o
    0x08013a4a   0x08013a4a   0x0000002a   Code   RO         7844    i.fp32_constrain    user_lib.o
    0x08013a74   0x08013a74   0x000000a0   Code   RO         9304    i.gEstimateKF_Init  imu_solve.o
    0x08013b14   0x08013b14   0x00000104   Code   RO         9305    i.gEstimateKF_Update  imu_solve.o
    0x08013c18   0x08013c18   0x00000008   Code   RO         9097    i.get_remote_control_point  remote_control.o
    0x08013c20   0x08013c20   0x00000032   Code   RO         8651    i.gimbal_task       gimbal_task.o
    0x08013c52   0x08013c52   0x00000002   PAD
    0x08013c54   0x08013c54   0x000001a8   Code   RO         9400    i.imu_cmd_spi_dma   imu_task.o
    0x08013dfc   0x08013dfc   0x0000000c   Code   RO         7464    i.imu_pwm_set       bsp_imu_pwm.o
    0x08013e08   0x08013e08   0x000000f4   Code   RO         9401    i.imu_rotate        imu_task.o
    0x08013efc   0x08013efc   0x000000a4   Code   RO         9402    i.imu_temp_control  imu_task.o
    0x08013fa0   0x08013fa0   0x0000003c   Code   RO         9306    i.invSqrt           imu_solve.o
    0x08013fdc   0x08013fdc   0x00000002   Code   RO         8503    i.ist8310_GPIO_init  ist8310driver_middleware.o
    0x08013fde   0x08013fde   0x00000002   PAD
    0x08013fe0   0x08013fe0   0x00000028   Code   RO         8505    i.ist8310_IIC_read_single_reg  ist8310driver_middleware.o
    0x08014008   0x08014008   0x00000028   Code   RO         8507    i.ist8310_IIC_write_single_reg  ist8310driver_middleware.o
    0x08014030   0x08014030   0x00000014   Code   RO         8508    i.ist8310_RST_H     ist8310driver_middleware.o
    0x08014044   0x08014044   0x00000014   Code   RO         8509    i.ist8310_RST_L     ist8310driver_middleware.o
    0x08014058   0x08014058   0x00000002   Code   RO         8510    i.ist8310_com_init  ist8310driver_middleware.o
    0x0801405a   0x0801405a   0x0000000c   Code   RO         8511    i.ist8310_delay_ms  ist8310driver_middleware.o
    0x08014066   0x08014066   0x00000002   PAD
    0x08014068   0x08014068   0x00000094   Code   RO         8585    i.ist8310_init      ist8310driver.o
    0x080140fc   0x080140fc   0x00000074   Code   RO           16    i.main              main.o
    0x08014170   0x08014170   0x0000000e   Code   RO         6692    i.makeFreeRtosPriority  cmsis_os.o
    0x0801417e   0x0801417e   0x00000002   PAD
    0x08014180   0x08014180   0x0000006c   Code   RO        10479    i.malloc            mc_w.l(malloc.o)
    0x080141ec   0x080141ec   0x0000001c   Code   RO         9666    i.music_task        music_task.o
    0x08014208   0x08014208   0x00000048   Code   RO         7850    i.normalize_angle   user_lib.o
    0x08014250   0x08014250   0x00000018   Code   RO         6694    i.osDelay           cmsis_os.o
    0x08014268   0x08014268   0x0000000a   Code   RO         6697    i.osKernelStart     cmsis_os.o
    0x08014272   0x08014272   0x0000005e   Code   RO         6731    i.osThreadCreate    cmsis_os.o
    0x080142d0   0x080142d0   0x00000030   Code   RO         6156    i.pcTaskGetName     tasks.o
    0x08014300   0x08014300   0x000000a4   Code   RO         6157    i.prvAddCurrentTaskToDelayedList  tasks.o
    0x080143a4   0x080143a4   0x000000b4   Code   RO         6158    i.prvAddNewTaskToReadyList  tasks.o
    0x08014458   0x08014458   0x00000074   Code   RO         6521    i.prvCheckForValidListAndQueue  timers.o
    0x080144cc   0x080144cc   0x00000048   Code   RO         6159    i.prvCheckTasksWaitingTermination  tasks.o
    0x08014514   0x08014514   0x0000002a   Code   RO         5804    i.prvCopyDataFromQueue  queue.o
    0x0801453e   0x0801453e   0x0000007e   Code   RO         5805    i.prvCopyDataToQueue  queue.o
    0x080145bc   0x080145bc   0x00000050   Code   RO         6160    i.prvDeleteTCB      tasks.o
    0x0801460c   0x0801460c   0x00000028   Code   RO         6522    i.prvGetNextExpireTime  timers.o
    0x08014634   0x08014634   0x0000007c   Code   RO         7074    i.prvHeapInit       heap_4.o
    0x080146b0   0x080146b0   0x00000028   Code   RO         6161    i.prvIdleTask       tasks.o
    0x080146d8   0x080146d8   0x00000026   Code   RO         5808    i.prvInitialiseNewQueue  queue.o
    0x080146fe   0x080146fe   0x000000c2   Code   RO         6162    i.prvInitialiseNewTask  tasks.o
    0x080147c0   0x080147c0   0x00000068   Code   RO         6163    i.prvInitialiseTaskLists  tasks.o
    0x08014828   0x08014828   0x00000068   Code   RO         7075    i.prvInsertBlockIntoFreeList  heap_4.o
    0x08014890   0x08014890   0x00000058   Code   RO         6524    i.prvInsertTimerInActiveList  timers.o
    0x080148e8   0x080148e8   0x0000001a   Code   RO         5809    i.prvIsQueueEmpty   queue.o
    0x08014902   0x08014902   0x0000001e   Code   RO         5810    i.prvIsQueueFull    queue.o
    0x08014920   0x08014920   0x00000074   Code   RO         6525    i.prvProcessExpiredTimer  timers.o
    0x08014994   0x08014994   0x00000164   Code   RO         6526    i.prvProcessReceivedCommands  timers.o
    0x08014af8   0x08014af8   0x00000074   Code   RO         6527    i.prvProcessTimerOrBlockTask  timers.o
    0x08014b6c   0x08014b6c   0x00000034   Code   RO         6164    i.prvResetNextTaskUnblockTime  tasks.o
    0x08014ba0   0x08014ba0   0x0000002c   Code   RO         6528    i.prvSampleTimeNow  timers.o
    0x08014bcc   0x08014bcc   0x000000b0   Code   RO         6165    i.prvSearchForNameWithinSingleList  tasks.o
    0x08014c7c   0x08014c7c   0x000000a4   Code   RO         6529    i.prvSwitchTimerLists  timers.o
    0x08014d20   0x08014d20   0x00000016   Code   RO         6166    i.prvTaskCheckFreeStackSpace  tasks.o
    0x08014d36   0x08014d36   0x00000002   PAD
    0x08014d38   0x08014d38   0x00000040   Code   RO         7131    i.prvTaskExitError  port.o
    0x08014d78   0x08014d78   0x0000001a   Code   RO         6530    i.prvTimerTask      timers.o
    0x08014d92   0x08014d92   0x0000007e   Code   RO         5811    i.prvUnlockQueue    queue.o
    0x08014e10   0x08014e10   0x0000014c   Code   RO         7076    i.pvPortMalloc      heap_4.o
    0x08014f5c   0x08014f5c   0x0000002c   Code   RO         7132    i.pxPortInitialiseStack  port.o
    0x08014f88   0x08014f88   0x00000014   Code   RO         9098    i.remote_control_init  remote_control.o
    0x08014f9c   0x08014f9c   0x0000000a   Code   RO         9268    i.remote_rec_task   remote_rec_task.o
    0x08014fa6   0x08014fa6   0x00000002   PAD
    0x08014fa8   0x08014fa8   0x00000030   Code   RO         8263    i.sat_function      slidingmodec.o
    0x08014fd8   0x08014fd8   0x000000ec   Code   RO         9099    i.sbus_to_rc        remote_control.o
    0x080150c4   0x080150c4   0x000000bc   Code   RO         8652    i.send_nuc          gimbal_task.o
    0x08015180   0x08015180   0x00000040   Code   RO        10132    i.shoot_task        shoot_task.o
    0x080151c0   0x080151c0   0x0000003e   Code   RO        10566    i.sqrtf             m_wm.l(sqrtf_full.o)
    0x080151fe   0x080151fe   0x0000000e   Code   RO          475    i.test_task         freertos.o
    0x0801520c   0x0801520c   0x00000034   Code   RO         7856    i.uint_to_float     user_lib.o
    0x08015240   0x08015240   0x00000074   Code   RO         6169    i.ulTaskNotifyTake  tasks.o
    0x080152b4   0x080152b4   0x00000028   Code   RO         5764    i.uxListRemove      list.o
    0x080152dc   0x080152dc   0x00000028   Code   RO         6172    i.uxTaskGetStackHighWaterMark  tasks.o
    0x08015304   0x08015304   0x00000018   Code   RO          476    i.vApplicationGetIdleTaskMemory  freertos.o
    0x0801531c   0x0801531c   0x00000018   Code   RO          477    i.vApplicationGetTimerTaskMemory  freertos.o
    0x08015334   0x08015334   0x0000001a   Code   RO         5765    i.vListInitialise   list.o
    0x0801534e   0x0801534e   0x00000006   Code   RO         5766    i.vListInitialiseItem  list.o
    0x08015354   0x08015354   0x00000034   Code   RO         5767    i.vListInsert       list.o
    0x08015388   0x08015388   0x00000018   Code   RO         5768    i.vListInsertEnd    list.o
    0x080153a0   0x080153a0   0x00000054   Code   RO         7134    i.vPortEnterCritical  port.o
    0x080153f4   0x080153f4   0x0000003c   Code   RO         7135    i.vPortExitCritical  port.o
    0x08015430   0x08015430   0x000000a4   Code   RO         7077    i.vPortFree         heap_4.o
    0x080154d4   0x080154d4   0x00000028   Code   RO         7136    i.vPortSetupTimerInterrupt  port.o
    0x080154fc   0x080154fc   0x00000078   Code   RO         7137    i.vPortValidateInterruptPriority  port.o
    0x08015574   0x08015574   0x0000002c   Code   RO         5815    i.vQueueAddToRegistry  queue.o
    0x080155a0   0x080155a0   0x0000004a   Code   RO         5818    i.vQueueWaitForMessageRestricted  queue.o
    0x080155ea   0x080155ea   0x00000002   PAD
    0x080155ec   0x080155ec   0x0000005c   Code   RO         6176    i.vTaskDelay        tasks.o
    0x08015648   0x08015648   0x00000018   Code   RO         6180    i.vTaskInternalSetTimeOutState  tasks.o
    0x08015660   0x08015660   0x0000000c   Code   RO         6181    i.vTaskMissedYield  tasks.o
    0x0801566c   0x0801566c   0x000000f0   Code   RO         6182    i.vTaskNotifyGiveFromISR  tasks.o
    0x0801575c   0x0801575c   0x00000038   Code   RO         6183    i.vTaskPlaceOnEventList  tasks.o
    0x08015794   0x08015794   0x00000040   Code   RO         6184    i.vTaskPlaceOnEventListRestricted  tasks.o
    0x080157d4   0x080157d4   0x000000b8   Code   RO         6191    i.vTaskStartScheduler  tasks.o
    0x0801588c   0x0801588c   0x00000010   Code   RO         6193    i.vTaskSuspendAll   tasks.o
    0x0801589c   0x0801589c   0x0000008c   Code   RO         6194    i.vTaskSwitchContext  tasks.o
    0x08015928   0x08015928   0x00000002   Code   RO          478    i.vofa_watch        freertos.o
    0x0801592a   0x0801592a   0x00000002   PAD
    0x0801592c   0x0801592c   0x00000168   Code   RO         7138    i.xPortStartScheduler  port.o
    0x08015a94   0x08015a94   0x000000e0   Code   RO         5822    i.xQueueGenericCreateStatic  queue.o
    0x08015b74   0x08015b74   0x00000098   Code   RO         5823    i.xQueueGenericReset  queue.o
    0x08015c0c   0x08015c0c   0x000001a8   Code   RO         5824    i.xQueueGenericSend  queue.o
    0x08015db4   0x08015db4   0x000000fc   Code   RO         5825    i.xQueueGenericSendFromISR  queue.o
    0x08015eb0   0x08015eb0   0x00000168   Code   RO         5833    i.xQueueReceive     queue.o
    0x08016018   0x08016018   0x000000a8   Code   RO         6197    i.xTaskCheckForTimeOut  tasks.o
    0x080160c0   0x080160c0   0x00000064   Code   RO         6198    i.xTaskCreate       tasks.o
    0x08016124   0x08016124   0x000000ba   Code   RO         6199    i.xTaskCreateStatic  tasks.o
    0x080161de   0x080161de   0x00000002   PAD
    0x080161e0   0x080161e0   0x000000a4   Code   RO         6203    i.xTaskGetHandle    tasks.o
    0x08016284   0x08016284   0x00000020   Code   RO         6204    i.xTaskGetSchedulerState  tasks.o
    0x080162a4   0x080162a4   0x0000000c   Code   RO         6205    i.xTaskGetTickCount  tasks.o
    0x080162b0   0x080162b0   0x00000148   Code   RO         6207    i.xTaskIncrementTick  tasks.o
    0x080163f8   0x080163f8   0x000000c8   Code   RO         6210    i.xTaskPriorityDisinherit  tasks.o
    0x080164c0   0x080164c0   0x00000098   Code   RO         6212    i.xTaskRemoveFromEventList  tasks.o
    0x08016558   0x08016558   0x00000104   Code   RO         6213    i.xTaskResumeAll    tasks.o
    0x0801665c   0x0801665c   0x00000078   Code   RO         6537    i.xTimerCreateTimerTask  timers.o
    0x080166d4   0x080166d4   0x00000084   Code   RO         6538    i.xTimerGenericCommand  timers.o
    0x08016758   0x08016758   0x000000a8   Data   RO          480    .constdata          freertos.o
    0x08016800   0x08016800   0x00000008   Data   RO         3088    .constdata          stm32f4xx_hal_dma.o
    0x08016808   0x08016808   0x00000018   Data   RO         5597    .constdata          system_stm32f4xx.o
    0x08016820   0x08016820   0x00000012   Data   RO         8309    .constdata          bmi088driver.o
    0x08016832   0x08016832   0x0000000c   Data   RO         8588    .constdata          ist8310driver.o
    0x0801683e   0x0801683e   0x00000002   PAD
    0x08016840   0x08016840   0x00000048   Data   RO         8858    .constdata          gimbal_behaviour.o
    0x08016888   0x08016888   0x00000024   Data   RO         9308    .constdata          imu_solve.o
    0x080168ac   0x080168ac   0x0000000c   Data   RO         9404    .constdata          imu_task.o
    0x080168b8   0x080168b8   0x00000024   Data   RO        10059    .constdata          shoot_fric_trigger.o
    0x080168dc   0x080168dc   0x00000041   Data   RO          481    .conststring        freertos.o
    0x0801691d   0x0801691d   0x00000003   PAD
    0x08016920   0x08016920   0x00000020   Data   RO        10637    Region$$Table       anon$$obj.o


    Execution Region RW_IRAM1 (Exec base: 0x20000000, Load base: 0x08016940, Size: 0x0000d9e0, Max: 0x0001c000, ABSOLUTE, COMPRESSED[0x000000cc])

    Exec Addr    Load Addr    Size         Type   Attr      Idx    E Section Name        Object

    0x20000000   COMPRESSED   0x0000001c   Data   RW          482    .data               freertos.o
    0x2000001c   COMPRESSED   0x00000004   Data   RW          776    .data               can.o
    0x20000020   COMPRESSED   0x00000009   Data   RW         3538    .data               stm32f4xx_hal.o
    0x20000029   COMPRESSED   0x00000003   PAD
    0x2000002c   COMPRESSED   0x00000004   Data   RW         5598    .data               system_stm32f4xx.o
    0x20000030   COMPRESSED   0x0000003c   Data   RW         6216    .data               tasks.o
    0x2000006c   COMPRESSED   0x00000014   Data   RW         6546    .data               timers.o
    0x20000080   COMPRESSED   0x00000020   Data   RW         7083    .data               heap_4.o
    0x200000a0   COMPRESSED   0x0000000c   Data   RW         7139    .data               port.o
    0x200000ac   COMPRESSED   0x00000008   Data   RW         7212    .data               bsp_delay.o
    0x200000b4   COMPRESSED   0x00000004   Data   RW         8126    .data               kalman_filter.o
    0x200000b8   COMPRESSED   0x0000002c   Data   RW         8310    .data               bmi088driver.o
    0x200000e4   COMPRESSED   0x00000004   Data   RW         8619    .data               motor.o
    0x200000e8   COMPRESSED   0x00000022   Data   RW         8859    .data               gimbal_behaviour.o
    0x2000010a   COMPRESSED   0x00000002   PAD
    0x2000010c   COMPRESSED   0x00000027   Data   RW         8969    .data               can_receive.o
    0x20000133   COMPRESSED   0x00000001   PAD
    0x20000134   COMPRESSED   0x0000000a   Data   RW         9103    .data               remote_control.o
    0x2000013e   COMPRESSED   0x00000002   PAD
    0x20000140   COMPRESSED   0x000003d4   Data   RW         9309    .data               imu_solve.o
    0x20000514   COMPRESSED   0x000000c8   Data   RW         9405    .data               imu_task.o
    0x200005dc   COMPRESSED   0x00000001   Data   RW         9576    .data               autogimbal.o
    0x200005dd   COMPRESSED   0x00000003   PAD
    0x200005e0   COMPRESSED   0x0000001c   Data   RW         9668    .data               music_task.o
    0x200005fc   COMPRESSED   0x00000008   Data   RW         9744    .data               music_start.o
    0x20000604   COMPRESSED   0x00000008   Data   RW         9991    .data               music_rc_offline.o
    0x2000060c   COMPRESSED   0x00000008   Data   RW        10018    .data               music_see_you_again.o
    0x20000614   COMPRESSED   0x0000000d   Data   RW        10060    .data               shoot_fric_trigger.o
    0x20000621   COMPRESSED   0x00000003   PAD
    0x20000624   COMPRESSED   0x00000004   Data   RW        10133    .data               shoot_task.o
    0x20000628   COMPRESSED   0x00000004   Data   RW        10601    .data               mc_w.l(mvars.o)
    0x2000062c   COMPRESSED   0x00000004   Data   RW        10602    .data               mc_w.l(mvars.o)
    0x20000630   COMPRESSED   0x00000004   Data   RW        10606    .data               mc_w.l(errno.o)
    0x20000634        -       0x00000900   Zero   RW          479    .bss                freertos.o
    0x20000f34        -       0x00000090   Zero   RW          723    .bss                adc.o
    0x20000fc4        -       0x00000050   Zero   RW          775    .bss                can.o
    0x20001014        -       0x0000015c   Zero   RW          852    .bss                i2c.o
    0x20001170        -       0x00000020   Zero   RW          904    .bss                rtc.o
    0x20001190        -       0x00000118   Zero   RW          946    .bss                spi.o
    0x200012a8        -       0x000001b0   Zero   RW          994    .bss                tim.o
    0x20001458        -       0x000002b8   Zero   RW         1068    .bss                usart.o
    0x20001710        -       0x00000048   Zero   RW         1274    .bss                stm32f4xx_hal_timebase_tim.o
    0x20001758        -       0x00000040   Zero   RW         5836    .bss                queue.o
    0x20001798        -       0x000000f0   Zero   RW         6215    .bss                tasks.o
    0x20001888        -       0x00000110   Zero   RW         6545    .bss                timers.o
    0x20001998        -       0x00006000   Zero   RW         7082    .bss                heap_4.o
    0x20007998        -       0x00000078   Zero   RW         8618    .bss                motor.o
    0x20007a10        -       0x000004a4   Zero   RW         8857    .bss                gimbal_behaviour.o
    0x20007eb4        -       0x00000364   Zero   RW         8968    .bss                can_receive.o
    0x20008218        -       0x00000081   Zero   RW         9102    .bss                remote_control.o
    0x20008299   COMPRESSED   0x00000003   PAD
    0x2000829c        -       0x000002e0   Zero   RW         9307    .bss                imu_solve.o
    0x2000857c        -       0x00000140   Zero   RW         9403    .bss                imu_task.o
    0x200086bc        -       0x00000124   Zero   RW         9575    .bss                autogimbal.o
    0x200087e0        -       0x000000c4   Zero   RW         9667    .bss                music_task.o
    0x200088a4        -       0x00000078   Zero   RW         9743    .bss                music_start.o
    0x2000891c        -       0x00000078   Zero   RW         9990    .bss                music_rc_offline.o
    0x20008994        -       0x00000e10   Zero   RW        10017    .bss                music_see_you_again.o
    0x200097a4        -       0x0000023c   Zero   RW        10058    .bss                shoot_fric_trigger.o
    0x200099e0        -       0x00002000   Zero   RW            2    HEAP                startup_stm32f407xx.o
    0x2000b9e0        -       0x00002000   Zero   RW            1    STACK               startup_stm32f407xx.o


    Execution Region RW_IRAM2 (Exec base: 0x2001c000, Load base: 0x08016a0c, Size: 0x00000000, Max: 0x00004000, ABSOLUTE)

    **** No section assigned to this execution region ****


==============================================================================

Image component sizes


      Code (inc. data)   RO Data    RW Data    ZI Data      Debug   Object Name

       396         42          0          0        144       2510   adc.o
       324         42          0          1        292       4225   autogimbal.o
      2338         40         18         44          0      11103   bmi088driver.o
       140         28          0          0          0       5148   bmi088middleware.o
       100         10          0          0          0        630   bsp_can.o
       128         20          0          8          0     595516   bsp_delay.o
       124         14          0          0          0        550   bsp_i2c.o
        12          4          0          0          0        534   bsp_imu_pwm.o
       156         14          0          0          0       1086   bsp_rc.o
     10428        170          0          0          0       5726   bsp_spi.o
       488         44          0          4         80       2570   can.o
      2022        170          0         39        868      18019   can_receive.o
       142          0          0          0          0      25695   cmsis_os.o
         0          0          0          0          0       7516   croutine.o
       200          6          0          0          0        914   dma.o
         0          0          0          0          0      22424   event_groups.o
        22          0          0          0          0       2058   fifo.o
       268         56        233         28       2304     772112   freertos.o
      2546        242         72         34       1188       7300   gimbal_behaviour.o
       238         20          0          0          0     603129   gimbal_task.o
       552         26          0          0          0     739539   gpio.o
       724         74          0         32      24576       5107   heap_4.o
       680         78          0          0        348       3276   i2c.o
      3332        218         36        980        736      11800   imu_solve.o
      4136        304         12        200        320      20399   imu_task.o
       148          6         12          0          0       2095   ist8310driver.o
       136         22          0          0          0       4251   ist8310driver_middleware.o
      3084         20          0          4          0      19181   kalman_filter.o
       148          0          0          0          0       3806   list.o
       320         10          0          0          0     714351   main.o
        68         10          0          4        120       2673   motor.o
       400         18          0          8        120       1405   music_rc_offline.o
     19156        268          0          8       3600       5035   music_see_you_again.o
       760         16          0          8        120       1653   music_start.o
       112         22          0         28        196       5049   music_task.o
       592          8          0          0          0       2654   pid.o
      1014         92          0         12          0      12485   port.o
      1918         20          0          0         64      17960   queue.o
       906         48          0         10        129     581337   remote_control.o
        10          0          0          0          0        602   remote_rec_task.o
       116         22          0          0         32       1651   rtc.o
       904        112         36         13        572       7284   shoot_fric_trigger.o
        68          6          0          4          0       1842   shoot_task.o
       160         16          0          0          0       2502   slidingmodec.o
       416         38          0          0        280       2043   spi.o
        36          8        392          0      16384        872   startup_stm32f407xx.o
        96         20          0          9          0       8294   stm32f4xx_hal.o
       852         28          0          0          0       2895   stm32f4xx_hal_adc.o
      2196          4          0          0          0      15245   stm32f4xx_hal_can.o
       260         22          0          0          0      33798   stm32f4xx_hal_cortex.o
      1436         16          8          0          0       7362   stm32f4xx_hal_dma.o
       540         50          0          0          0       2895   stm32f4xx_hal_gpio.o
      3016         48          0          0          0      12314   stm32f4xx_hal_i2c.o
        84          6          0          0          0        910   stm32f4xx_hal_msp.o
      1888         94          0          0          0       6581   stm32f4xx_hal_rcc.o
       416         20          0          0          0       1480   stm32f4xx_hal_rcc_ex.o
       356         10          0          0          0       3471   stm32f4xx_hal_rtc.o
      1136         12          0          0          0       4837   stm32f4xx_hal_spi.o
      2056        112          0          0          0      15764   stm32f4xx_hal_tim.o
       300         30          0          0          0       3541   stm32f4xx_hal_tim_ex.o
       180         18          0          0         72       1559   stm32f4xx_hal_timebase_tim.o
      3026         28          0          0          0      17823   stm32f4xx_hal_uart.o
       190         48          0          0          0       9329   stm32f4xx_it.o
         0          0          0          0          0        416   stream_buffer.o
        20          6         24          4          0       1215   system_stm32f4xx.o
      3718        420          0         60        240      34925   tasks.o
      1988        138          0          0        432       7119   tim.o
      1318        124          0         20        272      33803   timers.o
       992         94          0          0        696       3815   usart.o
       348         20          0          0          0       7092   user_lib.o

    ----------------------------------------------------------------------
     86446       3752        880       1576      54188    4496100   Object Totals
         0          0         32          0          0          0   (incl. Generated)
        66          0          5         14          3          0   (incl. Padding)

    ----------------------------------------------------------------------

      Code (inc. data)   RO Data    RW Data    ZI Data      Debug   Library Member Name

       264          0          0          0          0      17798   arm_mat_add_f32.o
         8          0          0          0          0        843   arm_mat_init_f32.o
      1328          4          0          0          0       2718   arm_mat_inverse_f32.o
       316          4          0          0          0       1627   arm_mat_mult_f32.o
       264          0          0          0          0       1482   arm_mat_sub_f32.o
       276          0          0          0          0       1516   arm_mat_trans_f32.o
       300         42          0          0          0        176   asinf.o
       684         90          0          0          0        208   atan2f.o
        38          0          0          0          0        116   fpclassifyf.o
        44         12          0          0          0        464   funder.o
        62          0          0          0          0        136   sqrtf_full.o
        86          0          0          0          0          0   __dczerorl2.o
         0          0          0          0          0          0   entry.o
         0          0          0          0          0          0   entry10a.o
         0          0          0          0          0          0   entry11a.o
         4          0          0          0          0          0   entry12b.o
         8          4          0          0          0          0   entry2.o
         4          0          0          0          0          0   entry5.o
         0          0          0          0          0          0   entry7b.o
         0          0          0          0          0          0   entry8b.o
         8          4          0          0          0          0   entry9a.o
        12          6          0          4          0         68   errno.o
        30          0          0          0          0          0   handlers.o
        36          8          0          0          0         68   init.o
         0          0          0          0          0          0   iusefp.o
        30          0          0          0          0         68   llshl.o
        36          0          0          0          0         68   llsshr.o
        32          0          0          0          0         68   llushr.o
       108         16          0          0          0         84   malloc.o
        36          0          0          0          0         68   memcpya.o
        36          0          0          0          0        108   memseta.o
         0          0          0          8          0          0   mvars.o
        14          0          0          0          0         68   strlen.o
        98          0          0          0          0         92   uldiv.o
        56          0          0          0          0         88   d2f.o
       334          0          0          0          0        148   dadd.o
       186          0          0          0          0        176   depilogue.o
        34          0          0          0          0         76   dflti.o
       228          0          0          0          0         96   dmul.o
        38          0          0          0          0         68   f2d.o
       110          0          0          0          0        168   fepilogue.o

    ----------------------------------------------------------------------
      5154        190          0         12          0      28664   Library Totals
         6          0          0          0          0          0   (incl. Padding)

    ----------------------------------------------------------------------

      Code (inc. data)   RO Data    RW Data    ZI Data      Debug   Library Name

      2456          8          0          0          0      25984   arm_cortexM4lf_math.lib
      1128        144          0          0          0       1100   m_wm.l
       578         38          0         12          0        760   mc_w.l
       986          0          0          0          0        820   mf_w.l

    ----------------------------------------------------------------------
      5154        190          0         12          0      28664   Library Totals

    ----------------------------------------------------------------------

==============================================================================


      Code (inc. data)   RO Data    RW Data    ZI Data      Debug   

     91600       3942        880       1588      54188    4487420   Grand Totals
     91600       3942        880        204      54188    4487420   ELF Image Totals (compressed)
     91600       3942        880        204          0          0   ROM Totals

==============================================================================

    Total RO  Size (Code + RO Data)                92480 (  90.31kB)
    Total RW  Size (RW Data + ZI Data)             55776 (  54.47kB)
    Total ROM Size (Code + RO Data + RW Data)      92684 (  90.51kB)

==============================================================================

