Component: ARM Compiler 5.06 update 7 (build 960) Tool: armlink [4d3601]

==============================================================================

Section Cross References

    startup_stm32h723xx.o(RESET) refers to startup_stm32h723xx.o(STACK) for __initial_sp
    startup_stm32h723xx.o(RESET) refers to startup_stm32h723xx.o(.text) for Reset_Handler
    startup_stm32h723xx.o(RESET) refers to stm32h7xx_it.o(i.NMI_Handler) for NMI_Handler
    startup_stm32h723xx.o(RESET) refers to stm32h7xx_it.o(i.HardFault_Handler) for HardFault_Handler
    startup_stm32h723xx.o(RESET) refers to stm32h7xx_it.o(i.MemManage_Handler) for MemManage_Handler
    startup_stm32h723xx.o(RESET) refers to stm32h7xx_it.o(i.BusFault_Handler) for BusFault_Handler
    startup_stm32h723xx.o(RESET) refers to stm32h7xx_it.o(i.UsageFault_Handler) for UsageFault_Handler
    startup_stm32h723xx.o(RESET) refers to port.o(.emb_text) for SVC_Handler
    startup_stm32h723xx.o(RESET) refers to stm32h7xx_it.o(i.DebugMon_Handler) for DebugMon_Handler
    startup_stm32h723xx.o(RESET) refers to port.o(i.SysTick_Handler) for SysTick_Handler
    startup_stm32h723xx.o(RESET) refers to stm32h7xx_it.o(i.DMA1_Stream0_IRQHandler) for DMA1_Stream0_IRQHandler
    startup_stm32h723xx.o(RESET) refers to stm32h7xx_it.o(i.DMA1_Stream1_IRQHandler) for DMA1_Stream1_IRQHandler
    startup_stm32h723xx.o(RESET) refers to stm32h7xx_it.o(i.DMA1_Stream2_IRQHandler) for DMA1_Stream2_IRQHandler
    startup_stm32h723xx.o(RESET) refers to stm32h7xx_it.o(i.DMA1_Stream3_IRQHandler) for DMA1_Stream3_IRQHandler
    startup_stm32h723xx.o(RESET) refers to stm32h7xx_it.o(i.FDCAN1_IT0_IRQHandler) for FDCAN1_IT0_IRQHandler
    startup_stm32h723xx.o(RESET) refers to stm32h7xx_it.o(i.FDCAN2_IT0_IRQHandler) for FDCAN2_IT0_IRQHandler
    startup_stm32h723xx.o(RESET) refers to stm32h7xx_it.o(i.TIM2_IRQHandler) for TIM2_IRQHandler
    startup_stm32h723xx.o(RESET) refers to stm32h7xx_it.o(i.SPI2_IRQHandler) for SPI2_IRQHandler
    startup_stm32h723xx.o(RESET) refers to stm32h7xx_it.o(i.USART1_IRQHandler) for USART1_IRQHandler
    startup_stm32h723xx.o(RESET) refers to stm32h7xx_it.o(i.UART5_IRQHandler) for UART5_IRQHandler
    startup_stm32h723xx.o(RESET) refers to stm32h7xx_it.o(i.DMA2_Stream0_IRQHandler) for DMA2_Stream0_IRQHandler
    startup_stm32h723xx.o(RESET) refers to stm32h7xx_it.o(i.DMA2_Stream1_IRQHandler) for DMA2_Stream1_IRQHandler
    startup_stm32h723xx.o(RESET) refers to stm32h7xx_it.o(i.DMA2_Stream6_IRQHandler) for DMA2_Stream6_IRQHandler
    startup_stm32h723xx.o(RESET) refers to computer_rec.o(i.UART7_IRQHandler) for UART7_IRQHandler
    startup_stm32h723xx.o(RESET) refers to tof_distance.o(i.USART10_IRQHandler) for USART10_IRQHandler
    startup_stm32h723xx.o(RESET) refers to stm32h7xx_it.o(i.FDCAN3_IT0_IRQHandler) for FDCAN3_IT0_IRQHandler
    startup_stm32h723xx.o(.text) refers to system_stm32h7xx.o(i.ExitRun0Mode) for ExitRun0Mode
    startup_stm32h723xx.o(.text) refers to system_stm32h7xx.o(i.SystemInit) for SystemInit
    startup_stm32h723xx.o(.text) refers to entry.o(.ARM.Collect$$$$00000000) for __main
    main.o(i.HAL_TIM_PeriodElapsedCallback) refers to stm32h7xx_hal.o(i.HAL_IncTick) for HAL_IncTick
    main.o(i.PeriphCommonClock_Config) refers to memseta.o(.text) for __aeabi_memclr4
    main.o(i.PeriphCommonClock_Config) refers to stm32h7xx_hal_rcc_ex.o(i.HAL_RCCEx_PeriphCLKConfig) for HAL_RCCEx_PeriphCLKConfig
    main.o(i.PeriphCommonClock_Config) refers to main.o(i.Error_Handler) for Error_Handler
    main.o(i.SystemClock_Config) refers to memseta.o(.text) for __aeabi_memclr4
    main.o(i.SystemClock_Config) refers to stm32h7xx_hal_pwr_ex.o(i.HAL_PWREx_ConfigSupply) for HAL_PWREx_ConfigSupply
    main.o(i.SystemClock_Config) refers to stm32h7xx_hal_rcc.o(i.HAL_RCC_OscConfig) for HAL_RCC_OscConfig
    main.o(i.SystemClock_Config) refers to main.o(i.Error_Handler) for Error_Handler
    main.o(i.SystemClock_Config) refers to stm32h7xx_hal_rcc.o(i.HAL_RCC_ClockConfig) for HAL_RCC_ClockConfig
    main.o(i.main) refers to stm32h7xx_hal.o(i.HAL_Init) for HAL_Init
    main.o(i.main) refers to main.o(i.SystemClock_Config) for SystemClock_Config
    main.o(i.main) refers to main.o(i.PeriphCommonClock_Config) for PeriphCommonClock_Config
    main.o(i.main) refers to gpio.o(i.MX_GPIO_Init) for MX_GPIO_Init
    main.o(i.main) refers to dma.o(i.MX_DMA_Init) for MX_DMA_Init
    main.o(i.main) refers to fdcan.o(i.MX_FDCAN1_Init) for MX_FDCAN1_Init
    main.o(i.main) refers to fdcan.o(i.MX_FDCAN2_Init) for MX_FDCAN2_Init
    main.o(i.main) refers to fdcan.o(i.MX_FDCAN3_Init) for MX_FDCAN3_Init
    main.o(i.main) refers to spi.o(i.MX_SPI2_Init) for MX_SPI2_Init
    main.o(i.main) refers to tim.o(i.MX_TIM3_Init) for MX_TIM3_Init
    main.o(i.main) refers to usart.o(i.MX_UART5_Init) for MX_UART5_Init
    main.o(i.main) refers to usart.o(i.MX_USART1_UART_Init) for MX_USART1_UART_Init
    main.o(i.main) refers to usart.o(i.MX_UART7_Init) for MX_UART7_Init
[...]
    Kalman_Filter_Measure                    0x0800961d   Thumb Code    68  kalman_filter.o(i.Kalman_Filter_Measure)
    Kalman_Filter_P_Update                   0x08009665   Thumb Code    98  kalman_filter.o(i.Kalman_Filter_P_Update)
    Kalman_Filter_PminusUpdate               0x080096c7   Thumb Code   108  kalman_filter.o(i.Kalman_Filter_PminusUpdate)
    Kalman_Filter_SetK                       0x08009733   Thumb Code   190  kalman_filter.o(i.Kalman_Filter_SetK)
    Kalman_Filter_Update                     0x080097f1   Thumb Code   228  kalman_filter.o(i.Kalman_Filter_Update)
    Kalman_Filter_xhatMinusUpdate            0x080098d9   Thumb Code   116  kalman_filter.o(i.Kalman_Filter_xhatMinusUpdate)
    Kalman_Filter_xhatUpdate                 0x0800994d   Thumb Code   128  kalman_filter.o(i.Kalman_Filter_xhatUpdate)
    Keyboard_DataProcess                     0x080099cd   Thumb Code    74  bsp_rc.o(i.Keyboard_DataProcess)
    LegController_CalcSpringForce            0x08009a19   Thumb Code   212  chassis_balance_extra.o(i.LegController_CalcSpringForce)
    LowPassFilterCalc                        0x08009ec5   Thumb Code    38  user_lib.o(i.LowPassFilterCalc)
    LowPassFilterInit                        0x08009eed   Thumb Code    14  user_lib.o(i.LowPassFilterInit)
    MToC_sendControl                         0x08009f01   Thumb Code   100  can_cmd_damiao.o(i.MToC_sendControl)
    MX_DMA_Init                              0x08009f79   Thumb Code   152  dma.o(i.MX_DMA_Init)
    MX_FDCAN1_Init                           0x0800a015   Thumb Code    92  fdcan.o(i.MX_FDCAN1_Init)
    MX_FDCAN2_Init                           0x0800a079   Thumb Code    96  fdcan.o(i.MX_FDCAN2_Init)
    MX_FDCAN3_Init                           0x0800a0e1   Thumb Code    96  fdcan.o(i.MX_FDCAN3_Init)
    MX_FREERTOS_Init                         0x0800a149   Thumb Code   118  freertos.o(i.MX_FREERTOS_Init)
    MX_GPIO_Init                             0x0800a1c9   Thumb Code   210  gpio.o(i.MX_GPIO_Init)
    MX_SPI2_Init                             0x0800a2a9   Thumb Code    86  spi.o(i.MX_SPI2_Init)
    MX_TIM3_Init                             0x0800a309   Thumb Code   108  tim.o(i.MX_TIM3_Init)
    MX_UART5_Init                            0x0800a37d   Thumb Code   100  usart.o(i.MX_UART5_Init)
    MX_UART7_Init                            0x0800a3ed   Thumb Code    94  usart.o(i.MX_UART7_Init)
    MX_USART10_UART_Init                     0x0800a455   Thumb Code    94  usart.o(i.MX_USART10_UART_Init)
    MX_USART1_UART_Init                      0x0800a4bd   Thumb Code    94  usart.o(i.MX_USART1_UART_Init)
    MahonyAHRSinit                           0x0800a525   Thumb Code   488  mahonyahrs.o(i.MahonyAHRSinit)
    MahonyAHRSupdateIMU                      0x0800a715   Thumb Code   460  mahonyahrs.o(i.MahonyAHRSupdateIMU)
    Mahony_Init                              0x0800a8e9   Thumb Code    56  mahonyahrs.o(i.Mahony_Init)
    Mahony_computeAngles                     0x0800a929   Thumb Code   182  mahonyahrs.o(i.Mahony_computeAngles)
    Mahony_invSqrt                           0x0800a9e9   Thumb Code    56  mahonyahrs.o(i.Mahony_invSqrt)
    Mahony_update                            0x0800aa25   Thumb Code   820  mahonyahrs.o(i.Mahony_update)
    MemManage_Handler                        0x0800ad61   Thumb Code     2  stm32h7xx_it.o(i.MemManage_Handler)
    MotorInit                                0x0800ae51   Thumb Code    48  motor.o(i.MotorInit)
    NMI_Handler                              0x0800ae89   Thumb Code     2  stm32h7xx_it.o(i.NMI_Handler)
    PID_calc                                 0x0800ae8d   Thumb Code   366  pid.o(i.PID_calc)
    PID_init                                 0x0800b001   Thumb Code    92  pid.o(i.PID_init)
    PeriphCommonClock_Config                 0x0800b061   Thumb Code    70  main.o(i.PeriphCommonClock_Config)
    SPI2_IRQHandler                          0x0800b2f1   Thumb Code     6  stm32h7xx_it.o(i.SPI2_IRQHandler)
    SavePosZero                              0x0800b425   Thumb Code    44  can_cmd_damiao.o(i.SavePosZero)
    SendJointMotorCmd                        0x0800b455   Thumb Code   358  chassis_task.o(i.SendJointMotorCmd)
    SendWheelMotorCmd                        0x0800b5c9   Thumb Code    96  chassis_task.o(i.SendWheelMotorCmd)
    StartDefaultTask                         0x0800b631   Thumb Code    28  freertos.o(i.StartDefaultTask)
    State_check_task                         0x0800b655   Thumb Code    28  state_chexk_task.o(i.State_check_task)
    SysTick_Handler                          0x0800b679   Thumb Code    38  port.o(i.SysTick_Handler)
    SystemClock_Config                       0x0800b6a5   Thumb Code   144  main.o(i.SystemClock_Config)
    SystemInit                               0x0800b739   Thumb Code   184  system_stm32h7xx.o(i.SystemInit)
    TIM2_IRQHandler                          0x0800b811   Thumb Code     6  stm32h7xx_it.o(i.TIM2_IRQHandler)
    TIM_Base_SetConfig                       0x0800b81d   Thumb Code   180  stm32h7xx_hal_tim.o(i.TIM_Base_SetConfig)
    TIM_CCxChannelCmd                        0x0800b8f9   Thumb Code    26  stm32h7xx_hal_tim.o(i.TIM_CCxChannelCmd)
    TIM_OC2_SetConfig                        0x0800b9b5   Thumb Code   124  stm32h7xx_hal_tim.o(i.TIM_OC2_SetConfig)
    TOF_control_init                         0x0800bc31   Thumb Code    22  tof_distance.o(i.TOF_control_init)
    UART5_IRQHandler                         0x0800bc51   Thumb Code     6  stm32h7xx_it.o(i.UART5_IRQHandler)
    UART7_IRQHandler                         0x0800bc5d   Thumb Code    32  computer_rec.o(i.UART7_IRQHandler)
    UART_AdvFeatureConfig                    0x0800bcc9   Thumb Code   200  stm32h7xx_hal_uart.o(i.UART_AdvFeatureConfig)
    UART_CheckIdleState                      0x0800bd91   Thumb Code   170  stm32h7xx_hal_uart.o(i.UART_CheckIdleState)
    UART_SetConfig                           0x0800c4f5   Thumb Code  1326  stm32h7xx_hal_uart.o(i.UART_SetConfig)
    UART_Start_Receive_DMA                   0x0800ca25   Thumb Code   152  stm32h7xx_hal_uart.o(i.UART_Start_Receive_DMA)
    UART_Start_Receive_IT                    0x0800cac9   Thumb Code   274  stm32h7xx_hal_uart.o(i.UART_Start_Receive_IT)
    UART_WaitOnFlagUntilTimeout              0x0800cbed   Thumb Code   152  stm32h7xx_hal_uart.o(i.UART_WaitOnFlagUntilTimeout)
    UI_Task                                  0x0800cc85   Thumb Code     8  judge_paint_task.o(i.UI_Task)
    USART10_IRQHandler                       0x0800cc8d   Thumb Code    32  tof_distance.o(i.USART10_IRQHandler)
    USART1_IRQHandler                        0x0800ccb1   Thumb Code     6  stm32h7xx_it.o(i.USART1_IRQHandler)
    UsageFault_Handler                       0x0800d1b1   Thumb Code     2  stm32h7xx_it.o(i.UsageFault_Handler)
    Usart10Receive_IDLE                      0x0800d1b5   Thumb Code   222  tof_distance.o(i.Usart10Receive_IDLE)
    Usart7Receive_IDLE                       0x0800d2ad   Thumb Code    40  computer_rec.o(i.Usart7Receive_IDLE)
    Verify_CRC16_Check_Sum                   0x0800d2dd   Thumb Code    60  computer_rec.o(i.Verify_CRC16_Check_Sum)
    Verify_CRC8_Check_Sum                    0x0800d31d   Thumb Code    46  computer_rec.o(i.Verify_CRC8_Check_Sum)
    __0vsnprintf                             0x0800d34d   Thumb Code    46  printfa.o(i.__0vsnprintf)
    __1vsnprintf                             0x0800d34d   Thumb Code     0  printfa.o(i.__0vsnprintf)
    __2vsnprintf                             0x0800d34d   Thumb Code     0  printfa.o(i.__0vsnprintf)
    __c89vsnprintf                           0x0800d34d   Thumb Code     0  printfa.o(i.__0vsnprintf)
    vsnprintf                                0x0800d34d   Thumb Code     0  printfa.o(i.__0vsnprintf)
    __ARM_fpclassify                         0x0800d381   Thumb Code    48  fpclassify.o(i.__ARM_fpclassify)
    __ARM_fpclassifyf                        0x0800d3b1   Thumb Code    38  fpclassifyf.o(i.__ARM_fpclassifyf)
    __hardfp_acosf                           0x0800d3f9   Thumb Code   234  acosf.o(i.__hardfp_acosf)
    __hardfp_asinf                           0x0800d51d   Thumb Code   258  asinf.o(i.__hardfp_asinf)
    __hardfp_atan                            0x0800d659   Thumb Code   402  atan.o(i.__hardfp_atan)
    __hardfp_atan2                           0x0800d859   Thumb Code   392  atan2.o(i.__hardfp_atan2)
    __hardfp_atan2f                          0x0800da21   Thumb Code   594  atan2f.o(i.__hardfp_atan2f)
    __hardfp_cos                             0x0800dcd9   Thumb Code   158  cos.o(i.__hardfp_cos)
    __hardfp_cosf                            0x0800dd89   Thumb Code   276  cosf.o(i.__hardfp_cosf)
    __hardfp_sin                             0x0800ded9   Thumb Code   158  sin.o(i.__hardfp_sin)
    __hardfp_sinf                            0x0800df89   Thumb Code   344  sinf.o(i.__hardfp_sinf)
    __hardfp_sqrt                            0x0800e11d   Thumb Code   102  sqrt.o(i.__hardfp_sqrt)
    __hardfp_sqrtf                           0x0800e183   Thumb Code    58  sqrtf.o(i.__hardfp_sqrtf)
    __ieee754_rem_pio2                       0x0800e1c1   Thumb Code   646  rred.o(i.__ieee754_rem_pio2)
    __kernel_cos                             0x0800e4d1   Thumb Code   182  cos_i.o(i.__kernel_cos)
    __kernel_poly                            0x0800e5b1   Thumb Code   112  poly.o(i.__kernel_poly)
    __kernel_sin                             0x0800e621   Thumb Code   144  sin_i.o(i.__kernel_sin)
    __mathlib_dbl_infnan                     0x0800e6c9   Thumb Code     6  dunder.o(i.__mathlib_dbl_infnan)
    __mathlib_dbl_infnan2                    0x0800e6cf   Thumb Code     6  dunder.o(i.__mathlib_dbl_infnan2)
    __mathlib_dbl_invalid                    0x0800e6d9   Thumb Code    10  dunder.o(i.__mathlib_dbl_invalid)
    __mathlib_dbl_underflow                  0x0800e6f1   Thumb Code    10  dunder.o(i.__mathlib_dbl_underflow)
    __mathlib_flt_infnan                     0x0800e709   Thumb Code     6  funder.o(i.__mathlib_flt_infnan)
    __mathlib_flt_infnan2                    0x0800e70f   Thumb Code     6  funder.o(i.__mathlib_flt_infnan2)
    __mathlib_flt_invalid                    0x0800e715   Thumb Code    10  funder.o(i.__mathlib_flt_invalid)
    __mathlib_flt_underflow                  0x0800e725   Thumb Code    10  funder.o(i.__mathlib_flt_underflow)
    __mathlib_rredf2                         0x0800e735   Thumb Code   316  rredf.o(i.__mathlib_rredf2)
    __scatterload_copy                       0x0800e889   Thumb Code    14  handlers.o(i.__scatterload_copy)
    __scatterload_null                       0x0800e897   Thumb Code     2  handlers.o(i.__scatterload_null)
    __scatterload_zeroinit                   0x0800e899   Thumb Code    14  handlers.o(i.__scatterload_zeroinit)
    __set_errno                              0x0800e8a9   Thumb Code     6  errno.o(i.__set_errno)
    angle_difference                         0x0800f155   Thumb Code     8  user_lib.o(i.angle_difference)
    arm_atan2_f32                            0x0800f15d   Thumb Code   524  fastmathfunctions.o(i.arm_atan2_f32)
    arm_cos_f32                              0x0800f385   Thumb Code   124  fastmathfunctions.o(i.arm_cos_f32)
    arm_mat_add_f32                          0x0800f40d   Thumb Code    72  matrixfunctions.o(i.arm_mat_add_f32)
    arm_mat_init_f32                         0x0800f455   Thumb Code     8  matrixfunctions.o(i.arm_mat_init_f32)
    arm_mat_inverse_f32                      0x0800f45d   Thumb Code   696  matrixfunctions.o(i.arm_mat_inverse_f32)
    arm_mat_mult_f32                         0x0800f719   Thumb Code   134  matrixfunctions.o(i.arm_mat_mult_f32)
    arm_mat_sub_f32                          0x0800f7a5   Thumb Code    72  matrixfunctions.o(i.arm_mat_sub_f32)
    arm_mat_trans_f32                        0x0800f7ed   Thumb Code    68  matrixfunctions.o(i.arm_mat_trans_f32)
    arm_sin_f32                              0x0800f831   Thumb Code   120  fastmathfunctions.o(i.arm_sin_f32)
    atan                                     0x0800f8b5   Thumb Code    16  atan.o(i.atan)
    bmi088_accel_init                        0x0800f8c5   Thumb Code   264  bmi088driver.o(i.bmi088_accel_init)
    bmi088_gyro_init                         0x0800f9d1   Thumb Code   214  bmi088driver.o(i.bmi088_gyro_init)
    canx_send_data                           0x0800faad   Thumb Code    42  bsp_can.o(i.canx_send_data)
    chassis_task                             0x0800fad9   Thumb Code    64  chassis_task.o(i.chassis_task)
    fabs                                     0x0800fb1d   Thumb Code    24  fabs.o(i.fabs)
    fdcan1_rx_callback                       0x0800fb35   Thumb Code   112  bsp_can.o(i.fdcan1_rx_callback)
    fdcan2_rx_callback                       0x0800fbb1   Thumb Code    76  bsp_can.o(i.fdcan2_rx_callback)
    fdcan3_rx_callback                       0x0800fc09   Thumb Code    56  bsp_can.o(i.fdcan3_rx_callback)
    float_to_uint                            0x0800fc4d   Thumb Code    40  user_lib.o(i.float_to_uint)
    fp32_constrain                           0x0800fc75   Thumb Code    32  user_lib.o(i.fp32_constrain)
    get_remote_control_point                 0x0800fc95   Thumb Code     4  bsp_rc.o(i.get_remote_control_point)
    imu_task                                 0x0800fc9d   Thumb Code    16  imu_task.o(i.imu_task)
    judgeCalculate                           0x0800fced   Thumb Code   518  computer_rec.o(i.judgeCalculate)
    loop_fp32_constrain                      0x0800ff01   Thumb Code    70  user_lib.o(i.loop_fp32_constrain)
    main                                     0x0800ff49   Thumb Code   106  main.o(i.main)
    normalize_angle                          0x0800ffcd   Thumb Code    38  user_lib.o(i.normalize_angle)
    osDelay                                  0x08010001   Thumb Code    16  cmsis_os.o(i.osDelay)
    osKernelStart                            0x08010011   Thumb Code    10  cmsis_os.o(i.osKernelStart)
    osThreadCreate                           0x0801001b   Thumb Code    88  cmsis_os.o(i.osThreadCreate)
    printf_DMA                               0x08010075   Thumb Code    52  usart.o(i.printf_DMA)
    pvPortMalloc                             0x08010429   Thumb Code   214  heap_4.o(i.pvPortMalloc)
    pxPortInitialiseStack                    0x08010505   Thumb Code    30  port.o(i.pxPortInitialiseStack)
    sqrtf                                    0x080105f9   Thumb Code    62  sqrtf.o(i.sqrtf)
    standup_STATE                            0x08010639   Thumb Code   190  state_chexk_task.o(i.standup_STATE)
    theta_transform                          0x08010715   Thumb Code    64  user_lib.o(i.theta_transform)
    uint_to_float                            0x08010765   Thumb Code    40  user_lib.o(i.uint_to_float)
    user_malloc                              0x0801078d   Thumb Code     4  kalman_filter.o(i.user_malloc)
    uxListRemove                             0x08010791   Thumb Code    38  list.o(i.uxListRemove)
    vApplicationGetIdleTaskMemory            0x080107b9   Thumb Code    16  freertos.o(i.vApplicationGetIdleTaskMemory)
    vListInitialise                          0x080107cd   Thumb Code    22  list.o(i.vListInitialise)
    vListInitialiseItem                      0x080107e3   Thumb Code     6  list.o(i.vListInitialiseItem)
    vListInsert                              0x080107e9   Thumb Code    48  list.o(i.vListInsert)
    vListInsertEnd                           0x08010819   Thumb Code    24  list.o(i.vListInsertEnd)
    vPortEnterCritical                       0x08010831   Thumb Code    54  port.o(i.vPortEnterCritical)
    vPortExitCritical                        0x08010871   Thumb Code    38  port.o(i.vPortExitCritical)
    vPortFree                                0x0801089d   Thumb Code    94  heap_4.o(i.vPortFree)
    vPortSetupTimerInterrupt                 0x08010901   Thumb Code    32  port.o(i.vPortSetupTimerInterrupt)
    vTaskDelay                               0x08010925   Thumb Code    70  tasks.o(i.vTaskDelay)
    vTaskStartScheduler                      0x08010975   Thumb Code   118  tasks.o(i.vTaskStartScheduler)
    vTaskSuspendAll                          0x080109fd   Thumb Code    10  tasks.o(i.vTaskSuspendAll)
    vTaskSwitchContext                       0x08010a0d   Thumb Code    86  tasks.o(i.vTaskSwitchContext)
    xPortStartScheduler                      0x08010a6d   Thumb Code   222  port.o(i.xPortStartScheduler)
    xTaskCreate                              0x08010b61   Thumb Code   100  tasks.o(i.xTaskCreate)
    xTaskCreateStatic                        0x08010bc5   Thumb Code    92  tasks.o(i.xTaskCreateStatic)
    xTaskGetTickCount                        0x08010c21   Thumb Code     6  tasks.o(i.xTaskGetTickCount)
    xTaskIncrementTick                       0x08010c2d   Thumb Code   198  tasks.o(i.xTaskIncrementTick)
    xTaskResumeAll                           0x08010cfd   Thumb Code   192  tasks.o(i.xTaskResumeAll)
    UARTPrescTable                           0x08010eb8   Data          24  stm32h7xx_hal_uart.o(.constdata)
    D1CorePrescTable                         0x08010ee0   Data          16  system_stm32h7xx.o(.constdata)
    IMU_QuaternionEKF_F                      0x08010fa8   Data         144  quaternionekf.o(.constdata)
    IMU_QuaternionEKF_P_Const                0x08011038   Data         144  quaternionekf.o(.constdata)
    CRC8_TAB                                 0x080110c8   Data         256  ui_interface.o(.constdata)
    wCRC_Table                               0x080111c8   Data         512  ui_interface.o(.constdata)
    sinTable_f32                             0x080113c8   Data        2052  commontables.o(.constdata)
    __mathlib_zero                           0x08011d08   Data           8  qnan.o(.constdata)
    Region$$Table$$Base                      0x08011e60   Number         0  anon$$obj.o(Region$$Table)
    Region$$Table$$Limit                     0x08011e80   Number         0  anon$$obj.o(Region$$Table)
    defaultTaskHandle                        0x24000000   Data           4  freertos.o(.data)
    Chassis_TaskHandle                       0x24000004   Data           4  freertos.o(.data)
    IMU_taskHandle                           0x24000008   Data           4  freertos.o(.data)
    State_checkHandle                        0x2400000c   Data           4  freertos.o(.data)
    MY_UI_TaskHandle                         0x24000010   Data           4  freertos.o(.data)
    usart_dma_tx_over                        0x24000018   Data           1  usart.o(.data)
    uwTickFreq                               0x2400001c   Data           1  stm32h7xx_hal.o(.data)
    uwTickPrio                               0x24000020   Data           4  stm32h7xx_hal.o(.data)
    uwTick                                   0x24000024   Data           4  stm32h7xx_hal.o(.data)
    SystemCoreClock                          0x24000028   Data           4  system_stm32h7xx.o(.data)
    SystemD2Clock                            0x2400002c   Data           4  system_stm32h7xx.o(.data)
    pxCurrentTCB                             0x24000030   Data           4  tasks.o(.data)
    rec_id1                                  0x24000098   Data           2  bsp_can.o(.data)
    rec_id2                                  0x2400009a   Data           2  bsp_can.o(.data)
    rec_id3                                  0x2400009c   Data           2  bsp_can.o(.data)
    rx_data1                                 0x2400009e   Data           8  bsp_can.o(.data)
    rx_data2                                 0x240000a6   Data           8  bsp_can.o(.data)
    rx_data3                                 0x240000ae   Data           8  bsp_can.o(.data)
    BODY_MASS_FN                             0x240000bc   Data           4  chassis_task.o(.data)
    theta                                    0x240000c0   Data           4  chassis_task.o(.data)
    length                                   0x240000c4   Data           4  chassis_task.o(.data)
    vx_ramp_rate                             0x240000c8   Data           4  chassis_task.o(.data)
    current_set_vx                           0x240000cc   Data           4  chassis_task.o(.data)
    current_wz                               0x240000d0   Data           4  chassis_task.o(.data)
    wz_ramp_rate                             0x240000d4   Data           4  chassis_task.o(.data)
    x0_OFFSET                                0x240000d8   Data           4  chassis_task.o(.data)
    x1_OFFSET                                0x240000dc   Data           4  chassis_task.o(.data)
    x2_OFFSET                                0x240000e0   Data           4  chassis_task.o(.data)
    x3_OFFSET                                0x240000e4   Data           4  chassis_task.o(.data)
    x4_OFFSET                                0x240000e8   Data           4  chassis_task.o(.data)
    x5_OFFSET                                0x240000ec   Data           4  chassis_task.o(.data)
    current_to_torque                        0x240000f0   Data           4  chassis_task.o(.data)
    ctom_message                             0x240000f4   Data           4  chassis_task.o(.data)
    F0                                       0x240000f8   Data           4  chassis_task.o(.data)
    F_leg                                    0x240000fc   Data           4  chassis_task.o(.data)
    CHASSIS                                  0x24000100   Data        2288  chassis_task.o(.data)
    CRC_INIT                                 0x240009f0   Data           2  computer_rec.o(.data)
    StandUP_state_L                          0x240009f6   Data           1  state_chexk_task.o(.data)
    StandUP_state_R                          0x240009f7   Data           1  state_chexk_task.o(.data)
    data_length                              0x240009f8   Data           1  tof_distance.o(.data)
    sizeof_float                             0x240009fa   Data           2  kalman_filter.o(.data)
    sizeof_double                            0x240009fc   Data           2  kalman_filter.o(.data)
    IMU_QuaternionEKF_P                      0x24000a00   Data         144  quaternionekf.o(.data)
    anglesComputed                           0x24000a90   Data           1  mahonyahrs.o(.data)
    twoKi                                    0x24000a94   Data           4  mahonyahrs.o(.data)
    q0                                       0x24000a98   Data           4  mahonyahrs.o(.data)
    q1                                       0x24000a9c   Data           4  mahonyahrs.o(.data)
    q2                                       0x24000aa0   Data           4  mahonyahrs.o(.data)
    q3                                       0x24000aa4   Data           4  mahonyahrs.o(.data)
    integralFBx                              0x24000aa8   Data           4  mahonyahrs.o(.data)
    integralFBy                              0x24000aac   Data           4  mahonyahrs.o(.data)
    integralFBz                              0x24000ab0   Data           4  mahonyahrs.o(.data)
    invSampleFreq                            0x24000ab4   Data           4  mahonyahrs.o(.data)
    roll_mahony                              0x24000ab8   Data           4  mahonyahrs.o(.data)
    pitch_mahony                             0x24000abc   Data           4  mahonyahrs.o(.data)
    yaw_mahony                               0x24000ac0   Data           4  mahonyahrs.o(.data)
    BMI088_ACCEL_SEN                         0x24000ac4   Data           4  bmi088driver.o(.data)
    BMI088_GYRO_SEN                          0x24000ac8   Data           4  bmi088driver.o(.data)
    attitude_flag                            0x24000af0   Data           1  imu_task.o(.data)
    RefTemp                                  0x24000af4   Data           4  imu_task.o(.data)
    yaw                                      0x24000af8   Data           4  imu_task.o(.data)
    correct_times                            0x24000afc   Data           4  imu_task.o(.data)
    temp_temperature                         0x24000b00   Data           4  imu_task.o(.data)
    temp                                     0x24000b04   Data           4  imu_task.o(.data)
    roll                                     0x24000b08   Data           4  imu_task.o(.data)
    pitch                                    0x24000b0c   Data           4  imu_task.o(.data)
    Temperature_PID_Para                     0x24000b10   Data          12  imu_task.o(.data)
    MOTORS_USED_NUM                          0x24000b4c   Data           4  motor.o(.data)
    hfdcan1                                  0x24000da8   Data         160  fdcan.o(.bss)
    hfdcan2                                  0x24000e48   Data         160  fdcan.o(.bss)
    hfdcan3                                  0x24000ee8   Data         160  fdcan.o(.bss)
    hspi2                                    0x24000f88   Data         136  spi.o(.bss)
    hdma_spi2_rx                             0x24001010   Data         120  spi.o(.bss)
    hdma_spi2_tx                             0x24001088   Data         120  spi.o(.bss)
    htim3                                    0x24001100   Data          76  tim.o(.bss)
    huart5                                   0x240013a4   Data         148  usart.o(.bss)
    huart7                                   0x24001438   Data         148  usart.o(.bss)
    huart1                                   0x240014cc   Data         148  usart.o(.bss)
    huart10                                  0x24001560   Data         148  usart.o(.bss)
    hdma_uart5_rx                            0x240015f4   Data         120  usart.o(.bss)
    hdma_uart7_rx                            0x2400166c   Data         120  usart.o(.bss)
    hdma_uart7_tx                            0x240016e4   Data         120  usart.o(.bss)
    hdma_usart1_tx                           0x2400175c   Data         120  usart.o(.bss)
    hdma_usart10_rx                          0x240017d4   Data         120  usart.o(.bss)
    htim2                                    0x2400184c   Data          76  stm32h7xx_hal_timebase_tim.o(.bss)
    rc_ctrl                                  0x24005588   Data          24  bsp_rc.o(.bss)
    rx_buff                                  0x240055a0   Data          18  bsp_rc.o(.bss)
    keyboard_data                            0x240055b2   Data          34  bsp_rc.o(.bss)
    CALIBRATE                                0x240055d4   Data          44  chassis_task.o(.bss)
    TRANSITION_MATRIX                        0x24005600   Data          10  chassis_task.o(.bss)
    target_v_set                             0x2400560c   Data          12  chassis_task.o(.bss)
    OBSERVER                                 0x24005618   Data         308  chassis_task.o(.bss)
    JudgementData                            0x2400574c   Data         286  computer_rec.o(.bss)
    judge_re                                 0x2400586a   Data         400  computer_rec.o(.bss)
    tof_data                                 0x240059fc   Data         136  tof_distance.o(.bss)
    sbus_rx_buffer                           0x24005a84   Data         128  tof_distance.o(.bss)
    QEKF_INS                                 0x24005b08   Data         480  quaternionekf.o(.bss)
    IMU_QuaternionEKF_K                      0x24005ce8   Data          72  quaternionekf.o(.bss)
    IMU_QuaternionEKF_H                      0x24005d30   Data          72  quaternionekf.o(.bss)
    Temperature_PID                          0x24005d78   Data          76  imu_task.o(.bss)
    gyro_correct                             0x24005dc4   Data          12  imu_task.o(.bss)
    gyro                                     0x24005dd0   Data          12  imu_task.o(.bss)
    accel                                    0x24005ddc   Data          12  imu_task.o(.bss)
    MOTORS                                   0x24005de8   Data         120  motor.o(.bss)
    CAN1_DM_MEASURE                          0x24005e60   Data         240  can_receive.o(.bss)
    CAN2_DJI_MEASURE                         0x24005f50   Data          80  can_receive.o(.bss)
    __initial_sp                             0x240067a0   Data           0  startup_stm32h723xx.o(STACK)



==============================================================================

Memory Map of the image

  Image Entry point : 0x080002cd

  Load Region LR_IROM1 (Base: 0x08000000, Size: 0x000129d4, Max: 0x00100000, ABSOLUTE, COMPRESSED[0x00011f14])

    Execution Region ER_IROM1 (Exec base: 0x08000000, Load base: 0x08000000, Size: 0x00011e80, Max: 0x00100000, ABSOLUTE)

    Exec Addr    Load Addr    Size         Type   Attr      Idx    E Section Name        Object

    0x08000000   0x08000000   0x000002cc   Data   RO            3    RESET               startup_stm32h723xx.o
    0x080002cc   0x080002cc   0x00000000   Code   RO        16157  * .ARM.Collect$$$$00000000  mc_w.l(entry.o)
    0x080002cc   0x080002cc   0x00000004   Code   RO        16284    .ARM.Collect$$$$00000001  mc_w.l(entry2.o)
    0x080002d0   0x080002d0   0x00000004   Code   RO        16287    .ARM.Collect$$$$00000004  mc_w.l(entry5.o)
    0x080002d4   0x080002d4   0x00000000   Code   RO        16289    .ARM.Collect$$$$00000008  mc_w.l(entry7b.o)
    0x080002d4   0x080002d4   0x00000000   Code   RO        16291    .ARM.Collect$$$$0000000A  mc_w.l(entry8b.o)
    0x080002d4   0x080002d4   0x00000008   Code   RO        16292    .ARM.Collect$$$$0000000B  mc_w.l(entry9a.o)
    0x080002dc   0x080002dc   0x00000004   Code   RO        16299    .ARM.Collect$$$$0000000E  mc_w.l(entry12b.o)
    0x080002e0   0x080002e0   0x00000000   Code   RO        16294    .ARM.Collect$$$$0000000F  mc_w.l(entry10a.o)
    0x080002e0   0x080002e0   0x00000000   Code   RO        16296    .ARM.Collect$$$$00000011  mc_w.l(entry11a.o)
    0x080002e0   0x080002e0   0x00000004   Code   RO        16285    .ARM.Collect$$$$00002712  mc_w.l(entry2.o)
    0x080002e4   0x080002e4   0x000000be   Code   RO         7208    .emb_text           port.o
    0x080003a2   0x080003a2   0x00000002   PAD
    0x080003a4   0x080003a4   0x0000002c   Code   RO            4    .text               startup_stm32h723xx.o
    0x080003d0   0x080003d0   0x00000062   Code   RO        16160    .text               mc_w.l(uldiv.o)
    0x08000432   0x08000432   0x0000001e   Code   RO        16164    .text               mc_w.l(llshl.o)
    0x08000450   0x08000450   0x00000024   Code   RO        16166    .text               mc_w.l(llsshr.o)
    0x08000474   0x08000474   0x00000024   Code   RO        16168    .text               mc_w.l(memcpya.o)
    0x08000498   0x08000498   0x00000024   Code   RO        16172    .text               mc_w.l(memseta.o)
    0x080004bc   0x080004bc   0x0000002c   Code   RO        16301    .text               mc_w.l(uidiv.o)
    0x080004e8   0x080004e8   0x00000020   Code   RO        16303    .text               mc_w.l(llushr.o)
    0x08000508   0x08000508   0x00000000   Code   RO        16312    .text               mc_w.l(iusefp.o)
    0x08000508   0x08000508   0x0000014e   Code   RO        16313    .text               mf_w.l(dadd.o)
    0x08000656   0x08000656   0x000000e4   Code   RO        16315    .text               mf_w.l(dmul.o)
    0x0800073a   0x0800073a   0x000000de   Code   RO        16317    .text               mf_w.l(ddiv.o)
    0x08000818   0x08000818   0x00000030   Code   RO        16319    .text               mf_w.l(dfixul.o)
    0x08000848   0x08000848   0x00000030   Code   RO        16321    .text               mf_w.l(cdrcmple.o)
    0x08000878   0x08000878   0x00000024   Code   RO        16325    .text               mc_w.l(init.o)
    0x0800089c   0x0800089c   0x000000ba   Code   RO        16327    .text               mf_w.l(depilogue.o)
    0x08000956   0x08000956   0x00000056   Code   RO        16337    .text               mc_w.l(__dczerorl2.o)
    0x080009ac   0x080009ac   0x00000088   Code   RO         7565    i.Auto_standup      chassis_task.o
    0x08000a34   0x08000a34   0x00000010   Code   RO         8835    i.BMI088_ACCEL_NS_H  bmi088middleware.o
    0x08000a44   0x08000a44   0x00000010   Code   RO         8836    i.BMI088_ACCEL_NS_L  bmi088middleware.o
    0x08000a54   0x08000a54   0x00000002   Code   RO         8837    i.BMI088_GPIO_init  bmi088middleware.o
    0x08000a56   0x08000a56   0x00000002   PAD
    0x08000a58   0x08000a58   0x00000010   Code   RO         8838    i.BMI088_GYRO_NS_H  bmi088middleware.o
    0x08000a68   0x08000a68   0x00000010   Code   RO         8839    i.BMI088_GYRO_NS_L  bmi088middleware.o
    0x08000a78   0x08000a78   0x00000002   Code   RO         8840    i.BMI088_com_init   bmi088middleware.o
    0x08000a7a   0x08000a7a   0x00000018   Code   RO         8841    i.BMI088_delay_ms   bmi088middleware.o
    0x08000a92   0x08000a92   0x00000032   Code   RO         8842    i.BMI088_delay_us   bmi088middleware.o
    0x08000ac4   0x08000ac4   0x00000018   Code   RO         8766    i.BMI088_init       bmi088driver.o
    0x08000adc   0x08000adc   0x0000015c   Code   RO         8767    i.BMI088_read       bmi088driver.o
    0x08000c38   0x08000c38   0x00000024   Code   RO         8768    i.BMI088_read_muli_reg  bmi088driver.o
    0x08000c5c   0x08000c5c   0x00000016   Code   RO         8769    i.BMI088_read_single_reg  bmi088driver.o
    0x08000c72   0x08000c72   0x00000002   PAD
    0x08000c74   0x08000c74   0x00000020   Code   RO         8843    i.BMI088_read_write_byte  bmi088middleware.o
    0x08000c94   0x08000c94   0x00000012   Code   RO         8770    i.BMI088_write_single_reg  bmi088driver.o
    0x08000ca6   0x08000ca6   0x00000002   PAD
    0x08000ca8   0x08000ca8   0x00000130   Code   RO         7566    i.BodyMotionObserve  chassis_task.o
    0x08000dd8   0x08000dd8   0x00000002   Code   RO          678    i.BusFault_Handler  stm32h7xx_it.o
    0x08000dda   0x08000dda   0x00000002   PAD
    0x08000ddc   0x08000ddc   0x00000024   Code   RO         7476    i.C_communication_M  bsp_can.o
    0x08000e00   0x08000e00   0x00000268   Code   RO         7908    i.CalcJacobian      chassis_balance_extra.o
    0x08001068   0x08001068   0x00000158   Code   RO         7567    i.CalcLQR           chassis_task.o
    0x080011c0   0x080011c0   0x0000002a   Code   RO         7910    i.CalcVmc           chassis_balance_extra.o
    0x080011ea   0x080011ea   0x00000002   PAD
    0x080011ec   0x080011ec   0x0000003c   Code   RO         8968    i.CanCmdDjiMotor    can_cmd_damiao.o
    0x08001228   0x08001228   0x00000030   Code   RO         7568    i.ChassisConsole    chassis_task.o
    0x08001258   0x08001258   0x00000094   Code   RO         7569    i.ChassisHandleException  chassis_task.o
    0x080012ec   0x080012ec   0x00000398   Code   RO         7570    i.ChassisInit       chassis_task.o
    0x08001684   0x08001684   0x00000044   Code   RO         7571    i.ChassisObserver   chassis_task.o
    0x080016c8   0x080016c8   0x000003ac   Code   RO         7572    i.ChassisReference  chassis_task.o
    0x08001a74   0x08001a74   0x0000000e   Code   RO         7573    i.ChassisSendCmd    chassis_task.o
    0x08001a82   0x08001a82   0x00000002   PAD
    0x08001a84   0x08001a84   0x000000bc   Code   RO         7574    i.ChassisSetMode    chassis_task.o
    0x08001b40   0x08001b40   0x00000020   Code   RO         8041    i.Computer_rec_init  computer_rec.o
    0x08001b60   0x08001b60   0x00000030   Code   RO         7575    i.ConsoleCalibrate  chassis_task.o
    0x08001b90   0x08001b90   0x000000a0   Code   RO         7576    i.ConsoleNormal     chassis_task.o
    0x08001c30   0x08001c30   0x0000006c   Code   RO         7577    i.ConsoleZeroForce  chassis_task.o
    0x08001c9c   0x08001c9c   0x0000000c   Code   RO          679    i.DMA1_Stream0_IRQHandler  stm32h7xx_it.o
    0x08001ca8   0x08001ca8   0x0000000c   Code   RO          680    i.DMA1_Stream1_IRQHandler  stm32h7xx_it.o
    0x08001cb4   0x08001cb4   0x0000000c   Code   RO          681    i.DMA1_Stream2_IRQHandler  stm32h7xx_it.o
    0x08001cc0   0x08001cc0   0x0000000c   Code   RO          682    i.DMA1_Stream3_IRQHandler  stm32h7xx_it.o
    0x08001ccc   0x08001ccc   0x0000000c   Code   RO          683    i.DMA2_Stream0_IRQHandler  stm32h7xx_it.o
    0x08001cd8   0x08001cd8   0x0000000c   Code   RO          684    i.DMA2_Stream1_IRQHandler  stm32h7xx_it.o
    0x08001ce4   0x08001ce4   0x0000000c   Code   RO          685    i.DMA2_Stream6_IRQHandler  stm32h7xx_it.o
    0x08001cf0   0x08001cf0   0x000000c0   Code   RO         2786    i.DMA_CalcBaseAndBitshift  stm32h7xx_hal_dma.o
    0x08001db0   0x08001db0   0x000000a0   Code   RO         2787    i.DMA_CalcDMAMUXChannelBaseAndMask  stm32h7xx_hal_dma.o
    0x08001e50   0x08001e50   0x0000007c   Code   RO         2788    i.DMA_CalcDMAMUXRequestGenBaseAndMask  stm32h7xx_hal_dma.o
    0x08001ecc   0x08001ecc   0x00000078   Code   RO         2789    i.DMA_CheckFifoParam  stm32h7xx_hal_dma.o
    0x08001f44   0x08001f44   0x0000023c   Code   RO         2790    i.DMA_SetConfig     stm32h7xx_hal_dma.o
    0x08002180   0x08002180   0x00000002   Code   RO          686    i.DebugMon_Handler  stm32h7xx_it.o
    0x08002182   0x08002182   0x00000032   Code   RO         9179    i.DjiFdbData        can_receive.o
    0x080021b4   0x080021b4   0x0000001c   Code   RO         8973    i.DmEnable          can_cmd_damiao.o
    0x080021d0   0x080021d0   0x000000b0   Code   RO         9180    i.DmFdbData         can_receive.o
    0x08002280   0x08002280   0x00000034   Code   RO         8976    i.DmMitCtrlTorque   can_cmd_damiao.o
    0x080022b4   0x080022b4   0x00000044   Code   RO         8977    i.DmMitCtrlVelocity  can_cmd_damiao.o
    0x080022f8   0x080022f8   0x0000001c   Code   RO         8980    i.DmSavePosZero     can_cmd_damiao.o
    0x08002314   0x08002314   0x00000030   Code   RO         8982    i.EnableMotorMode   can_cmd_damiao.o
    0x08002344   0x08002344   0x00000004   Code   RO           13    i.Error_Handler     main.o
    0x08002348   0x08002348   0x0000001c   Code   RO         5927    i.ExitRun0Mode      system_stm32h7xx.o
    0x08002364   0x08002364   0x00000060   Code   RO         7477    i.FDCAN1_Config     bsp_can.o
    0x080023c4   0x080023c4   0x0000000c   Code   RO          687    i.FDCAN1_IT0_IRQHandler  stm32h7xx_it.o
    0x080023d0   0x080023d0   0x0000005c   Code   RO         7478    i.FDCAN2_Config     bsp_can.o
    0x0800242c   0x0800242c   0x0000000c   Code   RO          688    i.FDCAN2_IT0_IRQHandler  stm32h7xx_it.o
    0x08002438   0x08002438   0x00000064   Code   RO         7479    i.FDCAN3_Config     bsp_can.o
    0x0800249c   0x0800249c   0x0000000c   Code   RO          689    i.FDCAN3_IT0_IRQHandler  stm32h7xx_it.o
    0x080024a8   0x080024a8   0x000001b0   Code   RO         4427    i.FDCAN_CalcultateRamBlockAddresses  stm32h7xx_hal_fdcan.o
    0x08002658   0x08002658   0x00000074   Code   RO         4428    i.FDCAN_CopyMessageToRAM  stm32h7xx_hal_fdcan.o
    0x080026cc   0x080026cc   0x00000084   Code   RO         9181    i.GetDjiFdbData     can_receive.o
    0x08002750   0x08002750   0x0000001c   Code   RO         9182    i.GetDjiMotorMeasurePoint  can_receive.o
    0x0800276c   0x0800276c   0x00000044   Code   RO         9183    i.GetDmFdbData      can_receive.o
    0x080027b0   0x080027b0   0x00000028   Code   RO         8983    i.GetHcanPoint      can_cmd_damiao.o
    0x080027d8   0x080027d8   0x000002bc   Code   RO         7912    i.GetK              chassis_balance_extra.o
    0x08002a94   0x08002a94   0x00000144   Code   RO         7913    i.GetL0AndPhi0      chassis_balance_extra.o
    0x08002bd8   0x08002bd8   0x0000004a   Code   RO         7914    i.GetLegForce       chassis_balance_extra.o
    0x08002c22   0x08002c22   0x00000002   PAD
    0x08002c24   0x08002c24   0x0000004c   Code   RO         9184    i.GetMotorMeasure   can_receive.o
    0x08002c70   0x08002c70   0x00000030   Code   RO         8042    i.Get_CRC16_Check_Sum  computer_rec.o
    0x08002ca0   0x08002ca0   0x0000001c   Code   RO         8043    i.Get_CRC8_Check_Sum  computer_rec.o
    0x08002cbc   0x08002cbc   0x0000000c   Code   RO         8371    i.Get_Pitch         quaternionekf.o
    0x08002cc8   0x08002cc8   0x0000000c   Code   RO         8372    i.Get_Roll          quaternionekf.o
    0x08002cd4   0x08002cd4   0x0000000c   Code   RO         8373    i.Get_Yaw           quaternionekf.o
    0x08002ce0   0x08002ce0   0x0000002a   Code   RO         7915    i.GetdL0AnddPhi0    chassis_balance_extra.o
    0x08002d0a   0x08002d0a   0x00000002   PAD
    0x08002d0c   0x08002d0c   0x0000037c   Code   RO         2791    i.HAL_DMA_Abort     stm32h7xx_hal_dma.o
    0x08003088   0x08003088   0x000002b0   Code   RO         2792    i.HAL_DMA_Abort_IT  stm32h7xx_hal_dma.o
    0x08003338   0x08003338   0x00000004   Code   RO         2794    i.HAL_DMA_GetError  stm32h7xx_hal_dma.o
    0x0800333c   0x0800333c   0x000007a8   Code   RO         2796    i.HAL_DMA_IRQHandler  stm32h7xx_hal_dma.o
    0x08003ae4   0x08003ae4   0x000003f0   Code   RO         2797    i.HAL_DMA_Init      stm32h7xx_hal_dma.o
    0x08003ed4   0x08003ed4   0x000002ec   Code   RO         2801    i.HAL_DMA_Start_IT  stm32h7xx_hal_dma.o
    0x080041c0   0x080041c0   0x00000084   Code   RO         4430    i.HAL_FDCAN_ActivateNotification  stm32h7xx_hal_fdcan.o
    0x08004244   0x08004244   0x0000006c   Code   RO         4432    i.HAL_FDCAN_AddMessageToTxFifoQ  stm32h7xx_hal_fdcan.o
    0x080042b0   0x080042b0   0x00000002   Code   RO         4433    i.HAL_FDCAN_ClockCalibrationCallback  stm32h7xx_hal_fdcan.o
    0x080042b2   0x080042b2   0x00000088   Code   RO         4437    i.HAL_FDCAN_ConfigFilter  stm32h7xx_hal_fdcan.o
    0x0800433a   0x0800433a   0x00000030   Code   RO         4438    i.HAL_FDCAN_ConfigGlobalFilter  stm32h7xx_hal_fdcan.o
    0x0800436a   0x0800436a   0x00000002   Code   RO         4459    i.HAL_FDCAN_ErrorCallback  stm32h7xx_hal_fdcan.o
    0x0800436c   0x0800436c   0x00000002   Code   RO         4460    i.HAL_FDCAN_ErrorStatusCallback  stm32h7xx_hal_fdcan.o
    0x0800436e   0x0800436e   0x00000002   PAD
    0x08004370   0x08004370   0x000001a8   Code   RO         4471    i.HAL_FDCAN_GetRxMessage  stm32h7xx_hal_fdcan.o
    0x08004518   0x08004518   0x00000002   Code   RO         4477    i.HAL_FDCAN_HighPriorityMessageCallback  stm32h7xx_hal_fdcan.o
    0x0800451a   0x0800451a   0x00000002   PAD
    0x0800451c   0x0800451c   0x000002ec   Code   RO         4478    i.HAL_FDCAN_IRQHandler  stm32h7xx_hal_fdcan.o
    0x08004808   0x08004808   0x00000268   Code   RO         4479    i.HAL_FDCAN_Init    stm32h7xx_hal_fdcan.o
    0x08004a70   0x08004a70   0x00000148   Code   RO          455    i.HAL_FDCAN_MspInit  fdcan.o
    0x08004bb8   0x08004bb8   0x00000002   Code   RO         4488    i.HAL_FDCAN_RxBufferNewMessageCallback  stm32h7xx_hal_fdcan.o
    0x08004bba   0x08004bba   0x00000002   PAD
    0x08004bbc   0x08004bbc   0x0000002c   Code   RO         7480    i.HAL_FDCAN_RxFifo0Callback  bsp_can.o
    0x08004be8   0x08004be8   0x00000014   Code   RO         7481    i.HAL_FDCAN_RxFifo1Callback  bsp_can.o
    0x08004bfc   0x08004bfc   0x00000030   Code   RO         4491    i.HAL_FDCAN_Start   stm32h7xx_hal_fdcan.o
    0x08004c2c   0x08004c2c   0x00000002   Code   RO         4513    i.HAL_FDCAN_TT_GlobalTimeCallback  stm32h7xx_hal_fdcan.o
    0x08004c2e   0x08004c2e   0x00000002   Code   RO         4514    i.HAL_FDCAN_TT_ScheduleSyncCallback  stm32h7xx_hal_fdcan.o
    0x08004c30   0x08004c30   0x00000002   Code   RO         4519    i.HAL_FDCAN_TT_StopWatchCallback  stm32h7xx_hal_fdcan.o
    0x08004c32   0x08004c32   0x00000002   Code   RO         4520    i.HAL_FDCAN_TT_TimeMarkCallback  stm32h7xx_hal_fdcan.o
    0x08004c34   0x08004c34   0x00000002   Code   RO         4521    i.HAL_FDCAN_TimeoutOccurredCallback  stm32h7xx_hal_fdcan.o
    0x08004c36   0x08004c36   0x00000002   Code   RO         4522    i.HAL_FDCAN_TimestampWraparoundCallback  stm32h7xx_hal_fdcan.o
    0x08004c38   0x08004c38   0x00000002   Code   RO         4523    i.HAL_FDCAN_TxBufferAbortCallback  stm32h7xx_hal_fdcan.o
    0x08004c3a   0x08004c3a   0x00000002   Code   RO         4524    i.HAL_FDCAN_TxBufferCompleteCallback  stm32h7xx_hal_fdcan.o
    0x08004c3c   0x08004c3c   0x00000002   Code   RO         4525    i.HAL_FDCAN_TxEventFifoCallback  stm32h7xx_hal_fdcan.o
    0x08004c3e   0x08004c3e   0x00000002   Code   RO         4526    i.HAL_FDCAN_TxFifoEmptyCallback  stm32h7xx_hal_fdcan.o
    0x08004c40   0x08004c40   0x00000214   Code   RO         2639    i.HAL_GPIO_Init     stm32h7xx_hal_gpio.o
    0x08004e54   0x08004e54   0x0000000e   Code   RO         2643    i.HAL_GPIO_WritePin  stm32h7xx_hal_gpio.o
    0x08004e62   0x08004e62   0x00000002   PAD
    0x08004e64   0x08004e64   0x0000000c   Code   RO         3504    i.HAL_GetTick       stm32h7xx_hal.o
    0x08004e70   0x08004e70   0x00000010   Code   RO         3510    i.HAL_IncTick       stm32h7xx_hal.o
    0x08004e80   0x08004e80   0x0000005c   Code   RO         3511    i.HAL_Init          stm32h7xx_hal.o
    0x08004edc   0x08004edc   0x00000090   Code   RO          844    i.HAL_InitTick      stm32h7xx_hal_timebase_tim.o
    0x08004f6c   0x08004f6c   0x00000024   Code   RO          820    i.HAL_MspInit       stm32h7xx_hal_msp.o
    0x08004f90   0x08004f90   0x0000001a   Code   RO         1921    i.HAL_NVIC_EnableIRQ  stm32h7xx_hal_cortex.o
    0x08004faa   0x08004faa   0x00000002   PAD
    0x08004fac   0x08004fac   0x00000040   Code   RO         1927    i.HAL_NVIC_SetPriority  stm32h7xx_hal_cortex.o
    0x08004fec   0x08004fec   0x00000024   Code   RO         1928    i.HAL_NVIC_SetPriorityGrouping  stm32h7xx_hal_cortex.o
    0x08005010   0x08005010   0x00000058   Code   RO         3240    i.HAL_PWREx_ConfigSupply  stm32h7xx_hal_pwr_ex.o
    0x08005068   0x08005068   0x00000024   Code   RO         2182    i.HAL_RCCEx_GetD3PCLK1Freq  stm32h7xx_hal_rcc_ex.o
    0x0800508c   0x0800508c   0x000001c0   Code   RO         2184    i.HAL_RCCEx_GetPLL2ClockFreq  stm32h7xx_hal_rcc_ex.o
    0x0800524c   0x0800524c   0x000001c0   Code   RO         2185    i.HAL_RCCEx_GetPLL3ClockFreq  stm32h7xx_hal_rcc_ex.o
    0x0800540c   0x0800540c   0x00000990   Code   RO         2191    i.HAL_RCCEx_PeriphCLKConfig  stm32h7xx_hal_rcc_ex.o
    0x08005d9c   0x08005d9c   0x0000027c   Code   RO         2067    i.HAL_RCC_ClockConfig  stm32h7xx_hal_rcc.o
    0x08006018   0x08006018   0x00000060   Code   RO         2071    i.HAL_RCC_GetClockConfig  stm32h7xx_hal_rcc.o
    0x08006078   0x08006078   0x00000044   Code   RO         2072    i.HAL_RCC_GetHCLKFreq  stm32h7xx_hal_rcc.o
    0x080060bc   0x080060bc   0x00000024   Code   RO         2074    i.HAL_RCC_GetPCLK1Freq  stm32h7xx_hal_rcc.o
    0x080060e0   0x080060e0   0x00000024   Code   RO         2075    i.HAL_RCC_GetPCLK2Freq  stm32h7xx_hal_rcc.o
    0x08006104   0x08006104   0x000001b4   Code   RO         2076    i.HAL_RCC_GetSysClockFreq  stm32h7xx_hal_rcc.o
    0x080062b8   0x080062b8   0x000005d8   Code   RO         2079    i.HAL_RCC_OscConfig  stm32h7xx_hal_rcc.o
    0x08006890   0x08006890   0x00000002   Code   RO         5052    i.HAL_SPI_ErrorCallback  stm32h7xx_hal_spi.o
    0x08006892   0x08006892   0x00000002   PAD
    0x08006894   0x08006894   0x00000230   Code   RO         5055    i.HAL_SPI_IRQHandler  stm32h7xx_hal_spi.o
    0x08006ac4   0x08006ac4   0x00000174   Code   RO         5056    i.HAL_SPI_Init      stm32h7xx_hal_spi.o
    0x08006c38   0x08006c38   0x00000128   Code   RO          510    i.HAL_SPI_MspInit   spi.o
    0x08006d60   0x08006d60   0x00000002   Code   RO         5062    i.HAL_SPI_RxCpltCallback  stm32h7xx_hal_spi.o
    0x08006d62   0x08006d62   0x00000002   Code   RO         5064    i.HAL_SPI_SuspendCallback  stm32h7xx_hal_spi.o
    0x08006d64   0x08006d64   0x000003b8   Code   RO         5066    i.HAL_SPI_TransmitReceive  stm32h7xx_hal_spi.o
    0x0800711c   0x0800711c   0x00000002   Code   RO         5071    i.HAL_SPI_TxCpltCallback  stm32h7xx_hal_spi.o
    0x0800711e   0x0800711e   0x00000002   Code   RO         5073    i.HAL_SPI_TxRxCpltCallback  stm32h7xx_hal_spi.o
    0x08007120   0x08007120   0x00000010   Code   RO         3518    i.HAL_SYSCFG_AnalogSwitchConfig  stm32h7xx_hal.o
    0x08007130   0x08007130   0x00000002   Code   RO         1610    i.HAL_TIMEx_Break2Callback  stm32h7xx_hal_tim_ex.o
    0x08007132   0x08007132   0x00000002   Code   RO         1611    i.HAL_TIMEx_BreakCallback  stm32h7xx_hal_tim_ex.o
    0x08007134   0x08007134   0x00000002   Code   RO         1612    i.HAL_TIMEx_CommutCallback  stm32h7xx_hal_tim_ex.o
    0x08007136   0x08007136   0x00000002   PAD
    0x08007138   0x08007138   0x000000b4   Code   RO         1633    i.HAL_TIMEx_MasterConfigSynchronization  stm32h7xx_hal_tim_ex.o
    0x080071ec   0x080071ec   0x0000004e   Code   RO          885    i.HAL_TIM_Base_Init  stm32h7xx_hal_tim.o
    0x0800723a   0x0800723a   0x00000002   Code   RO          887    i.HAL_TIM_Base_MspInit  stm32h7xx_hal_tim.o
    0x0800723c   0x0800723c   0x000000a8   Code   RO          890    i.HAL_TIM_Base_Start_IT  stm32h7xx_hal_tim.o
    0x080072e4   0x080072e4   0x00000002   Code   RO          919    i.HAL_TIM_IC_CaptureCallback  stm32h7xx_hal_tim.o
    0x080072e6   0x080072e6   0x00000152   Code   RO          933    i.HAL_TIM_IRQHandler  stm32h7xx_hal_tim.o
    0x08007438   0x08007438   0x00000050   Code   RO          551    i.HAL_TIM_MspPostInit  tim.o
    0x08007488   0x08007488   0x00000002   Code   RO          936    i.HAL_TIM_OC_DelayElapsedCallback  stm32h7xx_hal_tim.o
    0x0800748a   0x0800748a   0x00000136   Code   RO          957    i.HAL_TIM_PWM_ConfigChannel  stm32h7xx_hal_tim.o
    0x080075c0   0x080075c0   0x0000004e   Code   RO          960    i.HAL_TIM_PWM_Init  stm32h7xx_hal_tim.o
    0x0800760e   0x0800760e   0x00000002   PAD
    0x08007610   0x08007610   0x00000028   Code   RO          553    i.HAL_TIM_PWM_MspInit  tim.o
    0x08007638   0x08007638   0x00000002   Code   RO          963    i.HAL_TIM_PWM_PulseFinishedCallback  stm32h7xx_hal_tim.o
    0x0800763a   0x0800763a   0x00000002   PAD
    0x0800763c   0x0800763c   0x0000013c   Code   RO          965    i.HAL_TIM_PWM_Start  stm32h7xx_hal_tim.o
    0x08007778   0x08007778   0x0000000e   Code   RO           14    i.HAL_TIM_PeriodElapsedCallback  main.o
    0x08007786   0x08007786   0x00000002   Code   RO          976    i.HAL_TIM_TriggerCallback  stm32h7xx_hal_tim.o
    0x08007788   0x08007788   0x0000003e   Code   RO         5804    i.HAL_UARTEx_DisableFifoMode  stm32h7xx_hal_uart_ex.o
    0x080077c6   0x080077c6   0x00000052   Code   RO         5810    i.HAL_UARTEx_ReceiveToIdle_DMA  stm32h7xx_hal_uart_ex.o
    0x08007818   0x08007818   0x0000004e   Code   RO         5811    i.HAL_UARTEx_ReceiveToIdle_IT  stm32h7xx_hal_uart_ex.o
    0x08007866   0x08007866   0x00000002   PAD
    0x08007868   0x08007868   0x00000034   Code   RO         7288    i.HAL_UARTEx_RxEventCallback  bsp_rc.o
    0x0800789c   0x0800789c   0x00000002   Code   RO         5812    i.HAL_UARTEx_RxFifoFullCallback  stm32h7xx_hal_uart_ex.o
    0x0800789e   0x0800789e   0x0000004c   Code   RO         5813    i.HAL_UARTEx_SetRxFifoThreshold  stm32h7xx_hal_uart_ex.o
    0x080078ea   0x080078ea   0x0000004c   Code   RO         5814    i.HAL_UARTEx_SetTxFifoThreshold  stm32h7xx_hal_uart_ex.o
    0x08007936   0x08007936   0x00000002   Code   RO         5816    i.HAL_UARTEx_TxFifoEmptyCallback  stm32h7xx_hal_uart_ex.o
    0x08007938   0x08007938   0x00000002   Code   RO         5817    i.HAL_UARTEx_WakeupCallback  stm32h7xx_hal_uart_ex.o
    0x0800793a   0x0800793a   0x0000009e   Code   RO         5400    i.HAL_UART_DMAStop  stm32h7xx_hal_uart.o
    0x080079d8   0x080079d8   0x00000030   Code   RO         7289    i.HAL_UART_ErrorCallback  bsp_rc.o
    0x08007a08   0x08007a08   0x000003ac   Code   RO         5407    i.HAL_UART_IRQHandler  stm32h7xx_hal_uart.o
    0x08007db4   0x08007db4   0x00000070   Code   RO         5408    i.HAL_UART_Init     stm32h7xx_hal_uart.o
    0x08007e24   0x08007e24   0x000003b0   Code   RO          600    i.HAL_UART_MspInit  usart.o
    0x080081d4   0x080081d4   0x00000048   Code   RO         5412    i.HAL_UART_Receive_DMA  stm32h7xx_hal_uart.o
    0x0800821c   0x0800821c   0x00000002   Code   RO         5415    i.HAL_UART_RxCpltCallback  stm32h7xx_hal_uart.o
    0x0800821e   0x0800821e   0x00000002   Code   RO         5416    i.HAL_UART_RxHalfCpltCallback  stm32h7xx_hal_uart.o
    0x08008220   0x08008220   0x00000090   Code   RO         5418    i.HAL_UART_Transmit_DMA  stm32h7xx_hal_uart.o
    0x080082b0   0x080082b0   0x00000018   Code   RO          601    i.HAL_UART_TxCpltCallback  usart.o
    0x080082c8   0x080082c8   0x00000002   Code   RO         5421    i.HAL_UART_TxHalfCpltCallback  stm32h7xx_hal_uart.o
    0x080082ca   0x080082ca   0x00000002   PAD
    0x080082cc   0x080082cc   0x000000fc   Code   RO         8279    i.H_K_R_Adjustment  kalman_filter.o
    0x080083c8   0x080083c8   0x00000002   Code   RO          690    i.HardFault_Handler  stm32h7xx_it.o
    0x080083ca   0x080083ca   0x00000002   PAD
    0x080083cc   0x080083cc   0x00000198   Code   RO         8374    i.IMU_QuaternionEKF_F_Linearization_P_Fading  quaternionekf.o
    0x08008564   0x08008564   0x000000e4   Code   RO         8375    i.IMU_QuaternionEKF_Init  quaternionekf.o
    0x08008648   0x08008648   0x00000034   Code   RO         8376    i.IMU_QuaternionEKF_Observe  quaternionekf.o
    0x0800867c   0x0800867c   0x000000dc   Code   RO         8378    i.IMU_QuaternionEKF_SetH  quaternionekf.o
    0x08008758   0x08008758   0x000003f4   Code   RO         8379    i.IMU_QuaternionEKF_Update  quaternionekf.o
    0x08008b4c   0x08008b4c   0x000003f0   Code   RO         8380    i.IMU_QuaternionEKF_xhatUpdate  quaternionekf.o
    0x08008f3c   0x08008f3c   0x00000044   Code   RO         8909    i.IMU_Temperature_Ctrl  imu_task.o
    0x08008f80   0x08008f80   0x00000070   Code   RO         8910    i.INS_Init          imu_task.o
    0x08008ff0   0x08008ff0   0x0000023c   Code   RO         8911    i.INS_Task          imu_task.o
    0x0800922c   0x0800922c   0x000003f0   Code   RO         8280    i.Kalman_Filter_Init  kalman_filter.o
    0x0800961c   0x0800961c   0x00000048   Code   RO         8281    i.Kalman_Filter_Measure  kalman_filter.o
    0x08009664   0x08009664   0x00000062   Code   RO         8282    i.Kalman_Filter_P_Update  kalman_filter.o
    0x080096c6   0x080096c6   0x0000006c   Code   RO         8283    i.Kalman_Filter_PminusUpdate  kalman_filter.o
    0x08009732   0x08009732   0x000000be   Code   RO         8285    i.Kalman_Filter_SetK  kalman_filter.o
    0x080097f0   0x080097f0   0x000000e8   Code   RO         8286    i.Kalman_Filter_Update  kalman_filter.o
    0x080098d8   0x080098d8   0x00000074   Code   RO         8287    i.Kalman_Filter_xhatMinusUpdate  kalman_filter.o
    0x0800994c   0x0800994c   0x00000080   Code   RO         8288    i.Kalman_Filter_xhatUpdate  kalman_filter.o
    0x080099cc   0x080099cc   0x0000004a   Code   RO         7290    i.Keyboard_DataProcess  bsp_rc.o
    0x08009a16   0x08009a16   0x00000002   PAD
    0x08009a18   0x08009a18   0x00000100   Code   RO         7916    i.LegController_CalcSpringForce  chassis_balance_extra.o
    0x08009b18   0x08009b18   0x00000258   Code   RO         7578    i.LegTorqueController  chassis_task.o
    0x08009d70   0x08009d70   0x00000154   Code   RO         7579    i.LocomotionController  chassis_task.o
    0x08009ec4   0x08009ec4   0x00000026   Code   RO         8488    i.LowPassFilterCalc  user_lib.o
    0x08009eea   0x08009eea   0x00000002   PAD
    0x08009eec   0x08009eec   0x00000014   Code   RO         8489    i.LowPassFilterInit  user_lib.o
    0x08009f00   0x08009f00   0x00000078   Code   RO         8984    i.MToC_sendControl  can_cmd_damiao.o
    0x08009f78   0x08009f78   0x0000009c   Code   RO          430    i.MX_DMA_Init       dma.o
    0x0800a014   0x0800a014   0x00000064   Code   RO          456    i.MX_FDCAN1_Init    fdcan.o
    0x0800a078   0x0800a078   0x00000068   Code   RO          457    i.MX_FDCAN2_Init    fdcan.o
    0x0800a0e0   0x0800a0e0   0x00000068   Code   RO          458    i.MX_FDCAN3_Init    fdcan.o
    0x0800a148   0x0800a148   0x00000080   Code   RO          361    i.MX_FREERTOS_Init  freertos.o
    0x0800a1c8   0x0800a1c8   0x000000e0   Code   RO          337    i.MX_GPIO_Init      gpio.o
    0x0800a2a8   0x0800a2a8   0x00000060   Code   RO          511    i.MX_SPI2_Init      spi.o
    0x0800a308   0x0800a308   0x00000074   Code   RO          554    i.MX_TIM3_Init      tim.o
    0x0800a37c   0x0800a37c   0x00000070   Code   RO          602    i.MX_UART5_Init     usart.o
    0x0800a3ec   0x0800a3ec   0x00000068   Code   RO          603    i.MX_UART7_Init     usart.o
    0x0800a454   0x0800a454   0x00000068   Code   RO          604    i.MX_USART10_UART_Init  usart.o
    0x0800a4bc   0x0800a4bc   0x00000068   Code   RO          605    i.MX_USART1_UART_Init  usart.o
    0x0800a524   0x0800a524   0x000001f0   Code   RO         8680    i.MahonyAHRSinit    mahonyahrs.o
    0x0800a714   0x0800a714   0x000001d4   Code   RO         8681    i.MahonyAHRSupdateIMU  mahonyahrs.o
    0x0800a8e8   0x0800a8e8   0x00000040   Code   RO         8682    i.Mahony_Init       mahonyahrs.o
    0x0800a928   0x0800a928   0x000000c0   Code   RO         8683    i.Mahony_computeAngles  mahonyahrs.o
    0x0800a9e8   0x0800a9e8   0x0000003c   Code   RO         8684    i.Mahony_invSqrt    mahonyahrs.o
    0x0800aa24   0x0800aa24   0x0000033c   Code   RO         8685    i.Mahony_update     mahonyahrs.o
    0x0800ad60   0x0800ad60   0x00000002   Code   RO          691    i.MemManage_Handler  stm32h7xx_it.o
    0x0800ad62   0x0800ad62   0x00000002   PAD
    0x0800ad64   0x0800ad64   0x000000ec   Code   RO         8985    i.MitCtrl           can_cmd_damiao.o
    0x0800ae50   0x0800ae50   0x00000038   Code   RO         9126    i.MotorInit         motor.o
    0x0800ae88   0x0800ae88   0x00000002   Code   RO          692    i.NMI_Handler       stm32h7xx_it.o
    0x0800ae8a   0x0800ae8a   0x00000002   PAD
    0x0800ae8c   0x0800ae8c   0x00000174   Code   RO         8222    i.PID_calc          pid.o
    0x0800b000   0x0800b000   0x00000060   Code   RO         8224    i.PID_init          pid.o
    0x0800b060   0x0800b060   0x00000046   Code   RO           15    i.PeriphCommonClock_Config  main.o
    0x0800b0a6   0x0800b0a6   0x00000002   PAD
    0x0800b0a8   0x0800b0a8   0x00000124   Code   RO         2194    i.RCCEx_PLL2_Config  stm32h7xx_hal_rcc_ex.o
    0x0800b1cc   0x0800b1cc   0x00000124   Code   RO         2195    i.RCCEx_PLL3_Config  stm32h7xx_hal_rcc_ex.o
    0x0800b2f0   0x0800b2f0   0x0000000c   Code   RO          693    i.SPI2_IRQHandler   stm32h7xx_it.o
    0x0800b2fc   0x0800b2fc   0x000000ba   Code   RO         5076    i.SPI_CloseTransfer  stm32h7xx_hal_spi.o
    0x0800b3b6   0x0800b3b6   0x00000018   Code   RO         5077    i.SPI_DMAAbortOnError  stm32h7xx_hal_spi.o
    0x0800b3ce   0x0800b3ce   0x00000014   Code   RO         5087    i.SPI_GetPacketSize  stm32h7xx_hal_spi.o
    0x0800b3e2   0x0800b3e2   0x00000042   Code   RO         5094    i.SPI_WaitOnFlagUntilTimeout  stm32h7xx_hal_spi.o
    0x0800b424   0x0800b424   0x00000030   Code   RO         8987    i.SavePosZero       can_cmd_damiao.o
    0x0800b454   0x0800b454   0x00000174   Code   RO         7580    i.SendJointMotorCmd  chassis_task.o
    0x0800b5c8   0x0800b5c8   0x00000068   Code   RO         7581    i.SendWheelMotorCmd  chassis_task.o
    0x0800b630   0x0800b630   0x00000024   Code   RO          362    i.StartDefaultTask  freertos.o
    0x0800b654   0x0800b654   0x00000024   Code   RO         8135    i.State_check_task  state_chexk_task.o
    0x0800b678   0x0800b678   0x0000002c   Code   RO         7209    i.SysTick_Handler   port.o
    0x0800b6a4   0x0800b6a4   0x00000094   Code   RO           16    i.SystemClock_Config  main.o
    0x0800b738   0x0800b738   0x000000d8   Code   RO         5929    i.SystemInit        system_stm32h7xx.o
    0x0800b810   0x0800b810   0x0000000c   Code   RO          694    i.TIM2_IRQHandler   stm32h7xx_it.o
    0x0800b81c   0x0800b81c   0x000000dc   Code   RO          978    i.TIM_Base_SetConfig  stm32h7xx_hal_tim.o
    0x0800b8f8   0x0800b8f8   0x0000001a   Code   RO          979    i.TIM_CCxChannelCmd  stm32h7xx_hal_tim.o
    0x0800b912   0x0800b912   0x00000002   PAD
    0x0800b914   0x0800b914   0x000000a0   Code   RO          991    i.TIM_OC1_SetConfig  stm32h7xx_hal_tim.o
    0x0800b9b4   0x0800b9b4   0x00000094   Code   RO          992    i.TIM_OC2_SetConfig  stm32h7xx_hal_tim.o
    0x0800ba48   0x0800ba48   0x00000094   Code   RO          993    i.TIM_OC3_SetConfig  stm32h7xx_hal_tim.o
    0x0800badc   0x0800badc   0x00000074   Code   RO          994    i.TIM_OC4_SetConfig  stm32h7xx_hal_tim.o
    0x0800bb50   0x0800bb50   0x00000070   Code   RO          995    i.TIM_OC5_SetConfig  stm32h7xx_hal_tim.o
    0x0800bbc0   0x0800bbc0   0x00000070   Code   RO          996    i.TIM_OC6_SetConfig  stm32h7xx_hal_tim.o
    0x0800bc30   0x0800bc30   0x00000020   Code   RO         8178    i.TOF_control_init  tof_distance.o
    0x0800bc50   0x0800bc50   0x0000000c   Code   RO          695    i.UART5_IRQHandler  stm32h7xx_it.o
    0x0800bc5c   0x0800bc5c   0x00000024   Code   RO         8044    i.UART7_IRQHandler  computer_rec.o
    0x0800bc80   0x0800bc80   0x00000048   Code   RO         5818    i.UARTEx_SetNbDataToProcess  stm32h7xx_hal_uart_ex.o
    0x0800bcc8   0x0800bcc8   0x000000c8   Code   RO         5422    i.UART_AdvFeatureConfig  stm32h7xx_hal_uart.o
    0x0800bd90   0x0800bd90   0x000000aa   Code   RO         5423    i.UART_CheckIdleState  stm32h7xx_hal_uart.o
    0x0800be3a   0x0800be3a   0x00000010   Code   RO         5424    i.UART_DMAAbortOnError  stm32h7xx_hal_uart.o
    0x0800be4a   0x0800be4a   0x00000050   Code   RO         5425    i.UART_DMAError     stm32h7xx_hal_uart.o
    0x0800be9a   0x0800be9a   0x00000084   Code   RO         5426    i.UART_DMAReceiveCplt  stm32h7xx_hal_uart.o
    0x0800bf1e   0x0800bf1e   0x00000020   Code   RO         5428    i.UART_DMARxHalfCplt  stm32h7xx_hal_uart.o
    0x0800bf3e   0x0800bf3e   0x00000042   Code   RO         5430    i.UART_DMATransmitCplt  stm32h7xx_hal_uart.o
    0x0800bf80   0x0800bf80   0x0000000a   Code   RO         5432    i.UART_DMATxHalfCplt  stm32h7xx_hal_uart.o
    0x0800bf8a   0x0800bf8a   0x00000002   PAD
    0x0800bf8c   0x0800bf8c   0x00000054   Code   RO         5434    i.UART_EndRxTransfer  stm32h7xx_hal_uart.o
    0x0800bfe0   0x0800bfe0   0x00000024   Code   RO         5435    i.UART_EndTransmit_IT  stm32h7xx_hal_uart.o
    0x0800c004   0x0800c004   0x0000002e   Code   RO         5436    i.UART_EndTxTransfer  stm32h7xx_hal_uart.o
    0x0800c032   0x0800c032   0x00000002   PAD
    0x0800c034   0x0800c034   0x000000c8   Code   RO         5437    i.UART_RxISR_16BIT  stm32h7xx_hal_uart.o
    0x0800c0fc   0x0800c0fc   0x00000198   Code   RO         5438    i.UART_RxISR_16BIT_FIFOEN  stm32h7xx_hal_uart.o
    0x0800c294   0x0800c294   0x000000c8   Code   RO         5439    i.UART_RxISR_8BIT   stm32h7xx_hal_uart.o
    0x0800c35c   0x0800c35c   0x00000198   Code   RO         5440    i.UART_RxISR_8BIT_FIFOEN  stm32h7xx_hal_uart.o
    0x0800c4f4   0x0800c4f4   0x0000052e   Code   RO         5441    i.UART_SetConfig    stm32h7xx_hal_uart.o
    0x0800ca22   0x0800ca22   0x00000002   PAD
    0x0800ca24   0x0800ca24   0x000000a4   Code   RO         5442    i.UART_Start_Receive_DMA  stm32h7xx_hal_uart.o
    0x0800cac8   0x0800cac8   0x00000124   Code   RO         5443    i.UART_Start_Receive_IT  stm32h7xx_hal_uart.o
    0x0800cbec   0x0800cbec   0x00000098   Code   RO         5448    i.UART_WaitOnFlagUntilTimeout  stm32h7xx_hal_uart.o
    0x0800cc84   0x0800cc84   0x00000008   Code   RO         9243    i.UI_Task           judge_paint_task.o
    0x0800cc8c   0x0800cc8c   0x00000024   Code   RO         8179    i.USART10_IRQHandler  tof_distance.o
    0x0800ccb0   0x0800ccb0   0x0000000c   Code   RO          696    i.USART1_IRQHandler  stm32h7xx_it.o
    0x0800ccbc   0x0800ccbc   0x00000174   Code   RO         7582    i.UpdateBodyStatus  chassis_task.o
    0x0800ce30   0x0800ce30   0x00000014   Code   RO         7583    i.UpdateGimbalStatus  chassis_task.o
    0x0800ce44   0x0800ce44   0x0000027c   Code   RO         7584    i.UpdateLegStatus   chassis_task.o
    0x0800d0c0   0x0800d0c0   0x0000003c   Code   RO         7585    i.UpdateMotorStatus  chassis_task.o
    0x0800d0fc   0x0800d0fc   0x000000b4   Code   RO         7586    i.UpdateStepStatus  chassis_task.o
    0x0800d1b0   0x0800d1b0   0x00000002   Code   RO          697    i.UsageFault_Handler  stm32h7xx_it.o
    0x0800d1b2   0x0800d1b2   0x00000002   PAD
    0x0800d1b4   0x0800d1b4   0x000000f8   Code   RO         8180    i.Usart10Receive_IDLE  tof_distance.o
    0x0800d2ac   0x0800d2ac   0x00000030   Code   RO         8045    i.Usart7Receive_IDLE  computer_rec.o
    0x0800d2dc   0x0800d2dc   0x00000040   Code   RO         8046    i.Verify_CRC16_Check_Sum  computer_rec.o
    0x0800d31c   0x0800d31c   0x0000002e   Code   RO         8047    i.Verify_CRC8_Check_Sum  computer_rec.o
    0x0800d34a   0x0800d34a   0x00000002   PAD
    0x0800d34c   0x0800d34c   0x00000034   Code   RO        16186    i.__0vsnprintf      mc_w.l(printfa.o)
    0x0800d380   0x0800d380   0x00000030   Code   RO        16249    i.__ARM_fpclassify  m_wv.l(fpclassify.o)
    0x0800d3b0   0x0800d3b0   0x00000026   Code   RO        16251    i.__ARM_fpclassifyf  m_wv.l(fpclassifyf.o)
    0x0800d3d6   0x0800d3d6   0x00000020   Code   RO         1934    i.__NVIC_SetPriority  stm32h7xx_hal_cortex.o
    0x0800d3f6   0x0800d3f6   0x00000002   PAD
    0x0800d3f8   0x0800d3f8   0x00000124   Code   RO        15943    i.__hardfp_acosf    m_wv.l(acosf.o)
    0x0800d51c   0x0800d51c   0x00000138   Code   RO        15955    i.__hardfp_asinf    m_wv.l(asinf.o)
    0x0800d654   0x0800d654   0x00000004   PAD
    0x0800d658   0x0800d658   0x00000200   Code   RO        16212    i.__hardfp_atan     m_wv.l(atan.o)
    0x0800d858   0x0800d858   0x000001c8   Code   RO        15967    i.__hardfp_atan2    m_wv.l(atan2.o)
    0x0800da20   0x0800da20   0x000002b4   Code   RO        15979    i.__hardfp_atan2f   m_wv.l(atan2f.o)
    0x0800dcd4   0x0800dcd4   0x00000004   PAD
    0x0800dcd8   0x0800dcd8   0x000000b0   Code   RO        15991    i.__hardfp_cos      m_wv.l(cos.o)
    0x0800dd88   0x0800dd88   0x00000150   Code   RO        16003    i.__hardfp_cosf     m_wv.l(cosf.o)
    0x0800ded8   0x0800ded8   0x000000b0   Code   RO        16085    i.__hardfp_sin      m_wv.l(sin.o)
    0x0800df88   0x0800df88   0x00000194   Code   RO        16097    i.__hardfp_sinf     m_wv.l(sinf.o)
    0x0800e11c   0x0800e11c   0x00000066   Code   RO        16109    i.__hardfp_sqrt     m_wv.l(sqrt.o)
    0x0800e182   0x0800e182   0x0000003a   Code   RO        16121    i.__hardfp_sqrtf    m_wv.l(sqrtf.o)
    0x0800e1bc   0x0800e1bc   0x00000004   PAD
    0x0800e1c0   0x0800e1c0   0x00000310   Code   RO        16270    i.__ieee754_rem_pio2  m_wv.l(rred.o)
    0x0800e4d0   0x0800e4d0   0x000000e0   Code   RO        16226    i.__kernel_cos      m_wv.l(cos_i.o)
    0x0800e5b0   0x0800e5b0   0x00000070   Code   RO        16267    i.__kernel_poly     m_wv.l(poly.o)
    0x0800e620   0x0800e620   0x000000a8   Code   RO        16278    i.__kernel_sin      m_wv.l(sin_i.o)
    0x0800e6c8   0x0800e6c8   0x00000006   Code   RO        16230    i.__mathlib_dbl_infnan  m_wv.l(dunder.o)
    0x0800e6ce   0x0800e6ce   0x00000006   Code   RO        16231    i.__mathlib_dbl_infnan2  m_wv.l(dunder.o)
    0x0800e6d4   0x0800e6d4   0x00000004   PAD
    0x0800e6d8   0x0800e6d8   0x00000018   Code   RO        16232    i.__mathlib_dbl_invalid  m_wv.l(dunder.o)
    0x0800e6f0   0x0800e6f0   0x00000018   Code   RO        16235    i.__mathlib_dbl_underflow  m_wv.l(dunder.o)
    0x0800e708   0x0800e708   0x00000006   Code   RO        16254    i.__mathlib_flt_infnan  m_wv.l(funder.o)
    0x0800e70e   0x0800e70e   0x00000006   Code   RO        16255    i.__mathlib_flt_infnan2  m_wv.l(funder.o)
    0x0800e714   0x0800e714   0x00000010   Code   RO        16256    i.__mathlib_flt_invalid  m_wv.l(funder.o)
    0x0800e724   0x0800e724   0x00000010   Code   RO        16259    i.__mathlib_flt_underflow  m_wv.l(funder.o)
    0x0800e734   0x0800e734   0x00000154   Code   RO        16275    i.__mathlib_rredf2  m_wv.l(rredf.o)
    0x0800e888   0x0800e888   0x0000000e   Code   RO        16331    i.__scatterload_copy  mc_w.l(handlers.o)
    0x0800e896   0x0800e896   0x00000002   Code   RO        16332    i.__scatterload_null  mc_w.l(handlers.o)
    0x0800e898   0x0800e898   0x0000000e   Code   RO        16333    i.__scatterload_zeroinit  mc_w.l(handlers.o)
    0x0800e8a6   0x0800e8a6   0x00000002   PAD
    0x0800e8a8   0x0800e8a8   0x0000000c   Code   RO        16307    i.__set_errno       mc_w.l(errno.o)
    0x0800e8b4   0x0800e8b4   0x00000184   Code   RO        16188    i._fp_digits        mc_w.l(printfa.o)
    0x0800ea38   0x0800ea38   0x000006b4   Code   RO        16189    i._printf_core      mc_w.l(printfa.o)
    0x0800f0ec   0x0800f0ec   0x00000024   Code   RO        16190    i._printf_post_padding  mc_w.l(printfa.o)
    0x0800f110   0x0800f110   0x0000002e   Code   RO        16191    i._printf_pre_padding  mc_w.l(printfa.o)
    0x0800f13e   0x0800f13e   0x00000016   Code   RO        16192    i._snputc           mc_w.l(printfa.o)
    0x0800f154   0x0800f154   0x00000008   Code   RO         8492    i.angle_difference  user_lib.o
    0x0800f15c   0x0800f15c   0x00000228   Code   RO        11266    i.arm_atan2_f32     fastmathfunctions.o
    0x0800f384   0x0800f384   0x00000088   Code   RO        11269    i.arm_cos_f32       fastmathfunctions.o
    0x0800f40c   0x0800f40c   0x00000048   Code   RO        12658    i.arm_mat_add_f32   matrixfunctions.o
    0x0800f454   0x0800f454   0x00000008   Code   RO        12669    i.arm_mat_init_f32  matrixfunctions.o
    0x0800f45c   0x0800f45c   0x000002bc   Code   RO        12673    i.arm_mat_inverse_f32  matrixfunctions.o
    0x0800f718   0x0800f718   0x0000008c   Code   RO        12677    i.arm_mat_mult_f32  matrixfunctions.o
    0x0800f7a4   0x0800f7a4   0x00000048   Code   RO        12694    i.arm_mat_sub_f32   matrixfunctions.o
    0x0800f7ec   0x0800f7ec   0x00000044   Code   RO        12698    i.arm_mat_trans_f32  matrixfunctions.o
    0x0800f830   0x0800f830   0x00000084   Code   RO        11276    i.arm_sin_f32       fastmathfunctions.o
    0x0800f8b4   0x0800f8b4   0x00000010   Code   RO        16214    i.atan              m_wv.l(atan.o)
    0x0800f8c4   0x0800f8c4   0x0000010c   Code   RO         8771    i.bmi088_accel_init  bmi088driver.o
    0x0800f9d0   0x0800f9d0   0x000000dc   Code   RO         8772    i.bmi088_gyro_init  bmi088driver.o
    0x0800faac   0x0800faac   0x0000002a   Code   RO         7482    i.canx_send_data    bsp_can.o
    0x0800fad6   0x0800fad6   0x00000002   PAD
    0x0800fad8   0x0800fad8   0x00000044   Code   RO         7587    i.chassis_task      chassis_task.o
    0x0800fb1c   0x0800fb1c   0x00000018   Code   RO        16245    i.fabs              m_wv.l(fabs.o)
    0x0800fb34   0x0800fb34   0x0000007c   Code   RO         7483    i.fdcan1_rx_callback  bsp_can.o
    0x0800fbb0   0x0800fbb0   0x00000058   Code   RO         7484    i.fdcan2_rx_callback  bsp_can.o
    0x0800fc08   0x0800fc08   0x00000044   Code   RO         7485    i.fdcan3_rx_callback  bsp_can.o
    0x0800fc4c   0x0800fc4c   0x00000028   Code   RO         8495    i.float_to_uint     user_lib.o
    0x0800fc74   0x0800fc74   0x00000020   Code   RO         8496    i.fp32_constrain    user_lib.o
    0x0800fc94   0x0800fc94   0x00000008   Code   RO         7291    i.get_remote_control_point  bsp_rc.o
    0x0800fc9c   0x0800fc9c   0x00000010   Code   RO         8912    i.imu_task          imu_task.o
    0x0800fcac   0x0800fcac   0x00000020   Code   RO         8381    i.invSqrt           quaternionekf.o
    0x0800fccc   0x0800fccc   0x00000020   Code   RO         8689    i.invSqrt           mahonyahrs.o
    0x0800fcec   0x0800fcec   0x00000214   Code   RO         8048    i.judgeCalculate    computer_rec.o
    0x0800ff00   0x0800ff00   0x00000046   Code   RO         8501    i.loop_fp32_constrain  user_lib.o
    0x0800ff46   0x0800ff46   0x00000002   PAD
    0x0800ff48   0x0800ff48   0x00000078   Code   RO           17    i.main              main.o
    0x0800ffc0   0x0800ffc0   0x0000000c   Code   RO         6774    i.makeFreeRtosPriority  cmsis_os.o
    0x0800ffcc   0x0800ffcc   0x00000034   Code   RO         8502    i.normalize_angle   user_lib.o
    0x08010000   0x08010000   0x00000010   Code   RO         6776    i.osDelay           cmsis_os.o
    0x08010010   0x08010010   0x0000000a   Code   RO         6779    i.osKernelStart     cmsis_os.o
    0x0801001a   0x0801001a   0x00000058   Code   RO         6813    i.osThreadCreate    cmsis_os.o
    0x08010072   0x08010072   0x00000002   PAD
    0x08010074   0x08010074   0x0000003c   Code   RO          607    i.printf_DMA        usart.o
    0x080100b0   0x080100b0   0x00000070   Code   RO         6445    i.prvAddCurrentTaskToDelayedList  tasks.o
    0x08010120   0x08010120   0x00000088   Code   RO         6446    i.prvAddNewTaskToReadyList  tasks.o
    0x080101a8   0x080101a8   0x0000003c   Code   RO         6447    i.prvCheckTasksWaitingTermination  tasks.o
    0x080101e4   0x080101e4   0x00000040   Code   RO         6448    i.prvDeleteTCB      tasks.o
    0x08010224   0x08010224   0x0000004c   Code   RO         7141    i.prvHeapInit       heap_4.o
    0x08010270   0x08010270   0x00000028   Code   RO         6449    i.prvIdleTask       tasks.o
    0x08010298   0x08010298   0x00000094   Code   RO         6450    i.prvInitialiseNewTask  tasks.o
    0x0801032c   0x0801032c   0x00000058   Code   RO         6451    i.prvInitialiseTaskLists  tasks.o
    0x08010384   0x08010384   0x00000054   Code   RO         7142    i.prvInsertBlockIntoFreeList  heap_4.o
    0x080103d8   0x080103d8   0x00000024   Code   RO         6452    i.prvResetNextTaskUnblockTime  tasks.o
    0x080103fc   0x080103fc   0x0000002c   Code   RO         7210    i.prvTaskExitError  port.o
    0x08010428   0x08010428   0x000000dc   Code   RO         7143    i.pvPortMalloc      heap_4.o
    0x08010504   0x08010504   0x00000024   Code   RO         7211    i.pxPortInitialiseStack  port.o
    0x08010528   0x08010528   0x000000d0   Code   RO         7292    i.sbus_frame_parse  bsp_rc.o
    0x080105f8   0x080105f8   0x0000003e   Code   RO        16123    i.sqrtf             m_wv.l(sqrtf.o)
    0x08010636   0x08010636   0x00000002   PAD
    0x08010638   0x08010638   0x000000dc   Code   RO         8136    i.standup_STATE     state_chexk_task.o
    0x08010714   0x08010714   0x00000050   Code   RO         8507    i.theta_transform   user_lib.o
    0x08010764   0x08010764   0x00000028   Code   RO         8508    i.uint_to_float     user_lib.o
    0x0801078c   0x0801078c   0x00000004   Code   RO         8289    i.user_malloc       kalman_filter.o
    0x08010790   0x08010790   0x00000026   Code   RO         6071    i.uxListRemove      list.o
    0x080107b6   0x080107b6   0x00000002   PAD
    0x080107b8   0x080107b8   0x00000014   Code   RO          366    i.vApplicationGetIdleTaskMemory  freertos.o
    0x080107cc   0x080107cc   0x00000016   Code   RO         6072    i.vListInitialise   list.o
    0x080107e2   0x080107e2   0x00000006   Code   RO         6073    i.vListInitialiseItem  list.o
    0x080107e8   0x080107e8   0x00000030   Code   RO         6074    i.vListInsert       list.o
    0x08010818   0x08010818   0x00000018   Code   RO         6075    i.vListInsertEnd    list.o
    0x08010830   0x08010830   0x00000040   Code   RO         7213    i.vPortEnterCritical  port.o
    0x08010870   0x08010870   0x0000002c   Code   RO         7214    i.vPortExitCritical  port.o
    0x0801089c   0x0801089c   0x00000064   Code   RO         7144    i.vPortFree         heap_4.o
    0x08010900   0x08010900   0x00000024   Code   RO         7215    i.vPortSetupTimerInterrupt  port.o
    0x08010924   0x08010924   0x00000050   Code   RO         6461    i.vTaskDelay        tasks.o
    0x08010974   0x08010974   0x00000088   Code   RO         6474    i.vTaskStartScheduler  tasks.o
    0x080109fc   0x080109fc   0x00000010   Code   RO         6476    i.vTaskSuspendAll   tasks.o
    0x08010a0c   0x08010a0c   0x00000060   Code   RO         6477    i.vTaskSwitchContext  tasks.o
    0x08010a6c   0x08010a6c   0x000000f4   Code   RO         7217    i.xPortStartScheduler  port.o
    0x08010b60   0x08010b60   0x00000064   Code   RO         6480    i.xTaskCreate       tasks.o
    0x08010bc4   0x08010bc4   0x0000005c   Code   RO         6481    i.xTaskCreateStatic  tasks.o
    0x08010c20   0x08010c20   0x0000000c   Code   RO         6486    i.xTaskGetTickCount  tasks.o
    0x08010c2c   0x08010c2c   0x000000d0   Code   RO         6488    i.xTaskIncrementTick  tasks.o
    0x08010cfc   0x08010cfc   0x000000cc   Code   RO         6494    i.xTaskResumeAll    tasks.o
    0x08010dc8   0x08010dc8   0x0000008c   Data   RO          368    .constdata          freertos.o
    0x08010e54   0x08010e54   0x00000008   Data   RO         2803    .constdata          stm32h7xx_hal_dma.o
    0x08010e5c   0x08010e5c   0x0000005c   Data   RO         4527    .constdata          stm32h7xx_hal_fdcan.o
    0x08010eb8   0x08010eb8   0x00000018   Data   RO         5449    .constdata          stm32h7xx_hal_uart.o
    0x08010ed0   0x08010ed0   0x00000010   Data   RO         5820    .constdata          stm32h7xx_hal_uart_ex.o
    0x08010ee0   0x08010ee0   0x00000010   Data   RO         5930    .constdata          system_stm32h7xx.o
    0x08010ef0   0x08010ef0   0x000000b8   Data   RO         7589    .constdata          chassis_task.o
    0x08010fa8   0x08010fa8   0x00000120   Data   RO         8383    .constdata          quaternionekf.o
    0x080110c8   0x080110c8   0x00000300   Data   RO         9598    .constdata          ui_interface.o
    0x080113c8   0x080113c8   0x00000804   Data   RO        10440    .constdata          commontables.o
    0x08011bcc   0x08011bcc   0x00000070   Data   RO        11287    .constdata          fastmathfunctions.o
    0x08011c3c   0x08011c3c   0x00000004   PAD
    0x08011c40   0x08011c40   0x00000098   Data   RO        16215    .constdata          m_wv.l(atan.o)
    0x08011cd8   0x08011cd8   0x00000030   Data   RO        16227    .constdata          m_wv.l(cos_i.o)
    0x08011d08   0x08011d08   0x00000008   Data   RO        16269    .constdata          m_wv.l(qnan.o)
    0x08011d10   0x08011d10   0x000000c8   Data   RO        16272    .constdata          m_wv.l(rred.o)
    0x08011dd8   0x08011dd8   0x00000020   Data   RO        16276    .constdata          m_wv.l(rredf.o)
    0x08011df8   0x08011df8   0x00000028   Data   RO        16279    .constdata          m_wv.l(sin_i.o)
    0x08011e20   0x08011e20   0x0000003d   Data   RO          369    .conststring        freertos.o
    0x08011e5d   0x08011e5d   0x00000003   PAD
    0x08011e60   0x08011e60   0x00000020   Data   RO        16329    Region$$Table       anon$$obj.o


    Execution Region RW_IRAM1 (Exec base: 0x20000000, Load base: 0x08011e80, Size: 0x00000000, Max: 0x00020000, ABSOLUTE)

    **** No section assigned to this execution region ****


    Execution Region RW_IRAM2 (Exec base: 0x24000000, Load base: 0x08011e80, Size: 0x000067a0, Max: 0x00050000, ABSOLUTE, COMPRESSED[0x00000094])

    Exec Addr    Load Addr    Size         Type   Attr      Idx    E Section Name        Object

    0x24000000   COMPRESSED   0x00000014   Data   RW          370    .data               freertos.o
    0x24000014   COMPRESSED   0x00000004   Data   RW          460    .data               fdcan.o
    0x24000018   COMPRESSED   0x00000001   Data   RW          609    .data               usart.o
    0x24000019   COMPRESSED   0x00000003   PAD
    0x2400001c   COMPRESSED   0x0000000c   Data   RW         3535    .data               stm32h7xx_hal.o
    0x24000028   COMPRESSED   0x00000008   Data   RW         5931    .data               system_stm32h7xx.o
    0x24000030   COMPRESSED   0x0000003c   Data   RW         6497    .data               tasks.o
    0x2400006c   COMPRESSED   0x00000020   Data   RW         7150    .data               heap_4.o
    0x2400008c   COMPRESSED   0x0000000c   Data   RW         7218    .data               port.o
    0x24000098   COMPRESSED   0x0000001e   Data   RW         7490    .data               bsp_can.o
    0x240000b6   COMPRESSED   0x00000002   PAD
    0x240000b8   COMPRESSED   0x00000938   Data   RW         7590    .data               chassis_task.o
    0x240009f0   COMPRESSED   0x00000006   Data   RW         8053    .data               computer_rec.o
    0x240009f6   COMPRESSED   0x00000002   Data   RW         8137    .data               state_chexk_task.o
    0x240009f8   COMPRESSED   0x00000001   Data   RW         8182    .data               tof_distance.o
    0x240009f9   COMPRESSED   0x00000001   PAD
    0x240009fa   COMPRESSED   0x00000004   Data   RW         8290    .data               kalman_filter.o
    0x240009fe   COMPRESSED   0x00000002   PAD
    0x24000a00   COMPRESSED   0x00000090   Data   RW         8384    .data               quaternionekf.o
    0x24000a90   COMPRESSED   0x00000034   Data   RW         8690    .data               mahonyahrs.o
    0x24000ac4   COMPRESSED   0x0000002c   Data   RW         8773    .data               bmi088driver.o
    0x24000af0   COMPRESSED   0x0000002c   Data   RW         8914    .data               imu_task.o
    0x24000b1c   COMPRESSED   0x00000030   Data   RW         8989    .data               can_cmd_damiao.o
    0x24000b4c   COMPRESSED   0x00000004   Data   RW         9129    .data               motor.o
    0x24000b50   COMPRESSED   0x00000004   Data   RW        16308    .data               mc_w.l(errno.o)
    0x24000b54        -       0x00000254   Zero   RW          367    .bss                freertos.o
    0x24000da8        -       0x000001e0   Zero   RW          459    .bss                fdcan.o
    0x24000f88        -       0x00000178   Zero   RW          512    .bss                spi.o
    0x24001100        -       0x0000004c   Zero   RW          555    .bss                tim.o
    0x2400114c        -       0x00000700   Zero   RW          608    .bss                usart.o
    0x2400184c        -       0x0000004c   Zero   RW          847    .bss                stm32h7xx_hal_timebase_tim.o
    0x24001898        -       0x000000f0   Zero   RW         6496    .bss                tasks.o
    0x24001988        -       0x00003c00   Zero   RW         7149    .bss                heap_4.o
    0x24005588        -       0x0000004c   Zero   RW         7293    .bss                bsp_rc.o
    0x240055d4        -       0x00000178   Zero   RW         7588    .bss                chassis_task.o
    0x2400574c        -       0x000002ae   Zero   RW         8051    .bss                computer_rec.o
    0x240059fa   COMPRESSED   0x00000002   PAD
    0x240059fc        -       0x00000108   Zero   RW         8181    .bss                tof_distance.o
    0x24005b04   COMPRESSED   0x00000004   PAD
    0x24005b08        -       0x00000270   Zero   RW         8382    .bss                quaternionekf.o
    0x24005d78        -       0x00000070   Zero   RW         8913    .bss                imu_task.o
    0x24005de8        -       0x00000078   Zero   RW         9128    .bss                motor.o
    0x24005e60        -       0x00000140   Zero   RW         9185    .bss                can_receive.o
    0x24005fa0        -       0x00000800   Zero   RW            1    STACK               startup_stm32h723xx.o


==============================================================================

Image component sizes


      Code (inc. data)   RO Data    RW Data    ZI Data      Debug   Object Name

       936         16          0         44          0       6838   bmi088driver.o
       174         28          0          0          0       4912   bmi088middleware.o
       710         70          0         30          0       7819   bsp_can.o
       390         36          0          0         76     979997   bsp_rc.o
       728         90          0         48          0      14259   can_cmd_damiao.o
       530         50          0          0        320       8983   can_receive.o
      2054        274          0          0          0       6842   chassis_balance_extra.o
      6178        388        184       2360        376     963292   chassis_task.o
       126          0          0          0          0      23547   cmsis_os.o
         0          0       2052          0          0      13497   commontables.o
       834         52          0          6        686       7024   computer_rec.o
       156          4          0          0          0       1058   dma.o
         0          0          0          0          0      17044   event_groups.o
       820         52        112          0          0      11467   fastmathfunctions.o
       636         52          0          4        480       3677   fdcan.o
       184         22        201         20        596       3631   freertos.o
       224         14          0          0          0       1263   gpio.o
       480         26          0         32      15360       7943   heap_4.o
       768        104          0         44        112       4234   imu_task.o
         8          0          0          0          0       4390   judge_paint_task.o
      2208         18          0          4          0      10117   kalman_filter.o
       138          0          0          0          0       3934   list.o
      2140         46          0         52          0       9638   mahonyahrs.o
       356         18          0          0          0    1289772   main.o
      1060         10          0          0          0      11392   matrixfunctions.o
        56          8          0          4        120       1669   motor.o
       468         10          0          0          0       2906   pid.o
       702         74          0         12          0      11604   port.o
      2996        160        288        144        624      20741   quaternionekf.o
       392         36          0          0        376       2255   spi.o
        44         12        716          0       2048        880   startup_stm32h723xx.o
       256         38          0          2          0       1645   state_chexk_task.o
       136         32          0         12          0      23322   stm32h7xx_hal.o
       158         14          0          0          0      39038   stm32h7xx_hal_cortex.o
      6468        140          8          0          0      15625   stm32h7xx_hal_dma.o
      2838         50         92          0          0      24320   stm32h7xx_hal_fdcan.o
       546         44          0          0          0       2576   stm32h7xx_hal_gpio.o
        36          4          0          0          0       1022   stm32h7xx_hal_msp.o
        88          6          0          0          0        873   stm32h7xx_hal_pwr_ex.o
      2804        128          0          0          0       9061   stm32h7xx_hal_rcc.o
      3964        120          0          0          0       8637   stm32h7xx_hal_rcc_ex.o
      2190         30          0          0          0      11437   stm32h7xx_hal_spi.o
      2340        278          0          0          0      15957   stm32h7xx_hal_tim.o
       186         36          0          0          0       3568   stm32h7xx_hal_tim_ex.o
       144         18          0          0         76       1823   stm32h7xx_hal_timebase_tim.o
      5454        226         24          0          0      46069   stm32h7xx_hal_uart.o
       452          6         16          0          0       7803   stm32h7xx_hal_uart_ex.o
       180         84          0          0          0      10206   stm32h7xx_it.o
         0          0          0          0          0        416   stream_buffer.o
       244         38         16          8          0       2097   system_stm32h7xx.o
      1628        126          0         60        240      22201   tasks.o
       236         32          0          0         76       2623   tim.o
       316         40          0          1        264       3134   tof_distance.o
         0          0        768          0          0       1333   ui_interface.o
      1452        110          0          1       1792       6537   usart.o
       380         36          0          0          0       7570   user_lib.o

    ----------------------------------------------------------------------
     59066       3306       4516       2896      23628    3725518   Object Totals
         0          0         32          0          0          0   (incl. Generated)
        74          0          7          8          6          0   (incl. Padding)

    ----------------------------------------------------------------------

      Code (inc. data)   RO Data    RW Data    ZI Data      Debug   Library Member Name

       292         58          0          0          0        176   acosf.o
       312         54          0          0          0        176   asinf.o
       528        110        152          0          0        348   atan.o
       456         64          0          0          0        188   atan2.o
       692         98          0          0          0        208   atan2f.o
       176         18          0          0          0        156   cos.o
       224         42         48          0          0        184   cos_i.o
       336         60          0          0          0        136   cosf.o
        60         28          0          0          0        464   dunder.o
        24          0          0          0          0        124   fabs.o
        48          0          0          0          0        124   fpclassify.o
        38          0          0          0          0        116   fpclassifyf.o
        44         12          0          0          0        464   funder.o
       112          0          0          0          0        116   poly.o
         0          0          8          0          0          0   qnan.o
       784        138        200          0          0        172   rred.o
       340         24         32          0          0        160   rredf.o
       176         18          0          0          0        160   sin.o
       168         24         40          0          0        196   sin_i.o
       404         60          0          0          0        212   sinf.o
       102          0          0          0          0        140   sqrt.o
       120          0          0          0          0        272   sqrtf.o
        86          0          0          0          0          0   __dczerorl2.o
         0          0          0          0          0          0   entry.o
         0          0          0          0          0          0   entry10a.o
         0          0          0          0          0          0   entry11a.o
         4          0          0          0          0          0   entry12b.o
         8          4          0          0          0          0   entry2.o
         4          0          0          0          0          0   entry5.o
         0          0          0          0          0          0   entry7b.o
         0          0          0          0          0          0   entry8b.o
         8          4          0          0          0          0   entry9a.o
        12          6          0          4          0         68   errno.o
        30          0          0          0          0          0   handlers.o
        36          8          0          0          0         68   init.o
         0          0          0          0          0          0   iusefp.o
        30          0          0          0          0         68   llshl.o
        36          0          0          0          0         68   llsshr.o
        32          0          0          0          0         68   llushr.o
        36          0          0          0          0         68   memcpya.o
        36          0          0          0          0        108   memseta.o
      2260         86          0          0          0        528   printfa.o
        44          0          0          0          0         80   uidiv.o
        98          0          0          0          0         92   uldiv.o
        48          0          0          0          0         68   cdrcmple.o
       334          0          0          0          0        148   dadd.o
       222          0          0          0          0        100   ddiv.o
       186          0          0          0          0        176   depilogue.o
        48          0          0          0          0         68   dfixul.o
       228          0          0          0          0         96   dmul.o

    ----------------------------------------------------------------------
      9282        924        480          4          0       6164   Library Totals
        20          8          0          0          0          0   (incl. Padding)

    ----------------------------------------------------------------------

      Code (inc. data)   RO Data    RW Data    ZI Data      Debug   Library Name

      5436        808        480          0          0       4292   m_wv.l
      2760        108          0          4          0       1216   mc_w.l
      1066          0          0          0          0        656   mf_w.l

    ----------------------------------------------------------------------
      9282        924        480          4          0       6164   Library Totals

    ----------------------------------------------------------------------

==============================================================================


      Code (inc. data)   RO Data    RW Data    ZI Data      Debug   

     68348       4230       4996       2900      23628    3693930   Grand Totals
     68348       4230       4996        148      23628    3693930   ELF Image Totals (compressed)
     68348       4230       4996        148          0          0   ROM Totals

==============================================================================

    Total RO  Size (Code + RO Data)                73344 (  71.63kB)
    Total RW  Size (RW Data + ZI Data)             26528 (  25.91kB)
    Total ROM Size (Code + RO Data + RW Data)      73492 (  71.77kB)

==============================================================================

