<html>
<body>
<pre>
<h1>礦ision Build Log</h1>
<h2>Tool Versions:</h2>
IDE-Version: μVision V5.39.0.0
Copyright (C) 2023 ARM Ltd and ARM Germany GmbH. All rights reserved.
License Information: 1 zyh, 1, LIC=9WSKC-7NUC4-LQ70Q-N056N-RX7RD-BMUKD
 
Tool Versions:
Toolchain:       MDK-ARM Plus  Version: 5.39.0.0
Toolchain Path:  C:\Keil_v5\ARM\ARM_Compiler_5.06u7\Bin
C Compiler:      Armcc.exe V5.06 update 7 (build 960)
Assembler:       Armasm.exe V5.06 update 7 (build 960)
Linker/Locator:  ArmLink.exe V5.06 update 7 (build 960)
Library Manager: ArmAr.exe V5.06 update 7 (build 960)
Hex Converter:   FromElf.exe V5.06 update 7 (build 960)
CPU DLL:         SARMCM3.DLL V5.39.0.0
Dialog DLL:      DCM.DLL V1.17.5.0
Target DLL:      CMSIS_AGDI.dll V1.33.16.0
Dialog DLL:      TCM.DLL V1.56.4.0
 
<h2>Project:</h2>
D:\Desktop\2026RM\A_climber_code\climber_wheel_legged_robot_chassis(zyh_v1)\MDK-ARM\climber_wheel_legged_robot_chassis.uvprojx
Project File Date:  03/07/2026

<h2>Output:</h2>
*** Using Compiler 'V5.06 update 7 (build 960)', folder: 'C:\Keil_v5\ARM\ARM_Compiler_5.06u7\Bin'
Build target 'climber_wheel_legged_robot_chassis'
compiling State_chexk_task.c...
..\Chassis\State_chexk_task.c(9): warning:  #1295-D: Deprecated declaration standup_STATE - give arg types
  extern void standup_STATE();//腿部姿态调整
..\Chassis\State_chexk_task.c(10): warning:  #1295-D: Deprecated declaration check_loss_control - give arg types
  extern void check_loss_control();//疯车检测
..\Chassis\State_chexk_task.c(54): warning:  #1035-D: single-precision operand implicitly converted to double-precision
  			if ((fabs(CHASSIS.fdb.leg[0].rod.Phi0-0.5)<0.1f))
..\Chassis\State_chexk_task.c(79): warning:  #1035-D: single-precision operand implicitly converted to double-precision
          if (CHASSIS.fdb.leg[1].rod.L0 > 0.28) 
..\Chassis\State_chexk_task.c(88): warning:  #1035-D: single-precision operand implicitly converted to double-precision
          if ((fabs(CHASSIS.fdb.leg[1].rod.Phi0 - 0.5) < 0.1))
..\Chassis\State_chexk_task.c: 5 warnings, 0 errors
compiling bsp_can.c...
..\BSP\bsp_can.c(162): warning:  #223-D: function "DmFdbData" declared implicitly
  		   DmFdbData(&CAN1_DM_MEASURE[0],rx_data1);  //左前电机
..\BSP\bsp_can.c(166): warning:  #223-D: function "DmFdbData" declared implicitly
  		   DmFdbData(&CAN1_DM_MEASURE[1],rx_data1);  //左后电机
..\BSP\bsp_can.c(170): warning:  #223-D: function "DmFdbData" declared implicitly
  		   DmFdbData(&CAN1_DM_MEASURE[2],rx_data1);  //右前电机
..\BSP\bsp_can.c(174): warning:  #223-D: function "DmFdbData" declared implicitly
  		   DmFdbData(&CAN1_DM_MEASURE[3],rx_data1);  //右后电机
..\BSP\bsp_can.c(153): warning:  #177-D: variable "len"  was declared but never referenced
  	uint8_t len;
..\BSP\bsp_can.c(196): warning:  #223-D: function "DjiFdbData" declared implicitly
  			 DjiFdbData(&CAN2_DJI_MEASURE[0], rx_data2);
..\BSP\bsp_can.c(200): warning:  #223-D: function "DjiFdbData" declared implicitly
    		 DjiFdbData(&CAN2_DJI_MEASURE[1], rx_data2);
..\BSP\bsp_can.c(186): warning:  #177-D: variable "len"  was declared but never referenced
  	uint8_t len;
..\BSP\bsp_can.c(213): warning:  #177-D: variable "len"  was declared but never referenced
  	uint8_t len;
..\BSP\bsp_can.c: 9 warnings, 0 errors
compiling computer_rec.c...
..\Chassis\computer_rec.h(510): warning:  #1-D: last line of file ends without a newline
  #endif
..\Chassis\computer_rec.c: 1 warning, 0 errors
compiling ui_frame1.c...
..\Judge\ui_frame1.c(104): warning:  #223-D: function "osDelay" declared implicitly
      SEND_MESSAGE((uint8_t *) &ui_frame1_Ungroup_0, sizeof(ui_frame1_Ungroup_0));
..\Judge\ui_frame1.c(122): warning:  #223-D: function "osDelay" declared implicitly
      SEND_MESSAGE((uint8_t *) &ui_frame1_Ungroup_0, sizeof(ui_frame1_Ungroup_0));
..\Judge\ui_frame1.c(131): warning:  #223-D: function "osDelay" declared implicitly
      SEND_MESSAGE((uint8_t *) &ui_frame1_Ungroup_0, sizeof(ui_frame1_Ungroup_0));
..\Judge\ui_frame1.c(156): warning:  #223-D: function "osDelay" declared implicitly
      SEND_MESSAGE((uint8_t *) &ui_frame1_Ungroup_1, sizeof(ui_frame1_Ungroup_1));
..\Judge\ui_frame1.c(163): warning:  #223-D: function "osDelay" declared implicitly
      SEND_MESSAGE((uint8_t *) &ui_frame1_Ungroup_1, sizeof(ui_frame1_Ungroup_1));
..\Judge\ui_frame1.c(170): warning:  #223-D: function "osDelay" declared implicitly
      SEND_MESSAGE((uint8_t *) &ui_frame1_Ungroup_1, sizeof(ui_frame1_Ungroup_1));
..\Judge\ui_frame1.c(194): warning:  #223-D: function "osDelay" declared implicitly
      SEND_MESSAGE((uint8_t *) &ui_frame1_Ungroup_2, sizeof(ui_frame1_Ungroup_2));
..\Judge\ui_frame1.c(201): warning:  #223-D: function "osDelay" declared implicitly
      SEND_MESSAGE((uint8_t *) &ui_frame1_Ungroup_2, sizeof(ui_frame1_Ungroup_2));
..\Judge\ui_frame1.c(208): warning:  #223-D: function "osDelay" declared implicitly
      SEND_MESSAGE((uint8_t *) &ui_frame1_Ungroup_2, sizeof(ui_frame1_Ungroup_2));
..\Judge\ui_frame1.c(232): warning:  #223-D: function "osDelay" declared implicitly
      SEND_MESSAGE((uint8_t *) &ui_frame1_Ungroup_3, sizeof(ui_frame1_Ungroup_3));
..\Judge\ui_frame1.c(239): warning:  #223-D: function "osDelay" declared implicitly
      SEND_MESSAGE((uint8_t *) &ui_frame1_Ungroup_3, sizeof(ui_frame1_Ungroup_3));
..\Judge\ui_frame1.c(246): warning:  #223-D: function "osDelay" declared implicitly
      SEND_MESSAGE((uint8_t *) &ui_frame1_Ungroup_3, sizeof(ui_frame1_Ungroup_3));
..\Judge\ui_frame1.c(270): warning:  #223-D: function "osDelay" declared implicitly
      SEND_MESSAGE((uint8_t *) &ui_frame1_Ungroup_4, sizeof(ui_frame1_Ungroup_4));
..\Judge\ui_frame1.c(277): warning:  #223-D: function "osDelay" declared implicitly
      SEND_MESSAGE((uint8_t *) &ui_frame1_Ungroup_4, sizeof(ui_frame1_Ungroup_4));
..\Judge\ui_frame1.c(284): warning:  #223-D: function "osDelay" declared implicitly
      SEND_MESSAGE((uint8_t *) &ui_frame1_Ungroup_4, sizeof(ui_frame1_Ungroup_4));
..\Judge\ui_frame1.c(308): warning:  #223-D: function "osDelay" declared implicitly
      SEND_MESSAGE((uint8_t *) &ui_frame1_Ungroup_5, sizeof(ui_frame1_Ungroup_5));
..\Judge\ui_frame1.c(315): warning:  #223-D: function "osDelay" declared implicitly
      SEND_MESSAGE((uint8_t *) &ui_frame1_Ungroup_5, sizeof(ui_frame1_Ungroup_5));
..\Judge\ui_frame1.c(322): warning:  #223-D: function "osDelay" declared implicitly
      SEND_MESSAGE((uint8_t *) &ui_frame1_Ungroup_5, sizeof(ui_frame1_Ungroup_5));
..\Judge\ui_frame1.c(346): warning:  #223-D: function "osDelay" declared implicitly
      SEND_MESSAGE((uint8_t *) &ui_frame1_Ungroup_6, sizeof(ui_frame1_Ungroup_6));
..\Judge\ui_frame1.c(353): warning:  #223-D: function "osDelay" declared implicitly
      SEND_MESSAGE((uint8_t *) &ui_frame1_Ungroup_6, sizeof(ui_frame1_Ungroup_6));
..\Judge\ui_frame1.c(360): warning:  #223-D: function "osDelay" declared implicitly
      SEND_MESSAGE((uint8_t *) &ui_frame1_Ungroup_6, sizeof(ui_frame1_Ungroup_6));
..\Judge\ui_frame1.c(384): warning:  #223-D: function "osDelay" declared implicitly
      SEND_MESSAGE((uint8_t *) &ui_frame1_Ungroup_7, sizeof(ui_frame1_Ungroup_7));
..\Judge\ui_frame1.c(391): warning:  #223-D: function "osDelay" declared implicitly
      SEND_MESSAGE((uint8_t *) &ui_frame1_Ungroup_7, sizeof(ui_frame1_Ungroup_7));
..\Judge\ui_frame1.c(398): warning:  #223-D: function "osDelay" declared implicitly
      SEND_MESSAGE((uint8_t *) &ui_frame1_Ungroup_7, sizeof(ui_frame1_Ungroup_7));
..\Judge\ui_frame1.c(422): warning:  #223-D: function "osDelay" declared implicitly
      SEND_MESSAGE((uint8_t *) &ui_frame1_Ungroup_8, sizeof(ui_frame1_Ungroup_8));
..\Judge\ui_frame1.c(429): warning:  #223-D: function "osDelay" declared implicitly
      SEND_MESSAGE((uint8_t *) &ui_frame1_Ungroup_8, sizeof(ui_frame1_Ungroup_8));
..\Judge\ui_frame1.c(436): warning:  #223-D: function "osDelay" declared implicitly
      SEND_MESSAGE((uint8_t *) &ui_frame1_Ungroup_8, sizeof(ui_frame1_Ungroup_8));
..\Judge\ui_frame1.c(460): warning:  #223-D: function "osDelay" declared implicitly
      SEND_MESSAGE((uint8_t *) &ui_frame1_Ungroup_9, sizeof(ui_frame1_Ungroup_9));
..\Judge\ui_frame1.c(467): warning:  #223-D: function "osDelay" declared implicitly
      SEND_MESSAGE((uint8_t *) &ui_frame1_Ungroup_9, sizeof(ui_frame1_Ungroup_9));
..\Judge\ui_frame1.c(474): warning:  #223-D: function "osDelay" declared implicitly
      SEND_MESSAGE((uint8_t *) &ui_frame1_Ungroup_9, sizeof(ui_frame1_Ungroup_9));
..\Judge\ui_frame1.c(498): warning:  #223-D: function "osDelay" declared implicitly
      SEND_MESSAGE((uint8_t *) &ui_frame1_Ungroup_10, sizeof(ui_frame1_Ungroup_10));
..\Judge\ui_frame1.c(505): warning:  #223-D: function "osDelay" declared implicitly
      SEND_MESSAGE((uint8_t *) &ui_frame1_Ungroup_10, sizeof(ui_frame1_Ungroup_10));
..\Judge\ui_frame1.c(512): warning:  #223-D: function "osDelay" declared implicitly
      SEND_MESSAGE((uint8_t *) &ui_frame1_Ungroup_10, sizeof(ui_frame1_Ungroup_10));
..\Judge\ui_frame1.c(536): warning:  #223-D: function "osDelay" declared implicitly
      SEND_MESSAGE((uint8_t *) &ui_frame1_Ungroup_11, sizeof(ui_frame1_Ungroup_11));
..\Judge\ui_frame1.c(543): warning:  #223-D: function "osDelay" declared implicitly
      SEND_MESSAGE((uint8_t *) &ui_frame1_Ungroup_11, sizeof(ui_frame1_Ungroup_11));
..\Judge\ui_frame1.c(550): warning:  #223-D: function "osDelay" declared implicitly
      SEND_MESSAGE((uint8_t *) &ui_frame1_Ungroup_11, sizeof(ui_frame1_Ungroup_11));
..\Judge\ui_frame1.c: 36 warnings, 0 errors
compiling chassis_balance_extra.c...
..\Chassis\chassis_balance_extra.c(157): warning:  #550-D: variable "sin_theta3"  was set but never used
  	float cos_theta3,sin_theta3,theta3,s3,alpha_s;
..\Chassis\chassis_balance_extra.c(242): warning:  #1035-D: single-precision operand implicitly converted to double-precision
      return WHEEL_BASE * tanf(theta1) -cosf(theta0) / cosf(theta1) * (WHEEL_BASE * tanf(theta0) - Ld0);
..\Chassis\chassis_balance_extra.c(242): warning:  #1035-D: single-precision operand implicitly converted to double-precision
      return WHEEL_BASE * tanf(theta1) -cosf(theta0) / cosf(theta1) * (WHEEL_BASE * tanf(theta0) - Ld0);
..\Chassis\chassis_balance_extra.c: 3 warnings, 0 errors
compiling main.c...
../Chassis/computer_rec.h(510): warning:  #1-D: last line of file ends without a newline
  #endif
../Core/Src/main.c(134): warning:  #188-D: enumerated type mixed with another type
  	HAL_GPIO_WritePin(Power_5v_GPIO_Port,Power_5v_Pin,1);
../Core/Src/main.c: 2 warnings, 0 errors
compiling IMU_task.c...
..\IMU\IMU_task.c(72): warning:  #1035-D: single-precision operand implicitly converted to double-precision
  					  gyro[0]-=0.00280696363;   //减去陀螺仪0飘
..\IMU\IMU_task.c: 1 warning, 0 errors
compiling freertos.c...
compiling judge_paint_task.c...
../Chassis/computer_rec.h(510): warning:  #1-D: last line of file ends without a newline
  #endif
..\Judge\ui_frame1.h(30): warning:  #1295-D: Deprecated declaration ui_init_frame1_Ungroup - give arg types
  void ui_init_frame1_Ungroup();
..\Judge\ui_frame1.h(31): warning:  #1295-D: Deprecated declaration ui_update_frame1_Ungroup - give arg types
  void ui_update_frame1_Ungroup();
..\Judge\ui_frame1.h(32): warning:  #1295-D: Deprecated declaration ui_remove_frame1_Ungroup - give arg types
  void ui_remove_frame1_Ungroup();
..\Judge\ui.h(18): warning:  #1295-D: Deprecated declaration ui_init_frame1_Ungroup - give arg types
  void ui_init_frame1_Ungroup();
..\Judge\ui.h(19): warning:  #1295-D: Deprecated declaration ui_update_frame1_Ungroup - give arg types
  void ui_update_frame1_Ungroup();
..\Judge\ui.h(20): warning:  #1295-D: Deprecated declaration ui_remove_frame1_Ungroup - give arg types
  void ui_remove_frame1_Ungroup();
..\Judge\judge_paint_task.c: 7 warnings, 0 errors
compiling chassis_task.c...
..\Chassis\computer_rec.h(510): warning:  #1-D: last line of file ends without a newline
  #endif
..\Chassis\chassis_task.c(667): warning:  #1035-D: single-precision operand implicitly converted to double-precision
  		yaw_angle_diff=fp32_constrain(yaw_angle_diff,-M_PI*0.3,M_PI*0.3);
..\Chassis\chassis_task.c(667): warning:  #1035-D: single-precision operand implicitly converted to double-precision
  		yaw_angle_diff=fp32_constrain(yaw_angle_diff,-M_PI*0.3,M_PI*0.3);
..\Chassis\chassis_task.c(669): warning:  #1035-D: single-precision operand implicitly converted to double-precision
      target_wz = -PID_calc(&CHASSIS.pid.chassis_follow_gimbal, CHASSIS.fdb.gimbal.gimbal_yaw_6020, corrected_yaw_target)+rc_follow_gimbal_input*8.5+keyboard_data.Remote_Mouse_RL*0.01;
..\Chassis\chassis_task.c(772): warning:  #1035-D: single-precision operand implicitly converted to double-precision
  						 CHASSIS.ref.rod_L0[0] = length+0.1;
..\Chassis\chassis_task.c(773): warning:  #1035-D: single-precision operand implicitly converted to double-precision
  						 CHASSIS.ref.rod_L0[1] = length+0.1;
..\Chassis\chassis_task.c(617): warning:  #177-D: variable "rc_angle"  was declared but never referenced
      int16_t rc_length = 0, rc_angle = 0,rc_follow_gimbal=0;
..\Chassis\chassis_task.c(618): warning:  #177-D: variable "rc_pitch"  was declared but never referenced
      float rc_pitch = 0;
..\Chassis\chassis_task.c(270): warning:  #177-D: function "UpdateCalibrateStatus"  was declared but never referenced
  static void UpdateCalibrateStatus(void);//校准状态
..\Chassis\chassis_task.c(785): warning:  #177-D: function "ConsoleStandUp"  was declared but never referenced
  static void ConsoleStandUp(void);//起立控制
..\Chassis\chassis_task.c: 10 warnings, 0 errors
linking...
Program Size: Code=67864 RO-data=4984 RW-data=2828 ZI-data=23628  
FromELF: creating hex file...
"climber_wheel_legged_robot_chassis\climber_wheel_legged_robot_chassis.axf" - 0 Error(s), 74 Warning(s).

<h2>Software Packages used:</h2>

Package Vendor: ARM
                http://www.keil.com/pack/ARM.CMSIS.5.9.0.pack
                ARM::CMSIS@5.9.0
                CMSIS (Common Microcontroller Software Interface Standard)
   * Component: CORE Version: 5.6.0

Package Vendor: ARM
                https://www.keil.com/pack/ARM.CMSIS-DSP.1.15.0.pack
                ARM::CMSIS-DSP@1.15.0
                CMSIS Embedded Compute Library
   * Component: DSP Variant: Source Version: 1.15.0

Package Vendor: Keil
                https://www.keil.com/pack/Keil.STM32H7xx_DFP.3.1.0.pack
                Keil::STM32H7xx_DFP@3.1.0
                STMicroelectronics STM32H7 Series Device Support and Examples

<h2>Collection of Component include folders:</h2>
  ./RTE/_climber_wheel_legged_robot_chassis
  C:/Users/zyh/AppData/Local/Arm/Packs/ARM/CMSIS-DSP/1.15.0/Include
  C:/Users/zyh/AppData/Local/Arm/Packs/ARM/CMSIS-DSP/1.15.0/PrivateInclude
  C:/Users/zyh/AppData/Local/Arm/Packs/ARM/CMSIS/5.9.0/CMSIS/Core/Include
  C:/Users/zyh/AppData/Local/Arm/Packs/Keil/STM32H7xx_DFP/3.1.0/Drivers/CMSIS/Device/ST/STM32H7xx/Include

<h2>Collection of Component Files used:</h2>

   * Component: ARM::CMSIS:CORE@5.6.0
      Include file:  CMSIS/Core/Include/tz_context.h

   * Component: ARM::CMSIS:DSP&Source@1.15.0
      Include file:  Include/arm_const_structs.h
      Source file:   Source/FastMathFunctions/FastMathFunctions.c
      Include file:  Include/arm_common_tables.h
      Include file:  Include/arm_common_tables_f16.h
      Source file:   Source/ComplexMathFunctions/ComplexMathFunctions.c
      Source file:   Source/FilteringFunctions/FilteringFunctions.c
      Source file:   Source/StatisticsFunctions/StatisticsFunctions.c
      Source file:   Source/CommonTables/CommonTables.c
      Source file:   Source/ControllerFunctions/ControllerFunctions.c
      Include file:  Include/arm_math.h
      Include file:  Include/arm_const_structs_f16.h
      Source file:   Source/DistanceFunctions/DistanceFunctions.c
      Include file:  Include/arm_math_f16.h
      Source file:   Source/SupportFunctions/SupportFunctions.c
      Source file:   Source/SVMFunctions/SVMFunctions.c
      Source file:   Source/TransformFunctions/TransformFunctions.c
      Source file:   Source/BasicMathFunctions/BasicMathFunctions.c
      Source file:   Source/BayesFunctions/BayesFunctions.c
      Source file:   Source/InterpolationFunctions/InterpolationFunctions.c
      Source file:   Source/BasicMathFunctions/BasicMathFunctionsF16.c
      Source file:   Source/MatrixFunctions/MatrixFunctions.c
      Source file:   Source/QuaternionMathFunctions/QuaternionMathFunctions.c
      Source file:   Source/FilteringFunctions/FilteringFunctionsF16.c
      Source file:   Source/MatrixFunctions/MatrixFunctionsF16.c
      Source file:   Source/CommonTables/CommonTablesF16.c
      Source file:   Source/ComplexMathFunctions/ComplexMathFunctionsF16.c
      Source file:   Source/FastMathFunctions/FastMathFunctionsF16.c
      Source file:   Source/SVMFunctions/SVMFunctionsF16.c
      Source file:   Source/TransformFunctions/TransformFunctionsF16.c
      Source file:   Source/SupportFunctions/SupportFunctionsF16.c
      Source file:   Source/BayesFunctions/BayesFunctionsF16.c
      Source file:   Source/InterpolationFunctions/InterpolationFunctionsF16.c
      Source file:   Source/StatisticsFunctions/StatisticsFunctionsF16.c
      Source file:   Source/DistanceFunctions/DistanceFunctionsF16.c
Build Time Elapsed:  00:00:05
</pre>
</body>
</html>
