Component: ARM Compiler 5.06 update 7 (build 960) Tool: armlink [4d3601]

==============================================================================

Section Cross References

    startup_stm32h723xx.o(RESET) refers to startup_stm32h723xx.o(STACK) for __initial_sp
    startup_stm32h723xx.o(RESET) refers to startup_stm32h723xx.o(.text) for Reset_Handler
    startup_stm32h723xx.o(RESET) refers to stm32h7xx_it.o(i.NMI_Handler) for NMI_Handler
    startup_stm32h723xx.o(RESET) refers to stm32h7xx_it.o(i.HardFault_Handler) for HardFault_Handler
    startup_stm32h723xx.o(RESET) refers to stm32h7xx_it.o(i.MemManage_Handler) for MemManage_Handler
    startup_stm32h723xx.o(RESET) refers to stm32h7xx_it.o(i.BusFault_Handler) for BusFault_Handler
    startup_stm32h723xx.o(RESET) refers to stm32h7xx_it.o(i.UsageFault_Handler) for UsageFault_Handler
    startup_stm32h723xx.o(RESET) refers to port.o(.emb_text) for SVC_Handler
    startup_stm32h723xx.o(RESET) refers to stm32h7xx_it.o(i.DebugMon_Handler) for DebugMon_Handler
    startup_stm32h723xx.o(RESET) refers to port.o(i.SysTick_Handler) for SysTick_Handler
    startup_stm32h723xx.o(RESET) refers to stm32h7xx_it.o(i.DMA1_Stream0_IRQHandler) for DMA1_Stream0_IRQHandler
    startup_stm32h723xx.o(RESET) refers to stm32h7xx_it.o(i.DMA1_Stream1_IRQHandler) for DMA1_Stream1_IRQHandler
    startup_stm32h723xx.o(RESET) refers to stm32h7xx_it.o(i.DMA1_Stream2_IRQHandler) for DMA1_Stream2_IRQHandler
    startup_stm32h723xx.o(RESET) refers to stm32h7xx_it.o(i.DMA1_Stream3_IRQHandler) for DMA1_Stream3_IRQHandler
    startup_stm32h723xx.o(RESET) refers to stm32h7xx_it.o(i.FDCAN1_IT0_IRQHandler) for FDCAN1_IT0_IRQHandler
    startup_stm32h723xx.o(RESET) refers to stm32h7xx_it.o(i.FDCAN2_IT0_IRQHandler) for FDCAN2_IT0_IRQHandler
    startup_stm32h723xx.o(RESET) refers to stm32h7xx_it.o(i.TIM4_IRQHandler) for TIM4_IRQHandler
    startup_stm32h723xx.o(RESET) refers to stm32h7xx_it.o(i.SPI2_IRQHandler) for SPI2_IRQHandler
    startup_stm32h723xx.o(RESET) refers to stm32h7xx_it.o(i.USART1_IRQHandler) for USART1_IRQHandler
    startup_stm32h723xx.o(RESET) refers to stm32h7xx_it.o(i.UART5_IRQHandler) for UART5_IRQHandler
    startup_stm32h723xx.o(RESET) refers to stm32h7xx_it.o(i.TIM6_DAC_IRQHandler) for TIM6_DAC_IRQHandler
    startup_stm32h723xx.o(RESET) refers to stm32h7xx_it.o(i.DMA2_Stream0_IRQHandler) for DMA2_Stream0_IRQHandler
    startup_stm32h723xx.o(RESET) refers to stm32h7xx_it.o(i.DMA2_Stream1_IRQHandler) for DMA2_Stream1_IRQHandler
    startup_stm32h723xx.o(RESET) refers to stm32h7xx_it.o(i.DMA2_Stream6_IRQHandler) for DMA2_Stream6_IRQHandler
    startup_stm32h723xx.o(RESET) refers to computer_rec.o(i.UART7_IRQHandler) for UART7_IRQHandler
    startup_stm32h723xx.o(RESET) refers to tof_distance.o(i.USART10_IRQHandler) for USART10_IRQHandler
    startup_stm32h723xx.o(RESET) refers to stm32h7xx_it.o(i.FDCAN3_IT0_IRQHandler) for FDCAN3_IT0_IRQHandler
    startup_stm32h723xx.o(.text) refers to system_stm32h7xx.o(i.ExitRun0Mode) for ExitRun0Mode
    startup_stm32h723xx.o(.text) refers to system_stm32h7xx.o(i.SystemInit) for SystemInit
    startup_stm32h723xx.o(.text) refers to entry.o(.ARM.Collect$$$$00000000) for __main
    main.o(i.HAL_TIM_PeriodElapsedCallback) refers to stm32h7xx_hal.o(i.HAL_IncTick) for HAL_IncTick
    main.o(i.PeriphCommonClock_Config) refers to memseta.o(.text) for __aeabi_memclr4
    main.o(i.PeriphCommonClock_Config) refers to stm32h7xx_hal_rcc_ex.o(i.HAL_RCCEx_PeriphCLKConfig) for HAL_RCCEx_PeriphCLKConfig
    main.o(i.PeriphCommonClock_Config) refers to main.o(i.Error_Handler) for Error_Handler
    main.o(i.SystemClock_Config) refers to memseta.o(.text) for __aeabi_memclr4
    main.o(i.SystemClock_Config) refers to stm32h7xx_hal_pwr_ex.o(i.HAL_PWREx_ConfigSupply) for HAL_PWREx_ConfigSupply
    main.o(i.SystemClock_Config) refers to stm32h7xx_hal_rcc.o(i.HAL_RCC_OscConfig) for HAL_RCC_OscConfig
    main.o(i.SystemClock_Config) refers to main.o(i.Error_Handler) for Error_Handler
    main.o(i.SystemClock_Config) refers to stm32h7xx_hal_rcc.o(i.HAL_RCC_ClockConfig) for HAL_RCC_ClockConfig
    main.o(i.main) refers to stm32h7xx_hal.o(i.HAL_Init) for HAL_Init
    main.o(i.main) refers to main.o(i.SystemClock_Config) for SystemClock_Config
    main.o(i.main) refers to main.o(i.PeriphCommonClock_Config) for PeriphCommonClock_Config
    main.o(i.main) refers to gpio.o(i.MX_GPIO_Init) for MX_GPIO_Init
    main.o(i.main) refers to dma.o(i.MX_DMA_Init) for MX_DMA_Init
    main.o(i.main) refers to fdcan.o(i.MX_FDCAN1_Init) for MX_FDCAN1_Init
    main.o(i.main) refers to fdcan.o(i.MX_FDCAN2_Init) for MX_FDCAN2_Init
    main.o(i.main) refers to fdcan.o(i.MX_FDCAN3_Init) for MX_FDCAN3_Init
    main.o(i.main) refers to spi.o(i.MX_SPI2_Init) for MX_SPI2_Init
    main.o(i.main) refers to tim.o(i.MX_TIM3_Init) for MX_TIM3_Init
    main.o(i.main) refers to usart.o(i.MX_UART5_Init) for MX_UART5_Init
[...]
    __scatterload_zeroinit                   0x0800fcc1   Thumb Code    14  handlers.o(i.__scatterload_zeroinit)
    __set_errno                              0x0800fcd1   Thumb Code     6  errno.o(i.__set_errno)
    angle_difference                         0x08010571   Thumb Code     8  user_lib.o(i.angle_difference)
    arm_atan2_f32                            0x08010579   Thumb Code   524  fastmathfunctions.o(i.arm_atan2_f32)
    arm_cos_f32                              0x080107a1   Thumb Code   124  fastmathfunctions.o(i.arm_cos_f32)
    arm_mat_add_f32                          0x08010829   Thumb Code    72  matrixfunctions.o(i.arm_mat_add_f32)
    arm_mat_init_f32                         0x08010871   Thumb Code     8  matrixfunctions.o(i.arm_mat_init_f32)
    arm_mat_inverse_f32                      0x08010879   Thumb Code   696  matrixfunctions.o(i.arm_mat_inverse_f32)
    arm_mat_mult_f32                         0x08010b35   Thumb Code   134  matrixfunctions.o(i.arm_mat_mult_f32)
    arm_mat_sub_f32                          0x08010bc1   Thumb Code    72  matrixfunctions.o(i.arm_mat_sub_f32)
    arm_mat_trans_f32                        0x08010c09   Thumb Code    68  matrixfunctions.o(i.arm_mat_trans_f32)
    arm_sin_f32                              0x08010c4d   Thumb Code   120  fastmathfunctions.o(i.arm_sin_f32)
    atan                                     0x08010cd1   Thumb Code    16  atan.o(i.atan)
    bmi088_accel_init                        0x08010ce1   Thumb Code   264  bmi088driver.o(i.bmi088_accel_init)
    bmi088_gyro_init                         0x08010ded   Thumb Code   214  bmi088driver.o(i.bmi088_gyro_init)
    canx_send_data                           0x08010ec9   Thumb Code    42  bsp_can.o(i.canx_send_data)
    chassis_task                             0x08010ef3   Thumb Code    44  chassis_task.o(i.chassis_task)
    check_loss_control                       0x08010f21   Thumb Code   252  state_chexk_task.o(i.check_loss_control)
    fabs                                     0x08011029   Thumb Code    24  fabs.o(i.fabs)
    fdcan1_rx_callback                       0x08011041   Thumb Code   112  bsp_can.o(i.fdcan1_rx_callback)
    fdcan2_rx_callback                       0x080110bd   Thumb Code    90  bsp_can.o(i.fdcan2_rx_callback)
    fdcan3_rx_callback                       0x08011129   Thumb Code    56  bsp_can.o(i.fdcan3_rx_callback)
    float_to_uint                            0x0801116d   Thumb Code    40  user_lib.o(i.float_to_uint)
    fp32_constrain                           0x08011195   Thumb Code    32  user_lib.o(i.fp32_constrain)
    get_SuperCap_measure                     0x080111b5   Thumb Code    26  bsp_can.o(i.get_SuperCap_measure)
    get_remote_control_point                 0x080111d1   Thumb Code     4  bsp_rc.o(i.get_remote_control_point)
    imu_task                                 0x080111d9   Thumb Code    16  imu_task.o(i.imu_task)
    init_loss_control_detector               0x080111e9   Thumb Code    60  state_chexk_task.o(i.init_loss_control_detector)
    judgeCalculate                           0x08011275   Thumb Code   518  computer_rec.o(i.judgeCalculate)
    judge_painting_init                      0x08011489   Thumb Code  1806  judge_paint_task.o(i.judge_painting_init)
    judge_painting_update                    0x08011bed   Thumb Code  1850  judge_paint_task.o(i.judge_painting_update)
    keyboard_sendControl                     0x08012371   Thumb Code    90  talk_task.o(i.keyboard_sendControl)
    keyboard_sendControl2                    0x080123dd   Thumb Code   116  talk_task.o(i.keyboard_sendControl2)
    loop_fp32_constrain                      0x08012465   Thumb Code    70  user_lib.o(i.loop_fp32_constrain)
    main                                     0x080124ad   Thumb Code   114  main.o(i.main)
    make_cir                                 0x08012539   Thumb Code   156  judge_send_app.o(i.make_cir)
    make_line                                0x080125d5   Thumb Code   140  judge_send_app.o(i.make_line)
    make_word                                0x08012661   Thumb Code   184  judge_send_app.o(i.make_word)
    normalize_angle                          0x08012719   Thumb Code    38  user_lib.o(i.normalize_angle)
    osDelay                                  0x0801274d   Thumb Code    16  cmsis_os.o(i.osDelay)
    osKernelStart                            0x0801275d   Thumb Code    10  cmsis_os.o(i.osKernelStart)
    osThreadCreate                           0x08012767   Thumb Code    88  cmsis_os.o(i.osThreadCreate)
    pvPortMalloc                             0x08012b71   Thumb Code   214  heap_4.o(i.pvPortMalloc)
    pxPortInitialiseStack                    0x08012c4d   Thumb Code    30  port.o(i.pxPortInitialiseStack)
    referee_data_pack_handle                 0x08012c71   Thumb Code   130  judge_send_app.o(i.referee_data_pack_handle)
    sqrtf                                    0x08012dcd   Thumb Code    62  sqrtf.o(i.sqrtf)
    theta_transform                          0x08012e0d   Thumb Code    64  user_lib.o(i.theta_transform)
    uint_to_float                            0x08012e5d   Thumb Code    40  user_lib.o(i.uint_to_float)
    user_malloc                              0x08012e85   Thumb Code     4  kalman_filter.o(i.user_malloc)
    uxListRemove                             0x08012e89   Thumb Code    38  list.o(i.uxListRemove)
    vApplicationGetIdleTaskMemory            0x08012eb1   Thumb Code    16  freertos.o(i.vApplicationGetIdleTaskMemory)
    vListInitialise                          0x08012ec5   Thumb Code    22  list.o(i.vListInitialise)
    vListInitialiseItem                      0x08012edb   Thumb Code     6  list.o(i.vListInitialiseItem)
    vListInsert                              0x08012ee1   Thumb Code    48  list.o(i.vListInsert)
    vListInsertEnd                           0x08012f11   Thumb Code    24  list.o(i.vListInsertEnd)
    vPortEnterCritical                       0x08012f29   Thumb Code    54  port.o(i.vPortEnterCritical)
    vPortExitCritical                        0x08012f69   Thumb Code    38  port.o(i.vPortExitCritical)
    vPortFree                                0x08012f95   Thumb Code    94  heap_4.o(i.vPortFree)
    vPortSetupTimerInterrupt                 0x08012ff9   Thumb Code    32  port.o(i.vPortSetupTimerInterrupt)
    vTaskDelay                               0x0801301d   Thumb Code    70  tasks.o(i.vTaskDelay)
    vTaskResume                              0x0801306d   Thumb Code   114  tasks.o(i.vTaskResume)
    vTaskStartScheduler                      0x080130ed   Thumb Code   118  tasks.o(i.vTaskStartScheduler)
    vTaskSuspend                             0x08013175   Thumb Code   174  tasks.o(i.vTaskSuspend)
    vTaskSuspendAll                          0x08013231   Thumb Code    10  tasks.o(i.vTaskSuspendAll)
    vTaskSwitchContext                       0x08013241   Thumb Code    86  tasks.o(i.vTaskSwitchContext)
    xPortStartScheduler                      0x080132a1   Thumb Code   222  port.o(i.xPortStartScheduler)
    xTaskCreate                              0x08013395   Thumb Code   100  tasks.o(i.xTaskCreate)
    xTaskCreateStatic                        0x080133f9   Thumb Code    92  tasks.o(i.xTaskCreateStatic)
    xTaskGetTickCount                        0x08013455   Thumb Code     6  tasks.o(i.xTaskGetTickCount)
    xTaskIncrementTick                       0x08013461   Thumb Code   198  tasks.o(i.xTaskIncrementTick)
    xTaskResumeAll                           0x08013531   Thumb Code   192  tasks.o(i.xTaskResumeAll)
    UARTPrescTable                           0x08013724   Data          24  stm32h7xx_hal_uart.o(.constdata)
    D1CorePrescTable                         0x0801374c   Data          16  system_stm32h7xx.o(.constdata)
    IMU_QuaternionEKF_F                      0x08014974   Data         144  quaternionekf.o(.constdata)
    IMU_QuaternionEKF_P_Const                0x08014a04   Data         144  quaternionekf.o(.constdata)
    CRC8_TAB                                 0x08014a94   Data         256  crc_check.o(.constdata)
    wCRC_Table                               0x08014b94   Data         512  crc_check.o(.constdata)
    sinTable_f32                             0x08014d94   Data        2052  commontables.o(.constdata)
    __mathlib_zero                           0x080156d0   Data           8  qnan.o(.constdata)
    Region$$Table$$Base                      0x08015840   Number         0  anon$$obj.o(Region$$Table)
    Region$$Table$$Limit                     0x08015860   Number         0  anon$$obj.o(Region$$Table)
    defaultTaskHandle                        0x24000000   Data           4  freertos.o(.data)
    Chassis_TaskHandle                       0x24000004   Data           4  freertos.o(.data)
    IMU_taskHandle                           0x24000008   Data           4  freertos.o(.data)
    State_checkHandle                        0x2400000c   Data           4  freertos.o(.data)
    MY_UI_TaskHandle                         0x24000010   Data           4  freertos.o(.data)
    Talk_TaskHandle                          0x24000014   Data           4  freertos.o(.data)
    Music_taskHandle                         0x24000018   Data           4  freertos.o(.data)
    usart_dma_tx_over                        0x24000020   Data           1  usart.o(.data)
    uwTickFreq                               0x24000024   Data           1  stm32h7xx_hal.o(.data)
    uwTickPrio                               0x24000028   Data           4  stm32h7xx_hal.o(.data)
    uwTick                                   0x2400002c   Data           4  stm32h7xx_hal.o(.data)
    SystemCoreClock                          0x24000030   Data           4  system_stm32h7xx.o(.data)
    SystemD2Clock                            0x24000034   Data           4  system_stm32h7xx.o(.data)
    pxCurrentTCB                             0x24000038   Data           4  tasks.o(.data)
    rec_id1                                  0x240000a0   Data           2  bsp_can.o(.data)
    rec_id2                                  0x240000a2   Data           2  bsp_can.o(.data)
    rec_id3                                  0x240000a4   Data           2  bsp_can.o(.data)
    rx_data1                                 0x240000a6   Data           8  bsp_can.o(.data)
    rx_data2                                 0x240000ae   Data           8  bsp_can.o(.data)
    rx_data3                                 0x240000b6   Data           8  bsp_can.o(.data)
    is_auto_climbing                         0x240000d0   Data           1  chassis_task.o(.data)
    climb_state                              0x240000d2   Data           2  chassis_task.o(.data)
    BODY_MASS_FN                             0x240000d4   Data           4  chassis_task.o(.data)
    move_scale                               0x240000d8   Data           4  chassis_task.o(.data)
    theta                                    0x240000dc   Data           4  chassis_task.o(.data)
    length                                   0x240000e0   Data           4  chassis_task.o(.data)
    vx_ramp_rate                             0x240000e4   Data           4  chassis_task.o(.data)
    current_vx                               0x240000e8   Data           4  chassis_task.o(.data)
    target_wz                                0x240000ec   Data           4  chassis_task.o(.data)
    current_wz                               0x240000f0   Data           4  chassis_task.o(.data)
    wz_ramp_rate                             0x240000f4   Data           4  chassis_task.o(.data)
    current_to_torque                        0x240000fc   Data           4  chassis_task.o(.data)
    touch_ground_kd_leg                      0x24000100   Data           4  chassis_task.o(.data)
    F0                                       0x2400010c   Data           4  chassis_task.o(.data)
    F_leg                                    0x24000110   Data           4  chassis_task.o(.data)
    CHASSIS                                  0x2400012c   Data        2228  chassis_task.o(.data)
    data_length                              0x240009e4   Data           1  tof_distance.o(.data)
    max_power                                0x240009f0   Data           4  chassis_power_control.o(.data)
    p_bal_L                                  0x240009fc   Data           4  chassis_power_control.o(.data)
    p_bal_R                                  0x24000a00   Data           4  chassis_power_control.o(.data)
    p_base_total                             0x24000a04   Data           4  chassis_power_control.o(.data)
    p_full_L                                 0x24000a08   Data           4  chassis_power_control.o(.data)
    p_full_R                                 0x24000a0c   Data           4  chassis_power_control.o(.data)
    p_full_total                             0x24000a10   Data           4  chassis_power_control.o(.data)
    actual_p_L                               0x24000a14   Data           4  chassis_power_control.o(.data)
    actual_p_R                               0x24000a18   Data           4  chassis_power_control.o(.data)
    p_actual_total                           0x24000a1c   Data           4  chassis_power_control.o(.data)
    FRIC_FLAG                                0x24000a20   Data           1  talk_task.o(.data)
    TRIGGER_FLAG                             0x24000a21   Data           1  talk_task.o(.data)
    sizeof_float                             0x24000a54   Data           2  kalman_filter.o(.data)
    sizeof_double                            0x24000a56   Data           2  kalman_filter.o(.data)
    IMU_QuaternionEKF_P                      0x24000a58   Data         144  quaternionekf.o(.data)
    anglesComputed                           0x24000ae8   Data           1  mahonyahrs.o(.data)
    twoKi                                    0x24000aec   Data           4  mahonyahrs.o(.data)
    q0                                       0x24000af0   Data           4  mahonyahrs.o(.data)
    q1                                       0x24000af4   Data           4  mahonyahrs.o(.data)
    q2                                       0x24000af8   Data           4  mahonyahrs.o(.data)
    q3                                       0x24000afc   Data           4  mahonyahrs.o(.data)
    integralFBx                              0x24000b00   Data           4  mahonyahrs.o(.data)
    integralFBy                              0x24000b04   Data           4  mahonyahrs.o(.data)
    integralFBz                              0x24000b08   Data           4  mahonyahrs.o(.data)
    invSampleFreq                            0x24000b0c   Data           4  mahonyahrs.o(.data)
    roll_mahony                              0x24000b10   Data           4  mahonyahrs.o(.data)
    pitch_mahony                             0x24000b14   Data           4  mahonyahrs.o(.data)
    yaw_mahony                               0x24000b18   Data           4  mahonyahrs.o(.data)
    BMI088_ACCEL_SEN                         0x24000b1c   Data           4  bmi088driver.o(.data)
    BMI088_GYRO_SEN                          0x24000b20   Data           4  bmi088driver.o(.data)
    attitude_flag                            0x24000b48   Data           1  imu_task.o(.data)
    RefTemp                                  0x24000b4c   Data           4  imu_task.o(.data)
    yaw                                      0x24000b50   Data           4  imu_task.o(.data)
    correct_times                            0x24000b54   Data           4  imu_task.o(.data)
    temp_temperature                         0x24000b58   Data           4  imu_task.o(.data)
    temp                                     0x24000b5c   Data           4  imu_task.o(.data)
    roll                                     0x24000b60   Data           4  imu_task.o(.data)
    pitch                                    0x24000b64   Data           4  imu_task.o(.data)
    Temperature_PID_Para                     0x24000b68   Data          12  imu_task.o(.data)
    MOTORS_USED_NUM                          0x24000ba4   Data           4  motor.o(.data)
    last_ui_mode                             0x24000ba8   Data           1  judge_paint_task.o(.data)
    last_ui_aim                              0x24000ba9   Data           1  judge_paint_task.o(.data)
    last_ui_fric                             0x24000baa   Data           1  judge_paint_task.o(.data)
    send_cnt_mode                            0x24000bab   Data           1  judge_paint_task.o(.data)
    send_cnt_aim                             0x24000bac   Data           1  judge_paint_task.o(.data)
    send_cnt_fric                            0x24000bad   Data           1  judge_paint_task.o(.data)
    last_ui_yaw                              0x24000bae   Data           2  judge_paint_task.o(.data)
    last_ui_pitch                            0x24000bb0   Data           2  judge_paint_task.o(.data)
    bg_aim_out                               0x24000bb2   Data           3  judge_paint_task.o(.data)
    dyn_chassis                              0x24000bb5   Data           3  judge_paint_task.o(.data)
    dyn_thigh_L                              0x24000bb8   Data           3  judge_paint_task.o(.data)
    dyn_calf_L                               0x24000bbb   Data           3  judge_paint_task.o(.data)
    dyn_thigh_R                              0x24000bbe   Data           3  judge_paint_task.o(.data)
    dyn_calf_R                               0x24000bc1   Data           3  judge_paint_task.o(.data)
    dyn_horiz_L                              0x24000bc4   Data           3  judge_paint_task.o(.data)
    dyn_horiz_R                              0x24000bc7   Data           3  judge_paint_task.o(.data)
    dyn_chas_l1                              0x24000bca   Data           3  judge_paint_task.o(.data)
    lit_mode                                 0x24000bcd   Data           3  judge_paint_task.o(.data)
    lit_aim                                  0x24000bd0   Data           3  judge_paint_task.o(.data)
    lit_fric                                 0x24000bd3   Data           3  judge_paint_task.o(.data)
    dyn_cap_fill                             0x24000bd6   Data           3  judge_paint_task.o(.data)
    txt_mode                                 0x24000bd9   Data           3  judge_paint_task.o(.data)
    txt_aim                                  0x24000bdc   Data           3  judge_paint_task.o(.data)
    txt_fric                                 0x24000bdf   Data           3  judge_paint_task.o(.data)
    txt_slip                                 0x24000be2   Data           3  judge_paint_task.o(.data)
    txt_gim_f                                0x24000be5   Data           3  judge_paint_task.o(.data)
    txt_cap_name_1                           0x24000be8   Data           3  judge_paint_task.o(.data)
    txt_cap_name_2                           0x24000beb   Data           3  judge_paint_task.o(.data)
    txt_cap_per                              0x24000bee   Data           3  judge_paint_task.o(.data)
    txt_gim_yaw                              0x24000bf1   Data           3  judge_paint_task.o(.data)
    txt_gim_pitch                            0x24000bf4   Data           3  judge_paint_task.o(.data)
    seq                                      0x24000bf7   Data           1  judge_send_app.o(.data)
    CRC_INIT                                 0x24000bf8   Data           2  crc_check.o(.data)
    hfdcan1                                  0x24000e54   Data         160  fdcan.o(.bss)
    hfdcan2                                  0x24000ef4   Data         160  fdcan.o(.bss)
    hfdcan3                                  0x24000f94   Data         160  fdcan.o(.bss)
    hspi2                                    0x24001034   Data         136  spi.o(.bss)
    hdma_spi2_rx                             0x240010bc   Data         120  spi.o(.bss)
    hdma_spi2_tx                             0x24001134   Data         120  spi.o(.bss)
    htim3                                    0x240011ac   Data          76  tim.o(.bss)
    htim6                                    0x240011f8   Data          76  tim.o(.bss)
    htim12                                   0x24001244   Data          76  tim.o(.bss)
    huart5                                   0x240014e8   Data         148  usart.o(.bss)
    huart7                                   0x2400157c   Data         148  usart.o(.bss)
    huart1                                   0x24001610   Data         148  usart.o(.bss)
    huart10                                  0x240016a4   Data         148  usart.o(.bss)
    hdma_uart5_rx                            0x24001738   Data         120  usart.o(.bss)
    hdma_uart7_rx                            0x240017b0   Data         120  usart.o(.bss)
    hdma_uart7_tx                            0x24001828   Data         120  usart.o(.bss)
    hdma_usart1_tx                           0x240018a0   Data         120  usart.o(.bss)
    hdma_usart10_rx                          0x24001918   Data         120  usart.o(.bss)
    htim4                                    0x24001990   Data          76  stm32h7xx_hal_timebase_tim.o(.bss)
    rc_ctrl                                  0x240056cc   Data          24  bsp_rc.o(.bss)
    rx_buff                                  0x240056e4   Data          18  bsp_rc.o(.bss)
    keyboard_data                            0x240056f6   Data          38  bsp_rc.o(.bss)
    SuperCap_rx                              0x2400571c   Data          12  bsp_can.o(.bss)
    TRANSITION_MATRIX                        0x24005728   Data          10  chassis_task.o(.bss)
    target_v_set                             0x24005734   Data          12  chassis_task.o(.bss)
    SuperCap_tx                              0x24005740   Data          10  chassis_task.o(.bss)
    ctom_message                             0x2400574c   Data          16  chassis_task.o(.bss)
    OBSERVER                                 0x2400575c   Data         308  chassis_task.o(.bss)
    JudgementData                            0x24005890   Data         286  computer_rec.o(.bss)
    judge_re                                 0x240059ae   Data         400  computer_rec.o(.bss)
    leg_loss_control                         0x24005b40   Data          48  state_chexk_task.o(.bss)
    tof_data                                 0x24005b70   Data         136  tof_distance.o(.bss)
    sbus_rx_buffer                           0x24005bf8   Data         128  tof_distance.o(.bss)
    QEKF_INS                                 0x24005c78   Data         480  quaternionekf.o(.bss)
    IMU_QuaternionEKF_K                      0x24005e58   Data          72  quaternionekf.o(.bss)
    IMU_QuaternionEKF_H                      0x24005ea0   Data          72  quaternionekf.o(.bss)
    Temperature_PID                          0x24005ee8   Data          76  imu_task.o(.bss)
    gyro_correct                             0x24005f34   Data          12  imu_task.o(.bss)
    gyro                                     0x24005f40   Data          12  imu_task.o(.bss)
    accel                                    0x24005f4c   Data          12  imu_task.o(.bss)
    MOTORS                                   0x24005f58   Data         120  motor.o(.bss)
    CAN1_DM_MEASURE                          0x24005fd0   Data         240  can_receive.o(.bss)
    CAN2_DJI_MEASURE                         0x240060c0   Data          80  can_receive.o(.bss)
    pack_figs                                0x24006110   Data         111  judge_paint_task.o(.bss)
    pack_word                                0x2400617f   Data          51  judge_paint_task.o(.bss)
    __initial_sp                             0x240069b8   Data           0  startup_stm32h723xx.o(STACK)



==============================================================================

Memory Map of the image

  Image Entry point : 0x080002cd

  Load Region LR_IROM1 (Base: 0x08000000, Size: 0x00016460, Max: 0x00100000, ABSOLUTE, COMPRESSED[0x00015960])

    Execution Region ER_IROM1 (Exec base: 0x08000000, Load base: 0x08000000, Size: 0x00015860, Max: 0x00100000, ABSOLUTE)

    Exec Addr    Load Addr    Size         Type   Attr      Idx    E Section Name        Object

    0x08000000   0x08000000   0x000002cc   Data   RO            3    RESET               startup_stm32h723xx.o
    0x080002cc   0x080002cc   0x00000000   Code   RO        16199  * .ARM.Collect$$$$00000000  mc_w.l(entry.o)
    0x080002cc   0x080002cc   0x00000004   Code   RO        16557    .ARM.Collect$$$$00000001  mc_w.l(entry2.o)
    0x080002d0   0x080002d0   0x00000004   Code   RO        16560    .ARM.Collect$$$$00000004  mc_w.l(entry5.o)
    0x080002d4   0x080002d4   0x00000000   Code   RO        16562    .ARM.Collect$$$$00000008  mc_w.l(entry7b.o)
    0x080002d4   0x080002d4   0x00000000   Code   RO        16564    .ARM.Collect$$$$0000000A  mc_w.l(entry8b.o)
    0x080002d4   0x080002d4   0x00000008   Code   RO        16565    .ARM.Collect$$$$0000000B  mc_w.l(entry9a.o)
    0x080002dc   0x080002dc   0x00000004   Code   RO        16572    .ARM.Collect$$$$0000000E  mc_w.l(entry12b.o)
    0x080002e0   0x080002e0   0x00000000   Code   RO        16567    .ARM.Collect$$$$0000000F  mc_w.l(entry10a.o)
    0x080002e0   0x080002e0   0x00000000   Code   RO        16569    .ARM.Collect$$$$00000011  mc_w.l(entry11a.o)
    0x080002e0   0x080002e0   0x00000004   Code   RO        16558    .ARM.Collect$$$$00002712  mc_w.l(entry2.o)
    0x080002e4   0x080002e4   0x000000be   Code   RO         7253    .emb_text           port.o
    0x080003a2   0x080003a2   0x00000002   PAD
    0x080003a4   0x080003a4   0x0000002c   Code   RO            4    .text               startup_stm32h723xx.o
    0x080003d0   0x080003d0   0x00000062   Code   RO        16202    .text               mc_w.l(uldiv.o)
    0x08000432   0x08000432   0x0000001e   Code   RO        16206    .text               mc_w.l(llshl.o)
    0x08000450   0x08000450   0x00000024   Code   RO        16208    .text               mc_w.l(llsshr.o)
    0x08000474   0x08000474   0x00000024   Code   RO        16210    .text               mc_w.l(memcpya.o)
    0x08000498   0x08000498   0x00000024   Code   RO        16214    .text               mc_w.l(memseta.o)
    0x080004bc   0x080004bc   0x0000000e   Code   RO        16216    .text               mc_w.l(strlen.o)
    0x080004ca   0x080004ca   0x0000002c   Code   RO        16574    .text               mc_w.l(uidiv.o)
    0x080004f6   0x080004f6   0x00000020   Code   RO        16576    .text               mc_w.l(llushr.o)
    0x08000516   0x08000516   0x00000000   Code   RO        16585    .text               mc_w.l(iusefp.o)
    0x08000516   0x08000516   0x0000014e   Code   RO        16586    .text               mf_w.l(dadd.o)
    0x08000664   0x08000664   0x000000e4   Code   RO        16588    .text               mf_w.l(dmul.o)
    0x08000748   0x08000748   0x000000de   Code   RO        16590    .text               mf_w.l(ddiv.o)
    0x08000826   0x08000826   0x00000030   Code   RO        16592    .text               mf_w.l(dfixul.o)
    0x08000856   0x08000856   0x00000002   PAD
    0x08000858   0x08000858   0x00000030   Code   RO        16594    .text               mf_w.l(cdrcmple.o)
    0x08000888   0x08000888   0x00000024   Code   RO        16598    .text               mc_w.l(init.o)
    0x080008ac   0x080008ac   0x000000ba   Code   RO        16600    .text               mf_w.l(depilogue.o)
    0x08000966   0x08000966   0x00000056   Code   RO        16610    .text               mc_w.l(__dczerorl2.o)
    0x080009bc   0x080009bc   0x0000002c   Code   RO         9615    i.Append_CRC16_Check_Sum  crc_check.o
    0x080009e8   0x080009e8   0x00000020   Code   RO         9616    i.Append_CRC8_Check_Sum  crc_check.o
    0x08000a08   0x08000a08   0x0000034c   Code   RO         7743    i.Auto_ClimbStep    chassis_task.o
    0x08000d54   0x08000d54   0x00000010   Code   RO         9048    i.BMI088_ACCEL_NS_H  bmi088middleware.o
    0x08000d64   0x08000d64   0x00000010   Code   RO         9049    i.BMI088_ACCEL_NS_L  bmi088middleware.o
    0x08000d74   0x08000d74   0x00000002   Code   RO         9050    i.BMI088_GPIO_init  bmi088middleware.o
    0x08000d76   0x08000d76   0x00000002   PAD
    0x08000d78   0x08000d78   0x00000010   Code   RO         9051    i.BMI088_GYRO_NS_H  bmi088middleware.o
    0x08000d88   0x08000d88   0x00000010   Code   RO         9052    i.BMI088_GYRO_NS_L  bmi088middleware.o
    0x08000d98   0x08000d98   0x00000002   Code   RO         9053    i.BMI088_com_init   bmi088middleware.o
    0x08000d9a   0x08000d9a   0x00000018   Code   RO         9054    i.BMI088_delay_ms   bmi088middleware.o
    0x08000db2   0x08000db2   0x00000032   Code   RO         9055    i.BMI088_delay_us   bmi088middleware.o
    0x08000de4   0x08000de4   0x00000018   Code   RO         8979    i.BMI088_init       bmi088driver.o
    0x08000dfc   0x08000dfc   0x0000015c   Code   RO         8980    i.BMI088_read       bmi088driver.o
    0x08000f58   0x08000f58   0x00000024   Code   RO         8981    i.BMI088_read_muli_reg  bmi088driver.o
    0x08000f7c   0x08000f7c   0x00000016   Code   RO         8982    i.BMI088_read_single_reg  bmi088driver.o
    0x08000f92   0x08000f92   0x00000002   PAD
    0x08000f94   0x08000f94   0x00000020   Code   RO         9056    i.BMI088_read_write_byte  bmi088middleware.o
    0x08000fb4   0x08000fb4   0x00000012   Code   RO         8983    i.BMI088_write_single_reg  bmi088driver.o
    0x08000fc6   0x08000fc6   0x00000002   PAD
    0x08000fc8   0x08000fc8   0x000000fc   Code   RO         7655    i.BSP_Buzzer_Init   bsp_buzzer.o
    0x080010c4   0x080010c4   0x00000030   Code   RO         7656    i.BSP_Buzzer_PlayNote  bsp_buzzer.o
    0x080010f4   0x080010f4   0x00000180   Code   RO         7657    i.BSP_Buzzer_SetSound  bsp_buzzer.o
    0x08001274   0x08001274   0x00000198   Code   RO         7744    i.BodyMotionObserve  chassis_task.o
    0x0800140c   0x0800140c   0x00000002   Code   RO          717    i.BusFault_Handler  stm32h7xx_it.o
    0x0800140e   0x0800140e   0x00000002   PAD
    0x08001410   0x08001410   0x00000078   Code   RO         7696    i.BuzzerSongs_Play  bsp_buzzersongs.o
    0x08001488   0x08001488   0x00000014   Code   RO         7697    i.BuzzerSongs_Play_Gala_You  bsp_buzzersongs.o
    0x0800149c   0x0800149c   0x00000038   Code   RO         9181    i.CAN_cmd_supercap  can_cmd_damiao.o
    0x080014d4   0x080014d4   0x00000030   Code   RO         7559    i.C_communication_M  bsp_can.o
    0x08001504   0x08001504   0x00000268   Code   RO         8092    i.CalcJacobian      chassis_balance_extra.o
    0x0800176c   0x0800176c   0x00000158   Code   RO         7745    i.CalcLQR           chassis_task.o
    0x080018c4   0x080018c4   0x0000002a   Code   RO         8094    i.CalcVmc           chassis_balance_extra.o
    0x080018ee   0x080018ee   0x00000002   PAD
    0x080018f0   0x080018f0   0x0000003c   Code   RO         9182    i.CanCmdDjiMotor    can_cmd_damiao.o
    0x0800192c   0x0800192c   0x00000028   Code   RO         7746    i.ChassisConsole    chassis_task.o
    0x08001954   0x08001954   0x000000e0   Code   RO         7747    i.ChassisHandleException  chassis_task.o
    0x08001a34   0x08001a34   0x0000031c   Code   RO         7748    i.ChassisInit       chassis_task.o
    0x08001d50   0x08001d50   0x00000044   Code   RO         7749    i.ChassisObserver   chassis_task.o
    0x08001d94   0x08001d94   0x0000070c   Code   RO         7750    i.ChassisReference  chassis_task.o
    0x080024a0   0x080024a0   0x0000000e   Code   RO         7751    i.ChassisSendCmd    chassis_task.o
    0x080024ae   0x080024ae   0x00000002   PAD
    0x080024b0   0x080024b0   0x000000d0   Code   RO         7752    i.ChassisSetMode    chassis_task.o
    0x08002580   0x08002580   0x00000248   Code   RO         8357    i.Chassis_Power_Limit_Calc  chassis_power_control.o
    0x080027c8   0x080027c8   0x00000020   Code   RO         8217    i.Computer_rec_init  computer_rec.o
    0x080027e8   0x080027e8   0x000000c0   Code   RO         7753    i.ConsoleNormal     chassis_task.o
    0x080028a8   0x080028a8   0x00000038   Code   RO         7754    i.ConsoleZeroForce  chassis_task.o
    0x080028e0   0x080028e0   0x0000000c   Code   RO          718    i.DMA1_Stream0_IRQHandler  stm32h7xx_it.o
    0x080028ec   0x080028ec   0x0000000c   Code   RO          719    i.DMA1_Stream1_IRQHandler  stm32h7xx_it.o
    0x080028f8   0x080028f8   0x0000000c   Code   RO          720    i.DMA1_Stream2_IRQHandler  stm32h7xx_it.o
    0x08002904   0x08002904   0x0000000c   Code   RO          721    i.DMA1_Stream3_IRQHandler  stm32h7xx_it.o
    0x08002910   0x08002910   0x0000000c   Code   RO          722    i.DMA2_Stream0_IRQHandler  stm32h7xx_it.o
    0x0800291c   0x0800291c   0x0000000c   Code   RO          723    i.DMA2_Stream1_IRQHandler  stm32h7xx_it.o
    0x08002928   0x08002928   0x0000000c   Code   RO          724    i.DMA2_Stream6_IRQHandler  stm32h7xx_it.o
    0x08002934   0x08002934   0x000000c0   Code   RO         2831    i.DMA_CalcBaseAndBitshift  stm32h7xx_hal_dma.o
    0x080029f4   0x080029f4   0x000000a0   Code   RO         2832    i.DMA_CalcDMAMUXChannelBaseAndMask  stm32h7xx_hal_dma.o
    0x08002a94   0x08002a94   0x0000007c   Code   RO         2833    i.DMA_CalcDMAMUXRequestGenBaseAndMask  stm32h7xx_hal_dma.o
    0x08002b10   0x08002b10   0x00000078   Code   RO         2834    i.DMA_CheckFifoParam  stm32h7xx_hal_dma.o
    0x08002b88   0x08002b88   0x0000023c   Code   RO         2835    i.DMA_SetConfig     stm32h7xx_hal_dma.o
    0x08002dc4   0x08002dc4   0x00000002   Code   RO          725    i.DebugMon_Handler  stm32h7xx_it.o
    0x08002dc6   0x08002dc6   0x00000032   Code   RO         9400    i.DjiFdbData        can_receive.o
    0x08002df8   0x08002df8   0x0000001c   Code   RO         9187    i.DmEnable          can_cmd_damiao.o
    0x08002e14   0x08002e14   0x000000b0   Code   RO         9401    i.DmFdbData         can_receive.o
    0x08002ec4   0x08002ec4   0x00000034   Code   RO         9190    i.DmMitCtrlTorque   can_cmd_damiao.o
    0x08002ef8   0x08002ef8   0x00000044   Code   RO         9191    i.DmMitCtrlVelocity  can_cmd_damiao.o
    0x08002f3c   0x08002f3c   0x00000030   Code   RO         9196    i.EnableMotorMode   can_cmd_damiao.o
    0x08002f6c   0x08002f6c   0x00000004   Code   RO           13    i.Error_Handler     main.o
    0x08002f70   0x08002f70   0x0000001c   Code   RO         5972    i.ExitRun0Mode      system_stm32h7xx.o
    0x08002f8c   0x08002f8c   0x00000060   Code   RO         7560    i.FDCAN1_Config     bsp_can.o
    0x08002fec   0x08002fec   0x0000000c   Code   RO          726    i.FDCAN1_IT0_IRQHandler  stm32h7xx_it.o
    0x08002ff8   0x08002ff8   0x0000005c   Code   RO         7561    i.FDCAN2_Config     bsp_can.o
    0x08003054   0x08003054   0x0000000c   Code   RO          727    i.FDCAN2_IT0_IRQHandler  stm32h7xx_it.o
    0x08003060   0x08003060   0x00000064   Code   RO         7562    i.FDCAN3_Config     bsp_can.o
    0x080030c4   0x080030c4   0x0000000c   Code   RO          728    i.FDCAN3_IT0_IRQHandler  stm32h7xx_it.o
    0x080030d0   0x080030d0   0x000001b0   Code   RO         4472    i.FDCAN_CalcultateRamBlockAddresses  stm32h7xx_hal_fdcan.o
    0x08003280   0x08003280   0x00000074   Code   RO         4473    i.FDCAN_CopyMessageToRAM  stm32h7xx_hal_fdcan.o
    0x080032f4   0x080032f4   0x00000084   Code   RO         9402    i.GetDjiFdbData     can_receive.o
    0x08003378   0x08003378   0x0000001c   Code   RO         9403    i.GetDjiMotorMeasurePoint  can_receive.o
    0x08003394   0x08003394   0x00000044   Code   RO         9404    i.GetDmFdbData      can_receive.o
    0x080033d8   0x080033d8   0x00000028   Code   RO         9197    i.GetHcanPoint      can_cmd_damiao.o
    0x08003400   0x08003400   0x0000046c   Code   RO         8096    i.GetK              chassis_balance_extra.o
    0x0800386c   0x0800386c   0x00000144   Code   RO         8097    i.GetL0AndPhi0      chassis_balance_extra.o
    0x080039b0   0x080039b0   0x0000004a   Code   RO         8098    i.GetLegForce       chassis_balance_extra.o
    0x080039fa   0x080039fa   0x00000002   PAD
    0x080039fc   0x080039fc   0x0000004c   Code   RO         9405    i.GetMotorMeasure   can_receive.o
    0x08003a48   0x08003a48   0x00000030   Code   RO         9617    i.Get_CRC16_Check_Sum  crc_check.o
    0x08003a78   0x08003a78   0x0000001c   Code   RO         9618    i.Get_CRC8_Check_Sum  crc_check.o
    0x08003a94   0x08003a94   0x0000000c   Code   RO         8603    i.Get_Pitch         quaternionekf.o
    0x08003aa0   0x08003aa0   0x0000000c   Code   RO         8604    i.Get_Roll          quaternionekf.o
    0x08003aac   0x08003aac   0x0000000c   Code   RO         8605    i.Get_Yaw           quaternionekf.o
    0x08003ab8   0x08003ab8   0x0000002a   Code   RO         8099    i.GetdL0AnddPhi0    chassis_balance_extra.o
    0x08003ae2   0x08003ae2   0x00000002   PAD
    0x08003ae4   0x08003ae4   0x0000037c   Code   RO         2836    i.HAL_DMA_Abort     stm32h7xx_hal_dma.o
    0x08003e60   0x08003e60   0x000002b0   Code   RO         2837    i.HAL_DMA_Abort_IT  stm32h7xx_hal_dma.o
    0x08004110   0x08004110   0x00000004   Code   RO         2839    i.HAL_DMA_GetError  stm32h7xx_hal_dma.o
    0x08004114   0x08004114   0x000007a8   Code   RO         2841    i.HAL_DMA_IRQHandler  stm32h7xx_hal_dma.o
    0x080048bc   0x080048bc   0x000003f0   Code   RO         2842    i.HAL_DMA_Init      stm32h7xx_hal_dma.o
    0x08004cac   0x08004cac   0x000002ec   Code   RO         2846    i.HAL_DMA_Start_IT  stm32h7xx_hal_dma.o
    0x08004f98   0x08004f98   0x00000084   Code   RO         4475    i.HAL_FDCAN_ActivateNotification  stm32h7xx_hal_fdcan.o
    0x0800501c   0x0800501c   0x0000006c   Code   RO         4477    i.HAL_FDCAN_AddMessageToTxFifoQ  stm32h7xx_hal_fdcan.o
    0x08005088   0x08005088   0x00000002   Code   RO         4478    i.HAL_FDCAN_ClockCalibrationCallback  stm32h7xx_hal_fdcan.o
    0x0800508a   0x0800508a   0x00000088   Code   RO         4482    i.HAL_FDCAN_ConfigFilter  stm32h7xx_hal_fdcan.o
    0x08005112   0x08005112   0x00000030   Code   RO         4483    i.HAL_FDCAN_ConfigGlobalFilter  stm32h7xx_hal_fdcan.o
    0x08005142   0x08005142   0x00000002   Code   RO         4504    i.HAL_FDCAN_ErrorCallback  stm32h7xx_hal_fdcan.o
    0x08005144   0x08005144   0x00000002   Code   RO         4505    i.HAL_FDCAN_ErrorStatusCallback  stm32h7xx_hal_fdcan.o
    0x08005146   0x08005146   0x00000002   PAD
    0x08005148   0x08005148   0x000001a8   Code   RO         4516    i.HAL_FDCAN_GetRxMessage  stm32h7xx_hal_fdcan.o
    0x080052f0   0x080052f0   0x00000002   Code   RO         4522    i.HAL_FDCAN_HighPriorityMessageCallback  stm32h7xx_hal_fdcan.o
    0x080052f2   0x080052f2   0x00000002   PAD
    0x080052f4   0x080052f4   0x000002ec   Code   RO         4523    i.HAL_FDCAN_IRQHandler  stm32h7xx_hal_fdcan.o
    0x080055e0   0x080055e0   0x00000268   Code   RO         4524    i.HAL_FDCAN_Init    stm32h7xx_hal_fdcan.o
    0x08005848   0x08005848   0x00000148   Code   RO          470    i.HAL_FDCAN_MspInit  fdcan.o
    0x08005990   0x08005990   0x00000002   Code   RO         4533    i.HAL_FDCAN_RxBufferNewMessageCallback  stm32h7xx_hal_fdcan.o
    0x08005992   0x08005992   0x00000002   PAD
    0x08005994   0x08005994   0x0000002c   Code   RO         7563    i.HAL_FDCAN_RxFifo0Callback  bsp_can.o
    0x080059c0   0x080059c0   0x00000014   Code   RO         7564    i.HAL_FDCAN_RxFifo1Callback  bsp_can.o
    0x080059d4   0x080059d4   0x00000030   Code   RO         4536    i.HAL_FDCAN_Start   stm32h7xx_hal_fdcan.o
    0x08005a04   0x08005a04   0x00000002   Code   RO         4558    i.HAL_FDCAN_TT_GlobalTimeCallback  stm32h7xx_hal_fdcan.o
    0x08005a06   0x08005a06   0x00000002   Code   RO         4559    i.HAL_FDCAN_TT_ScheduleSyncCallback  stm32h7xx_hal_fdcan.o
    0x08005a08   0x08005a08   0x00000002   Code   RO         4564    i.HAL_FDCAN_TT_StopWatchCallback  stm32h7xx_hal_fdcan.o
    0x08005a0a   0x08005a0a   0x00000002   Code   RO         4565    i.HAL_FDCAN_TT_TimeMarkCallback  stm32h7xx_hal_fdcan.o
    0x08005a0c   0x08005a0c   0x00000002   Code   RO         4566    i.HAL_FDCAN_TimeoutOccurredCallback  stm32h7xx_hal_fdcan.o
    0x08005a0e   0x08005a0e   0x00000002   Code   RO         4567    i.HAL_FDCAN_TimestampWraparoundCallback  stm32h7xx_hal_fdcan.o
    0x08005a10   0x08005a10   0x00000002   Code   RO         4568    i.HAL_FDCAN_TxBufferAbortCallback  stm32h7xx_hal_fdcan.o
    0x08005a12   0x08005a12   0x00000002   Code   RO         4569    i.HAL_FDCAN_TxBufferCompleteCallback  stm32h7xx_hal_fdcan.o
    0x08005a14   0x08005a14   0x00000002   Code   RO         4570    i.HAL_FDCAN_TxEventFifoCallback  stm32h7xx_hal_fdcan.o
    0x08005a16   0x08005a16   0x00000002   Code   RO         4571    i.HAL_FDCAN_TxFifoEmptyCallback  stm32h7xx_hal_fdcan.o
    0x08005a18   0x08005a18   0x00000214   Code   RO         2684    i.HAL_GPIO_Init     stm32h7xx_hal_gpio.o
    0x08005c2c   0x08005c2c   0x0000000e   Code   RO         2688    i.HAL_GPIO_WritePin  stm32h7xx_hal_gpio.o
    0x08005c3a   0x08005c3a   0x00000002   PAD
    0x08005c3c   0x08005c3c   0x0000000c   Code   RO         3549    i.HAL_GetTick       stm32h7xx_hal.o
    0x08005c48   0x08005c48   0x00000010   Code   RO         3555    i.HAL_IncTick       stm32h7xx_hal.o
    0x08005c58   0x08005c58   0x0000005c   Code   RO         3556    i.HAL_Init          stm32h7xx_hal.o
    0x08005cb4   0x08005cb4   0x00000090   Code   RO          889    i.HAL_InitTick      stm32h7xx_hal_timebase_tim.o
    0x08005d44   0x08005d44   0x00000024   Code   RO          865    i.HAL_MspInit       stm32h7xx_hal_msp.o
    0x08005d68   0x08005d68   0x0000001a   Code   RO         1966    i.HAL_NVIC_EnableIRQ  stm32h7xx_hal_cortex.o
    0x08005d82   0x08005d82   0x00000002   PAD
    0x08005d84   0x08005d84   0x00000040   Code   RO         1972    i.HAL_NVIC_SetPriority  stm32h7xx_hal_cortex.o
    0x08005dc4   0x08005dc4   0x00000024   Code   RO         1973    i.HAL_NVIC_SetPriorityGrouping  stm32h7xx_hal_cortex.o
    0x08005de8   0x08005de8   0x00000058   Code   RO         3285    i.HAL_PWREx_ConfigSupply  stm32h7xx_hal_pwr_ex.o
    0x08005e40   0x08005e40   0x00000024   Code   RO         2227    i.HAL_RCCEx_GetD3PCLK1Freq  stm32h7xx_hal_rcc_ex.o
    0x08005e64   0x08005e64   0x000001c0   Code   RO         2229    i.HAL_RCCEx_GetPLL2ClockFreq  stm32h7xx_hal_rcc_ex.o
    0x08006024   0x08006024   0x000001c0   Code   RO         2230    i.HAL_RCCEx_GetPLL3ClockFreq  stm32h7xx_hal_rcc_ex.o
    0x080061e4   0x080061e4   0x00000990   Code   RO         2236    i.HAL_RCCEx_PeriphCLKConfig  stm32h7xx_hal_rcc_ex.o
    0x08006b74   0x08006b74   0x0000027c   Code   RO         2112    i.HAL_RCC_ClockConfig  stm32h7xx_hal_rcc.o
    0x08006df0   0x08006df0   0x00000060   Code   RO         2116    i.HAL_RCC_GetClockConfig  stm32h7xx_hal_rcc.o
    0x08006e50   0x08006e50   0x00000044   Code   RO         2117    i.HAL_RCC_GetHCLKFreq  stm32h7xx_hal_rcc.o
    0x08006e94   0x08006e94   0x00000024   Code   RO         2119    i.HAL_RCC_GetPCLK1Freq  stm32h7xx_hal_rcc.o
    0x08006eb8   0x08006eb8   0x00000024   Code   RO         2120    i.HAL_RCC_GetPCLK2Freq  stm32h7xx_hal_rcc.o
    0x08006edc   0x08006edc   0x000001b4   Code   RO         2121    i.HAL_RCC_GetSysClockFreq  stm32h7xx_hal_rcc.o
    0x08007090   0x08007090   0x000005d8   Code   RO         2124    i.HAL_RCC_OscConfig  stm32h7xx_hal_rcc.o
    0x08007668   0x08007668   0x00000002   Code   RO         5097    i.HAL_SPI_ErrorCallback  stm32h7xx_hal_spi.o
    0x0800766a   0x0800766a   0x00000002   PAD
    0x0800766c   0x0800766c   0x00000230   Code   RO         5100    i.HAL_SPI_IRQHandler  stm32h7xx_hal_spi.o
    0x0800789c   0x0800789c   0x00000174   Code   RO         5101    i.HAL_SPI_Init      stm32h7xx_hal_spi.o
    0x08007a10   0x08007a10   0x00000128   Code   RO          525    i.HAL_SPI_MspInit   spi.o
    0x08007b38   0x08007b38   0x00000002   Code   RO         5107    i.HAL_SPI_RxCpltCallback  stm32h7xx_hal_spi.o
    0x08007b3a   0x08007b3a   0x00000002   Code   RO         5109    i.HAL_SPI_SuspendCallback  stm32h7xx_hal_spi.o
    0x08007b3c   0x08007b3c   0x000003b8   Code   RO         5111    i.HAL_SPI_TransmitReceive  stm32h7xx_hal_spi.o
    0x08007ef4   0x08007ef4   0x00000002   Code   RO         5116    i.HAL_SPI_TxCpltCallback  stm32h7xx_hal_spi.o
    0x08007ef6   0x08007ef6   0x00000002   Code   RO         5118    i.HAL_SPI_TxRxCpltCallback  stm32h7xx_hal_spi.o
    0x08007ef8   0x08007ef8   0x00000010   Code   RO         3563    i.HAL_SYSCFG_AnalogSwitchConfig  stm32h7xx_hal.o
    0x08007f08   0x08007f08   0x00000002   Code   RO         1655    i.HAL_TIMEx_Break2Callback  stm32h7xx_hal_tim_ex.o
    0x08007f0a   0x08007f0a   0x00000002   Code   RO         1656    i.HAL_TIMEx_BreakCallback  stm32h7xx_hal_tim_ex.o
    0x08007f0c   0x08007f0c   0x00000002   Code   RO         1657    i.HAL_TIMEx_CommutCallback  stm32h7xx_hal_tim_ex.o
    0x08007f0e   0x08007f0e   0x00000002   PAD
    0x08007f10   0x08007f10   0x000000b4   Code   RO         1678    i.HAL_TIMEx_MasterConfigSynchronization  stm32h7xx_hal_tim_ex.o
    0x08007fc4   0x08007fc4   0x0000004e   Code   RO          930    i.HAL_TIM_Base_Init  stm32h7xx_hal_tim.o
    0x08008012   0x08008012   0x00000002   PAD
    0x08008014   0x08008014   0x0000003c   Code   RO          567    i.HAL_TIM_Base_MspInit  tim.o
    0x08008050   0x08008050   0x000000a8   Code   RO          935    i.HAL_TIM_Base_Start_IT  stm32h7xx_hal_tim.o
    0x080080f8   0x080080f8   0x00000026   Code   RO          961    i.HAL_TIM_GenerateEvent  stm32h7xx_hal_tim.o
    0x0800811e   0x0800811e   0x00000002   Code   RO          964    i.HAL_TIM_IC_CaptureCallback  stm32h7xx_hal_tim.o
    0x08008120   0x08008120   0x00000152   Code   RO          978    i.HAL_TIM_IRQHandler  stm32h7xx_hal_tim.o
    0x08008272   0x08008272   0x00000002   PAD
    0x08008274   0x08008274   0x0000007c   Code   RO          568    i.HAL_TIM_MspPostInit  tim.o
    0x080082f0   0x080082f0   0x00000002   Code   RO          981    i.HAL_TIM_OC_DelayElapsedCallback  stm32h7xx_hal_tim.o
    0x080082f2   0x080082f2   0x00000136   Code   RO         1002    i.HAL_TIM_PWM_ConfigChannel  stm32h7xx_hal_tim.o
    0x08008428   0x08008428   0x0000004e   Code   RO         1005    i.HAL_TIM_PWM_Init  stm32h7xx_hal_tim.o
    0x08008476   0x08008476   0x00000002   PAD
    0x08008478   0x08008478   0x00000044   Code   RO          570    i.HAL_TIM_PWM_MspInit  tim.o
    0x080084bc   0x080084bc   0x00000002   Code   RO         1008    i.HAL_TIM_PWM_PulseFinishedCallback  stm32h7xx_hal_tim.o
    0x080084be   0x080084be   0x00000002   PAD
    0x080084c0   0x080084c0   0x0000013c   Code   RO         1010    i.HAL_TIM_PWM_Start  stm32h7xx_hal_tim.o
    0x080085fc   0x080085fc   0x000000b0   Code   RO         1013    i.HAL_TIM_PWM_Stop  stm32h7xx_hal_tim.o
    0x080086ac   0x080086ac   0x00000014   Code   RO           14    i.HAL_TIM_PeriodElapsedCallback  main.o
    0x080086c0   0x080086c0   0x00000002   Code   RO         1021    i.HAL_TIM_TriggerCallback  stm32h7xx_hal_tim.o
    0x080086c2   0x080086c2   0x0000003e   Code   RO         5849    i.HAL_UARTEx_DisableFifoMode  stm32h7xx_hal_uart_ex.o
    0x08008700   0x08008700   0x00000052   Code   RO         5855    i.HAL_UARTEx_ReceiveToIdle_DMA  stm32h7xx_hal_uart_ex.o
    0x08008752   0x08008752   0x0000004e   Code   RO         5856    i.HAL_UARTEx_ReceiveToIdle_IT  stm32h7xx_hal_uart_ex.o
    0x080087a0   0x080087a0   0x00000034   Code   RO         7333    i.HAL_UARTEx_RxEventCallback  bsp_rc.o
    0x080087d4   0x080087d4   0x00000002   Code   RO         5857    i.HAL_UARTEx_RxFifoFullCallback  stm32h7xx_hal_uart_ex.o
    0x080087d6   0x080087d6   0x0000004c   Code   RO         5858    i.HAL_UARTEx_SetRxFifoThreshold  stm32h7xx_hal_uart_ex.o
    0x08008822   0x08008822   0x0000004c   Code   RO         5859    i.HAL_UARTEx_SetTxFifoThreshold  stm32h7xx_hal_uart_ex.o
    0x0800886e   0x0800886e   0x00000002   Code   RO         5861    i.HAL_UARTEx_TxFifoEmptyCallback  stm32h7xx_hal_uart_ex.o
    0x08008870   0x08008870   0x00000002   Code   RO         5862    i.HAL_UARTEx_WakeupCallback  stm32h7xx_hal_uart_ex.o
    0x08008872   0x08008872   0x0000009e   Code   RO         5445    i.HAL_UART_DMAStop  stm32h7xx_hal_uart.o
    0x08008910   0x08008910   0x00000030   Code   RO         7334    i.HAL_UART_ErrorCallback  bsp_rc.o
    0x08008940   0x08008940   0x000003ac   Code   RO         5452    i.HAL_UART_IRQHandler  stm32h7xx_hal_uart.o
    0x08008cec   0x08008cec   0x00000070   Code   RO         5453    i.HAL_UART_Init     stm32h7xx_hal_uart.o
    0x08008d5c   0x08008d5c   0x000003b0   Code   RO          639    i.HAL_UART_MspInit  usart.o
    0x0800910c   0x0800910c   0x00000048   Code   RO         5457    i.HAL_UART_Receive_DMA  stm32h7xx_hal_uart.o
    0x08009154   0x08009154   0x00000002   Code   RO         5460    i.HAL_UART_RxCpltCallback  stm32h7xx_hal_uart.o
    0x08009156   0x08009156   0x00000002   Code   RO         5461    i.HAL_UART_RxHalfCpltCallback  stm32h7xx_hal_uart.o
    0x08009158   0x08009158   0x00000090   Code   RO         5463    i.HAL_UART_Transmit_DMA  stm32h7xx_hal_uart.o
    0x080091e8   0x080091e8   0x00000018   Code   RO          640    i.HAL_UART_TxCpltCallback  usart.o
    0x08009200   0x08009200   0x00000002   Code   RO         5466    i.HAL_UART_TxHalfCpltCallback  stm32h7xx_hal_uart.o
    0x08009202   0x08009202   0x00000002   PAD
    0x08009204   0x08009204   0x000000fc   Code   RO         8514    i.H_K_R_Adjustment  kalman_filter.o
    0x08009300   0x08009300   0x00000002   Code   RO          729    i.HardFault_Handler  stm32h7xx_it.o
    0x08009302   0x08009302   0x00000002   PAD
    0x08009304   0x08009304   0x00000198   Code   RO         8606    i.IMU_QuaternionEKF_F_Linearization_P_Fading  quaternionekf.o
    0x0800949c   0x0800949c   0x000000e4   Code   RO         8607    i.IMU_QuaternionEKF_Init  quaternionekf.o
    0x08009580   0x08009580   0x00000034   Code   RO         8608    i.IMU_QuaternionEKF_Observe  quaternionekf.o
    0x080095b4   0x080095b4   0x000000dc   Code   RO         8610    i.IMU_QuaternionEKF_SetH  quaternionekf.o
    0x08009690   0x08009690   0x000003f4   Code   RO         8611    i.IMU_QuaternionEKF_Update  quaternionekf.o
    0x08009a84   0x08009a84   0x000003f0   Code   RO         8612    i.IMU_QuaternionEKF_xhatUpdate  quaternionekf.o
    0x08009e74   0x08009e74   0x00000044   Code   RO         9122    i.IMU_Temperature_Ctrl  imu_task.o
    0x08009eb8   0x08009eb8   0x00000070   Code   RO         9123    i.INS_Init          imu_task.o
    0x08009f28   0x08009f28   0x0000023c   Code   RO         9124    i.INS_Task          imu_task.o
    0x0800a164   0x0800a164   0x000003f0   Code   RO         8515    i.Kalman_Filter_Init  kalman_filter.o
    0x0800a554   0x0800a554   0x00000048   Code   RO         8516    i.Kalman_Filter_Measure  kalman_filter.o
    0x0800a59c   0x0800a59c   0x00000062   Code   RO         8517    i.Kalman_Filter_P_Update  kalman_filter.o
    0x0800a5fe   0x0800a5fe   0x0000006c   Code   RO         8518    i.Kalman_Filter_PminusUpdate  kalman_filter.o
    0x0800a66a   0x0800a66a   0x000000be   Code   RO         8520    i.Kalman_Filter_SetK  kalman_filter.o
    0x0800a728   0x0800a728   0x000000e8   Code   RO         8521    i.Kalman_Filter_Update  kalman_filter.o
    0x0800a810   0x0800a810   0x00000074   Code   RO         8522    i.Kalman_Filter_xhatMinusUpdate  kalman_filter.o
    0x0800a884   0x0800a884   0x00000080   Code   RO         8523    i.Kalman_Filter_xhatUpdate  kalman_filter.o
    0x0800a904   0x0800a904   0x000000a2   Code   RO         7335    i.Keyboard_DataProcess  bsp_rc.o
    0x0800a9a6   0x0800a9a6   0x00000002   PAD
    0x0800a9a8   0x0800a9a8   0x00000100   Code   RO         8100    i.LegController_CalcSpringForce  chassis_balance_extra.o
    0x0800aaa8   0x0800aaa8   0x000002a4   Code   RO         7755    i.LegTorqueController  chassis_task.o
    0x0800ad4c   0x0800ad4c   0x00000240   Code   RO         7756    i.LocomotionController  chassis_task.o
    0x0800af8c   0x0800af8c   0x00000026   Code   RO         8716    i.LowPassFilterCalc  user_lib.o
    0x0800afb2   0x0800afb2   0x00000002   PAD
    0x0800afb4   0x0800afb4   0x00000014   Code   RO         8717    i.LowPassFilterInit  user_lib.o
    0x0800afc8   0x0800afc8   0x00000084   Code   RO         9198    i.MToC_sendControl  can_cmd_damiao.o
    0x0800b04c   0x0800b04c   0x0000009c   Code   RO          445    i.MX_DMA_Init       dma.o
    0x0800b0e8   0x0800b0e8   0x00000064   Code   RO          471    i.MX_FDCAN1_Init    fdcan.o
    0x0800b14c   0x0800b14c   0x00000068   Code   RO          472    i.MX_FDCAN2_Init    fdcan.o
    0x0800b1b4   0x0800b1b4   0x00000068   Code   RO          473    i.MX_FDCAN3_Init    fdcan.o
    0x0800b21c   0x0800b21c   0x000000ac   Code   RO          364    i.MX_FREERTOS_Init  freertos.o
    0x0800b2c8   0x0800b2c8   0x000000e0   Code   RO          340    i.MX_GPIO_Init      gpio.o
    0x0800b3a8   0x0800b3a8   0x00000060   Code   RO          526    i.MX_SPI2_Init      spi.o
    0x0800b408   0x0800b408   0x00000074   Code   RO          571    i.MX_TIM12_Init     tim.o
    0x0800b47c   0x0800b47c   0x00000074   Code   RO          572    i.MX_TIM3_Init      tim.o
    0x0800b4f0   0x0800b4f0   0x00000044   Code   RO          573    i.MX_TIM6_Init      tim.o
    0x0800b534   0x0800b534   0x00000070   Code   RO          641    i.MX_UART5_Init     usart.o
    0x0800b5a4   0x0800b5a4   0x00000068   Code   RO          642    i.MX_UART7_Init     usart.o
    0x0800b60c   0x0800b60c   0x00000068   Code   RO          643    i.MX_USART10_UART_Init  usart.o
    0x0800b674   0x0800b674   0x00000068   Code   RO          644    i.MX_USART1_UART_Init  usart.o
    0x0800b6dc   0x0800b6dc   0x000001f0   Code   RO         8893    i.MahonyAHRSinit    mahonyahrs.o
    0x0800b8cc   0x0800b8cc   0x000001d4   Code   RO         8894    i.MahonyAHRSupdateIMU  mahonyahrs.o
    0x0800baa0   0x0800baa0   0x00000040   Code   RO         8895    i.Mahony_Init       mahonyahrs.o
    0x0800bae0   0x0800bae0   0x000000c0   Code   RO         8896    i.Mahony_computeAngles  mahonyahrs.o
    0x0800bba0   0x0800bba0   0x0000003c   Code   RO         8897    i.Mahony_invSqrt    mahonyahrs.o
    0x0800bbdc   0x0800bbdc   0x0000033c   Code   RO         8898    i.Mahony_update     mahonyahrs.o
    0x0800bf18   0x0800bf18   0x00000002   Code   RO          730    i.MemManage_Handler  stm32h7xx_it.o
    0x0800bf1a   0x0800bf1a   0x00000002   PAD
    0x0800bf1c   0x0800bf1c   0x000000ec   Code   RO         9199    i.MitCtrl           can_cmd_damiao.o
    0x0800c008   0x0800c008   0x00000038   Code   RO         9347    i.MotorInit         motor.o
    0x0800c040   0x0800c040   0x0000001c   Code   RO         9674    i.Music_task_start  music_task.o
    0x0800c05c   0x0800c05c   0x00000002   Code   RO          731    i.NMI_Handler       stm32h7xx_it.o
    0x0800c05e   0x0800c05e   0x00000002   PAD
    0x0800c060   0x0800c060   0x00000174   Code   RO         8457    i.PID_calc          pid.o
    0x0800c1d4   0x0800c1d4   0x00000040   Code   RO         8458    i.PID_clear         pid.o
    0x0800c214   0x0800c214   0x00000060   Code   RO         8459    i.PID_init          pid.o
    0x0800c274   0x0800c274   0x00000046   Code   RO           15    i.PeriphCommonClock_Config  main.o
    0x0800c2ba   0x0800c2ba   0x00000002   PAD
    0x0800c2bc   0x0800c2bc   0x00000058   Code   RO         8358    i.Predict_Motor_Power  chassis_power_control.o
    0x0800c314   0x0800c314   0x00000124   Code   RO         2239    i.RCCEx_PLL2_Config  stm32h7xx_hal_rcc_ex.o
    0x0800c438   0x0800c438   0x00000124   Code   RO         2240    i.RCCEx_PLL3_Config  stm32h7xx_hal_rcc_ex.o
    0x0800c55c   0x0800c55c   0x0000000c   Code   RO          732    i.SPI2_IRQHandler   stm32h7xx_it.o
    0x0800c568   0x0800c568   0x000000ba   Code   RO         5121    i.SPI_CloseTransfer  stm32h7xx_hal_spi.o
    0x0800c622   0x0800c622   0x00000018   Code   RO         5122    i.SPI_DMAAbortOnError  stm32h7xx_hal_spi.o
    0x0800c63a   0x0800c63a   0x00000014   Code   RO         5132    i.SPI_GetPacketSize  stm32h7xx_hal_spi.o
    0x0800c64e   0x0800c64e   0x00000042   Code   RO         5139    i.SPI_WaitOnFlagUntilTimeout  stm32h7xx_hal_spi.o
    0x0800c690   0x0800c690   0x00000178   Code   RO         7757    i.SendJointMotorCmd  chassis_task.o
    0x0800c808   0x0800c808   0x000000e0   Code   RO         7758    i.SendWheelMotorCmd  chassis_task.o
    0x0800c8e8   0x0800c8e8   0x00000008   Code   RO          366    i.StartDefaultTask  freertos.o
    0x0800c8f0   0x0800c8f0   0x00000010   Code   RO         8269    i.State_check_task  state_chexk_task.o
    0x0800c900   0x0800c900   0x0000002c   Code   RO         7254    i.SysTick_Handler   port.o
    0x0800c92c   0x0800c92c   0x00000094   Code   RO           16    i.SystemClock_Config  main.o
    0x0800c9c0   0x0800c9c0   0x000000d8   Code   RO         5974    i.SystemInit        system_stm32h7xx.o
    0x0800ca98   0x0800ca98   0x0000000c   Code   RO          733    i.TIM4_IRQHandler   stm32h7xx_it.o
    0x0800caa4   0x0800caa4   0x0000000c   Code   RO          734    i.TIM6_DAC_IRQHandler  stm32h7xx_it.o
    0x0800cab0   0x0800cab0   0x000000dc   Code   RO         1023    i.TIM_Base_SetConfig  stm32h7xx_hal_tim.o
    0x0800cb8c   0x0800cb8c   0x0000001a   Code   RO         1024    i.TIM_CCxChannelCmd  stm32h7xx_hal_tim.o
    0x0800cba6   0x0800cba6   0x00000002   PAD
    0x0800cba8   0x0800cba8   0x000000a0   Code   RO         1036    i.TIM_OC1_SetConfig  stm32h7xx_hal_tim.o
    0x0800cc48   0x0800cc48   0x00000094   Code   RO         1037    i.TIM_OC2_SetConfig  stm32h7xx_hal_tim.o
    0x0800ccdc   0x0800ccdc   0x00000094   Code   RO         1038    i.TIM_OC3_SetConfig  stm32h7xx_hal_tim.o
    0x0800cd70   0x0800cd70   0x00000074   Code   RO         1039    i.TIM_OC4_SetConfig  stm32h7xx_hal_tim.o
    0x0800cde4   0x0800cde4   0x00000070   Code   RO         1040    i.TIM_OC5_SetConfig  stm32h7xx_hal_tim.o
    0x0800ce54   0x0800ce54   0x00000070   Code   RO         1041    i.TIM_OC6_SetConfig  stm32h7xx_hal_tim.o
    0x0800cec4   0x0800cec4   0x00000020   Code   RO         8313    i.TOF_control_init  tof_distance.o
    0x0800cee4   0x0800cee4   0x000000c8   Code   RO         8405    i.Talk_Task_start   talk_task.o
    0x0800cfac   0x0800cfac   0x0000000c   Code   RO          735    i.UART5_IRQHandler  stm32h7xx_it.o
    0x0800cfb8   0x0800cfb8   0x00000024   Code   RO         8218    i.UART7_IRQHandler  computer_rec.o
    0x0800cfdc   0x0800cfdc   0x00000048   Code   RO         5863    i.UARTEx_SetNbDataToProcess  stm32h7xx_hal_uart_ex.o
    0x0800d024   0x0800d024   0x000000c8   Code   RO         5467    i.UART_AdvFeatureConfig  stm32h7xx_hal_uart.o
    0x0800d0ec   0x0800d0ec   0x000000aa   Code   RO         5468    i.UART_CheckIdleState  stm32h7xx_hal_uart.o
    0x0800d196   0x0800d196   0x00000010   Code   RO         5469    i.UART_DMAAbortOnError  stm32h7xx_hal_uart.o
    0x0800d1a6   0x0800d1a6   0x00000050   Code   RO         5470    i.UART_DMAError     stm32h7xx_hal_uart.o
    0x0800d1f6   0x0800d1f6   0x00000084   Code   RO         5471    i.UART_DMAReceiveCplt  stm32h7xx_hal_uart.o
    0x0800d27a   0x0800d27a   0x00000020   Code   RO         5473    i.UART_DMARxHalfCplt  stm32h7xx_hal_uart.o
    0x0800d29a   0x0800d29a   0x00000042   Code   RO         5475    i.UART_DMATransmitCplt  stm32h7xx_hal_uart.o
    0x0800d2dc   0x0800d2dc   0x0000000a   Code   RO         5477    i.UART_DMATxHalfCplt  stm32h7xx_hal_uart.o
    0x0800d2e6   0x0800d2e6   0x00000002   PAD
    0x0800d2e8   0x0800d2e8   0x00000054   Code   RO         5479    i.UART_EndRxTransfer  stm32h7xx_hal_uart.o
    0x0800d33c   0x0800d33c   0x00000024   Code   RO         5480    i.UART_EndTransmit_IT  stm32h7xx_hal_uart.o
    0x0800d360   0x0800d360   0x0000002e   Code   RO         5481    i.UART_EndTxTransfer  stm32h7xx_hal_uart.o
    0x0800d38e   0x0800d38e   0x00000002   PAD
    0x0800d390   0x0800d390   0x000000c8   Code   RO         5482    i.UART_RxISR_16BIT  stm32h7xx_hal_uart.o
    0x0800d458   0x0800d458   0x00000198   Code   RO         5483    i.UART_RxISR_16BIT_FIFOEN  stm32h7xx_hal_uart.o
    0x0800d5f0   0x0800d5f0   0x000000c8   Code   RO         5484    i.UART_RxISR_8BIT   stm32h7xx_hal_uart.o
    0x0800d6b8   0x0800d6b8   0x00000198   Code   RO         5485    i.UART_RxISR_8BIT_FIFOEN  stm32h7xx_hal_uart.o
    0x0800d850   0x0800d850   0x0000052e   Code   RO         5486    i.UART_SetConfig    stm32h7xx_hal_uart.o
    0x0800dd7e   0x0800dd7e   0x00000002   PAD
    0x0800dd80   0x0800dd80   0x000000a4   Code   RO         5487    i.UART_Start_Receive_DMA  stm32h7xx_hal_uart.o
    0x0800de24   0x0800de24   0x00000124   Code   RO         5488    i.UART_Start_Receive_IT  stm32h7xx_hal_uart.o
    0x0800df48   0x0800df48   0x00000098   Code   RO         5493    i.UART_WaitOnFlagUntilTimeout  stm32h7xx_hal_uart.o
    0x0800dfe0   0x0800dfe0   0x00000038   Code   RO         9464    i.UI_Task           judge_paint_task.o
    0x0800e018   0x0800e018   0x00000024   Code   RO         8314    i.USART10_IRQHandler  tof_distance.o
    0x0800e03c   0x0800e03c   0x0000000c   Code   RO          736    i.USART1_IRQHandler  stm32h7xx_it.o
    0x0800e048   0x0800e048   0x00000164   Code   RO         7759    i.UpdateBodyStatus  chassis_task.o
    0x0800e1ac   0x0800e1ac   0x00000018   Code   RO         7760    i.UpdateGimbalStatus  chassis_task.o
    0x0800e1c4   0x0800e1c4   0x00000290   Code   RO         7761    i.UpdateLegStatus   chassis_task.o
    0x0800e454   0x0800e454   0x0000003c   Code   RO         7762    i.UpdateMotorStatus  chassis_task.o
    0x0800e490   0x0800e490   0x00000154   Code   RO         7763    i.UpdateStepStatus  chassis_task.o
    0x0800e5e4   0x0800e5e4   0x00000002   Code   RO          737    i.UsageFault_Handler  stm32h7xx_it.o
    0x0800e5e6   0x0800e5e6   0x00000002   PAD
    0x0800e5e8   0x0800e5e8   0x000000f8   Code   RO         8315    i.Usart10Receive_IDLE  tof_distance.o
    0x0800e6e0   0x0800e6e0   0x00000030   Code   RO         8219    i.Usart7Receive_IDLE  computer_rec.o
    0x0800e710   0x0800e710   0x00000040   Code   RO         9619    i.Verify_CRC16_Check_Sum  crc_check.o
    0x0800e750   0x0800e750   0x0000002e   Code   RO         9620    i.Verify_CRC8_Check_Sum  crc_check.o
    0x0800e77e   0x0800e77e   0x00000002   PAD
    0x0800e780   0x0800e780   0x00000028   Code   RO        16455    i.__0sprintf        mc_w.l(printfa.o)
    0x0800e7a8   0x0800e7a8   0x00000030   Code   RO        16522    i.__ARM_fpclassify  m_wv.l(fpclassify.o)
    0x0800e7d8   0x0800e7d8   0x00000026   Code   RO        16524    i.__ARM_fpclassifyf  m_wv.l(fpclassifyf.o)
    0x0800e7fe   0x0800e7fe   0x00000020   Code   RO         1979    i.__NVIC_SetPriority  stm32h7xx_hal_cortex.o
    0x0800e81e   0x0800e81e   0x00000002   PAD
    0x0800e820   0x0800e820   0x00000124   Code   RO        15985    i.__hardfp_acosf    m_wv.l(acosf.o)
    0x0800e944   0x0800e944   0x00000138   Code   RO        15997    i.__hardfp_asinf    m_wv.l(asinf.o)
    0x0800ea7c   0x0800ea7c   0x00000004   PAD
    0x0800ea80   0x0800ea80   0x00000200   Code   RO        16485    i.__hardfp_atan     m_wv.l(atan.o)
    0x0800ec80   0x0800ec80   0x000001c8   Code   RO        16009    i.__hardfp_atan2    m_wv.l(atan2.o)
    0x0800ee48   0x0800ee48   0x000002b4   Code   RO        16021    i.__hardfp_atan2f   m_wv.l(atan2f.o)
    0x0800f0fc   0x0800f0fc   0x00000004   PAD
    0x0800f100   0x0800f100   0x000000b0   Code   RO        16033    i.__hardfp_cos      m_wv.l(cos.o)
    0x0800f1b0   0x0800f1b0   0x00000150   Code   RO        16045    i.__hardfp_cosf     m_wv.l(cosf.o)
    0x0800f300   0x0800f300   0x000000b0   Code   RO        16127    i.__hardfp_sin      m_wv.l(sin.o)
    0x0800f3b0   0x0800f3b0   0x00000194   Code   RO        16139    i.__hardfp_sinf     m_wv.l(sinf.o)
    0x0800f544   0x0800f544   0x00000066   Code   RO        16151    i.__hardfp_sqrt     m_wv.l(sqrt.o)
    0x0800f5aa   0x0800f5aa   0x0000003a   Code   RO        16163    i.__hardfp_sqrtf    m_wv.l(sqrtf.o)
    0x0800f5e4   0x0800f5e4   0x00000004   PAD
    0x0800f5e8   0x0800f5e8   0x00000310   Code   RO        16543    i.__ieee754_rem_pio2  m_wv.l(rred.o)
    0x0800f8f8   0x0800f8f8   0x000000e0   Code   RO        16499    i.__kernel_cos      m_wv.l(cos_i.o)
    0x0800f9d8   0x0800f9d8   0x00000070   Code   RO        16540    i.__kernel_poly     m_wv.l(poly.o)
    0x0800fa48   0x0800fa48   0x000000a8   Code   RO        16551    i.__kernel_sin      m_wv.l(sin_i.o)
    0x0800faf0   0x0800faf0   0x00000006   Code   RO        16503    i.__mathlib_dbl_infnan  m_wv.l(dunder.o)
    0x0800faf6   0x0800faf6   0x00000006   Code   RO        16504    i.__mathlib_dbl_infnan2  m_wv.l(dunder.o)
    0x0800fafc   0x0800fafc   0x00000004   PAD
    0x0800fb00   0x0800fb00   0x00000018   Code   RO        16505    i.__mathlib_dbl_invalid  m_wv.l(dunder.o)
    0x0800fb18   0x0800fb18   0x00000018   Code   RO        16508    i.__mathlib_dbl_underflow  m_wv.l(dunder.o)
    0x0800fb30   0x0800fb30   0x00000006   Code   RO        16527    i.__mathlib_flt_infnan  m_wv.l(funder.o)
    0x0800fb36   0x0800fb36   0x00000006   Code   RO        16528    i.__mathlib_flt_infnan2  m_wv.l(funder.o)
    0x0800fb3c   0x0800fb3c   0x00000010   Code   RO        16529    i.__mathlib_flt_invalid  m_wv.l(funder.o)
    0x0800fb4c   0x0800fb4c   0x00000010   Code   RO        16532    i.__mathlib_flt_underflow  m_wv.l(funder.o)
    0x0800fb5c   0x0800fb5c   0x00000154   Code   RO        16548    i.__mathlib_rredf2  m_wv.l(rredf.o)
    0x0800fcb0   0x0800fcb0   0x0000000e   Code   RO        16604    i.__scatterload_copy  mc_w.l(handlers.o)
    0x0800fcbe   0x0800fcbe   0x00000002   Code   RO        16605    i.__scatterload_null  mc_w.l(handlers.o)
    0x0800fcc0   0x0800fcc0   0x0000000e   Code   RO        16606    i.__scatterload_zeroinit  mc_w.l(handlers.o)
    0x0800fcce   0x0800fcce   0x00000002   PAD
    0x0800fcd0   0x0800fcd0   0x0000000c   Code   RO        16580    i.__set_errno       mc_w.l(errno.o)
    0x0800fcdc   0x0800fcdc   0x00000184   Code   RO        16460    i._fp_digits        mc_w.l(printfa.o)
    0x0800fe60   0x0800fe60   0x000006b4   Code   RO        16461    i._printf_core      mc_w.l(printfa.o)
    0x08010514   0x08010514   0x00000024   Code   RO        16462    i._printf_post_padding  mc_w.l(printfa.o)
    0x08010538   0x08010538   0x0000002e   Code   RO        16463    i._printf_pre_padding  mc_w.l(printfa.o)
    0x08010566   0x08010566   0x0000000a   Code   RO        16465    i._sputc            mc_w.l(printfa.o)
    0x08010570   0x08010570   0x00000008   Code   RO         8720    i.angle_difference  user_lib.o
    0x08010578   0x08010578   0x00000228   Code   RO        11308    i.arm_atan2_f32     fastmathfunctions.o
    0x080107a0   0x080107a0   0x00000088   Code   RO        11311    i.arm_cos_f32       fastmathfunctions.o
    0x08010828   0x08010828   0x00000048   Code   RO        12700    i.arm_mat_add_f32   matrixfunctions.o
    0x08010870   0x08010870   0x00000008   Code   RO        12711    i.arm_mat_init_f32  matrixfunctions.o
    0x08010878   0x08010878   0x000002bc   Code   RO        12715    i.arm_mat_inverse_f32  matrixfunctions.o
    0x08010b34   0x08010b34   0x0000008c   Code   RO        12719    i.arm_mat_mult_f32  matrixfunctions.o
    0x08010bc0   0x08010bc0   0x00000048   Code   RO        12736    i.arm_mat_sub_f32   matrixfunctions.o
    0x08010c08   0x08010c08   0x00000044   Code   RO        12740    i.arm_mat_trans_f32  matrixfunctions.o
    0x08010c4c   0x08010c4c   0x00000084   Code   RO        11318    i.arm_sin_f32       fastmathfunctions.o
    0x08010cd0   0x08010cd0   0x00000010   Code   RO        16487    i.atan              m_wv.l(atan.o)
    0x08010ce0   0x08010ce0   0x0000010c   Code   RO         8984    i.bmi088_accel_init  bmi088driver.o
    0x08010dec   0x08010dec   0x000000dc   Code   RO         8985    i.bmi088_gyro_init  bmi088driver.o
    0x08010ec8   0x08010ec8   0x0000002a   Code   RO         7565    i.canx_send_data    bsp_can.o
    0x08010ef2   0x08010ef2   0x0000002c   Code   RO         7764    i.chassis_task      chassis_task.o
    0x08010f1e   0x08010f1e   0x00000002   PAD
    0x08010f20   0x08010f20   0x00000108   Code   RO         8270    i.check_loss_control  state_chexk_task.o
    0x08011028   0x08011028   0x00000018   Code   RO        16518    i.fabs              m_wv.l(fabs.o)
    0x08011040   0x08011040   0x0000007c   Code   RO         7566    i.fdcan1_rx_callback  bsp_can.o
    0x080110bc   0x080110bc   0x0000006c   Code   RO         7567    i.fdcan2_rx_callback  bsp_can.o
    0x08011128   0x08011128   0x00000044   Code   RO         7568    i.fdcan3_rx_callback  bsp_can.o
    0x0801116c   0x0801116c   0x00000028   Code   RO         8723    i.float_to_uint     user_lib.o
    0x08011194   0x08011194   0x00000020   Code   RO         8724    i.fp32_constrain    user_lib.o
    0x080111b4   0x080111b4   0x0000001a   Code   RO         7569    i.get_SuperCap_measure  bsp_can.o
    0x080111ce   0x080111ce   0x00000002   PAD
    0x080111d0   0x080111d0   0x00000008   Code   RO         7336    i.get_remote_control_point  bsp_rc.o
    0x080111d8   0x080111d8   0x00000010   Code   RO         9125    i.imu_task          imu_task.o
    0x080111e8   0x080111e8   0x0000004c   Code   RO         8271    i.init_loss_control_detector  state_chexk_task.o
    0x08011234   0x08011234   0x00000020   Code   RO         8613    i.invSqrt           quaternionekf.o
    0x08011254   0x08011254   0x00000020   Code   RO         8902    i.invSqrt           mahonyahrs.o
    0x08011274   0x08011274   0x00000214   Code   RO         8220    i.judgeCalculate    computer_rec.o
    0x08011488   0x08011488   0x00000764   Code   RO         9465    i.judge_painting_init  judge_paint_task.o
    0x08011bec   0x08011bec   0x00000784   Code   RO         9466    i.judge_painting_update  judge_paint_task.o
    0x08012370   0x08012370   0x0000006c   Code   RO         8406    i.keyboard_sendControl  talk_task.o
    0x080123dc   0x080123dc   0x00000088   Code   RO         8407    i.keyboard_sendControl2  talk_task.o
    0x08012464   0x08012464   0x00000046   Code   RO         8729    i.loop_fp32_constrain  user_lib.o
    0x080124aa   0x080124aa   0x00000002   PAD
    0x080124ac   0x080124ac   0x00000080   Code   RO           17    i.main              main.o
    0x0801252c   0x0801252c   0x0000000c   Code   RO         6819    i.makeFreeRtosPriority  cmsis_os.o
    0x08012538   0x08012538   0x0000009c   Code   RO         9558    i.make_cir          judge_send_app.o
    0x080125d4   0x080125d4   0x0000008c   Code   RO         9559    i.make_line         judge_send_app.o
    0x08012660   0x08012660   0x000000b8   Code   RO         9561    i.make_word         judge_send_app.o
    0x08012718   0x08012718   0x00000034   Code   RO         8730    i.normalize_angle   user_lib.o
    0x0801274c   0x0801274c   0x00000010   Code   RO         6821    i.osDelay           cmsis_os.o
    0x0801275c   0x0801275c   0x0000000a   Code   RO         6824    i.osKernelStart     cmsis_os.o
    0x08012766   0x08012766   0x00000058   Code   RO         6858    i.osThreadCreate    cmsis_os.o
    0x080127be   0x080127be   0x00000002   PAD
    0x080127c0   0x080127c0   0x00000070   Code   RO         6490    i.prvAddCurrentTaskToDelayedList  tasks.o
    0x08012830   0x08012830   0x00000088   Code   RO         6491    i.prvAddNewTaskToReadyList  tasks.o
    0x080128b8   0x080128b8   0x0000003c   Code   RO         6492    i.prvCheckTasksWaitingTermination  tasks.o
    0x080128f4   0x080128f4   0x00000040   Code   RO         6493    i.prvDeleteTCB      tasks.o
    0x08012934   0x08012934   0x0000004c   Code   RO         7186    i.prvHeapInit       heap_4.o
    0x08012980   0x08012980   0x00000028   Code   RO         6494    i.prvIdleTask       tasks.o
    0x080129a8   0x080129a8   0x00000094   Code   RO         6495    i.prvInitialiseNewTask  tasks.o
    0x08012a3c   0x08012a3c   0x00000058   Code   RO         6496    i.prvInitialiseTaskLists  tasks.o
    0x08012a94   0x08012a94   0x00000054   Code   RO         7187    i.prvInsertBlockIntoFreeList  heap_4.o
    0x08012ae8   0x08012ae8   0x00000024   Code   RO         6497    i.prvResetNextTaskUnblockTime  tasks.o
    0x08012b0c   0x08012b0c   0x0000002c   Code   RO         7255    i.prvTaskExitError  port.o
    0x08012b38   0x08012b38   0x00000038   Code   RO         6498    i.prvTaskIsTaskSuspended  tasks.o
    0x08012b70   0x08012b70   0x000000dc   Code   RO         7188    i.pvPortMalloc      heap_4.o
    0x08012c4c   0x08012c4c   0x00000024   Code   RO         7256    i.pxPortInitialiseStack  port.o
    0x08012c70   0x08012c70   0x0000008c   Code   RO         9562    i.referee_data_pack_handle  judge_send_app.o
    0x08012cfc   0x08012cfc   0x000000d0   Code   RO         7337    i.sbus_frame_parse  bsp_rc.o
    0x08012dcc   0x08012dcc   0x0000003e   Code   RO        16165    i.sqrtf             m_wv.l(sqrtf.o)
    0x08012e0a   0x08012e0a   0x00000002   PAD
    0x08012e0c   0x08012e0c   0x00000050   Code   RO         8735    i.theta_transform   user_lib.o
    0x08012e5c   0x08012e5c   0x00000028   Code   RO         8736    i.uint_to_float     user_lib.o
    0x08012e84   0x08012e84   0x00000004   Code   RO         8524    i.user_malloc       kalman_filter.o
    0x08012e88   0x08012e88   0x00000026   Code   RO         6116    i.uxListRemove      list.o
    0x08012eae   0x08012eae   0x00000002   PAD
    0x08012eb0   0x08012eb0   0x00000014   Code   RO          371    i.vApplicationGetIdleTaskMemory  freertos.o
    0x08012ec4   0x08012ec4   0x00000016   Code   RO         6117    i.vListInitialise   list.o
    0x08012eda   0x08012eda   0x00000006   Code   RO         6118    i.vListInitialiseItem  list.o
    0x08012ee0   0x08012ee0   0x00000030   Code   RO         6119    i.vListInsert       list.o
    0x08012f10   0x08012f10   0x00000018   Code   RO         6120    i.vListInsertEnd    list.o
    0x08012f28   0x08012f28   0x00000040   Code   RO         7258    i.vPortEnterCritical  port.o
    0x08012f68   0x08012f68   0x0000002c   Code   RO         7259    i.vPortExitCritical  port.o
    0x08012f94   0x08012f94   0x00000064   Code   RO         7189    i.vPortFree         heap_4.o
    0x08012ff8   0x08012ff8   0x00000024   Code   RO         7260    i.vPortSetupTimerInterrupt  port.o
    0x0801301c   0x0801301c   0x00000050   Code   RO         6506    i.vTaskDelay        tasks.o
    0x0801306c   0x0801306c   0x00000080   Code   RO         6517    i.vTaskResume       tasks.o
    0x080130ec   0x080130ec   0x00000088   Code   RO         6519    i.vTaskStartScheduler  tasks.o
    0x08013174   0x08013174   0x000000bc   Code   RO         6520    i.vTaskSuspend      tasks.o
    0x08013230   0x08013230   0x00000010   Code   RO         6521    i.vTaskSuspendAll   tasks.o
    0x08013240   0x08013240   0x00000060   Code   RO         6522    i.vTaskSwitchContext  tasks.o
    0x080132a0   0x080132a0   0x000000f4   Code   RO         7262    i.xPortStartScheduler  port.o
    0x08013394   0x08013394   0x00000064   Code   RO         6525    i.xTaskCreate       tasks.o
    0x080133f8   0x080133f8   0x0000005c   Code   RO         6526    i.xTaskCreateStatic  tasks.o
    0x08013454   0x08013454   0x0000000c   Code   RO         6531    i.xTaskGetTickCount  tasks.o
    0x08013460   0x08013460   0x000000d0   Code   RO         6533    i.xTaskIncrementTick  tasks.o
    0x08013530   0x08013530   0x000000cc   Code   RO         6539    i.xTaskResumeAll    tasks.o
    0x080135fc   0x080135fc   0x000000c4   Data   RO          373    .constdata          freertos.o
    0x080136c0   0x080136c0   0x00000008   Data   RO         2848    .constdata          stm32h7xx_hal_dma.o
    0x080136c8   0x080136c8   0x0000005c   Data   RO         4572    .constdata          stm32h7xx_hal_fdcan.o
    0x08013724   0x08013724   0x00000018   Data   RO         5494    .constdata          stm32h7xx_hal_uart.o
    0x0801373c   0x0801373c   0x00000010   Data   RO         5865    .constdata          stm32h7xx_hal_uart_ex.o
    0x0801374c   0x0801374c   0x00000010   Data   RO         5975    .constdata          system_stm32h7xx.o
    0x0801375c   0x0801375c   0x00001168   Data   RO         7700    .constdata          bsp_buzzersongs.o
    0x080148c4   0x080148c4   0x000000b0   Data   RO         7767    .constdata          chassis_task.o
    0x08014974   0x08014974   0x00000120   Data   RO         8615    .constdata          quaternionekf.o
    0x08014a94   0x08014a94   0x00000300   Data   RO         9622    .constdata          crc_check.o
    0x08014d94   0x08014d94   0x00000804   Data   RO        10479    .constdata          commontables.o
    0x08015598   0x08015598   0x00000070   Data   RO        11329    .constdata          fastmathfunctions.o
    0x08015608   0x08015608   0x00000098   Data   RO        16488    .constdata          m_wv.l(atan.o)
    0x080156a0   0x080156a0   0x00000030   Data   RO        16500    .constdata          m_wv.l(cos_i.o)
    0x080156d0   0x080156d0   0x00000008   Data   RO        16542    .constdata          m_wv.l(qnan.o)
    0x080156d8   0x080156d8   0x000000c8   Data   RO        16545    .constdata          m_wv.l(rred.o)
    0x080157a0   0x080157a0   0x00000020   Data   RO        16549    .constdata          m_wv.l(rredf.o)
    0x080157c0   0x080157c0   0x00000028   Data   RO        16552    .constdata          m_wv.l(sin_i.o)
    0x080157e8   0x080157e8   0x00000057   Data   RO          374    .conststring        freertos.o
    0x0801583f   0x0801583f   0x00000001   PAD
    0x08015840   0x08015840   0x00000020   Data   RO        16602    Region$$Table       anon$$obj.o


    Execution Region RW_IRAM1 (Exec base: 0x20000000, Load base: 0x08015860, Size: 0x00000000, Max: 0x00020000, ABSOLUTE)

    **** No section assigned to this execution region ****


    Execution Region RW_IRAM2 (Exec base: 0x24000000, Load base: 0x08015860, Size: 0x000069b8, Max: 0x00050000, ABSOLUTE, COMPRESSED[0x00000100])

    Exec Addr    Load Addr    Size         Type   Attr      Idx    E Section Name        Object

    0x24000000   COMPRESSED   0x0000001c   Data   RW          375    .data               freertos.o
    0x2400001c   COMPRESSED   0x00000004   Data   RW          475    .data               fdcan.o
    0x24000020   COMPRESSED   0x00000001   Data   RW          648    .data               usart.o
    0x24000021   COMPRESSED   0x00000003   PAD
    0x24000024   COMPRESSED   0x0000000c   Data   RW         3580    .data               stm32h7xx_hal.o
    0x24000030   COMPRESSED   0x00000008   Data   RW         5976    .data               system_stm32h7xx.o
    0x24000038   COMPRESSED   0x0000003c   Data   RW         6542    .data               tasks.o
    0x24000074   COMPRESSED   0x00000020   Data   RW         7195    .data               heap_4.o
    0x24000094   COMPRESSED   0x0000000c   Data   RW         7263    .data               port.o
    0x240000a0   COMPRESSED   0x0000001e   Data   RW         7575    .data               bsp_can.o
    0x240000be   COMPRESSED   0x00000002   PAD
    0x240000c0   COMPRESSED   0x00000010   Data   RW         7658    .data               bsp_buzzer.o
    0x240000d0   COMPRESSED   0x00000910   Data   RW         7768    .data               chassis_task.o
    0x240009e0   COMPRESSED   0x00000004   Data   RW         8224    .data               computer_rec.o
    0x240009e4   COMPRESSED   0x00000001   Data   RW         8317    .data               tof_distance.o
    0x240009e5   COMPRESSED   0x00000003   PAD
    0x240009e8   COMPRESSED   0x00000038   Data   RW         8359    .data               chassis_power_control.o
    0x24000a20   COMPRESSED   0x00000034   Data   RW         8408    .data               talk_task.o
    0x24000a54   COMPRESSED   0x00000004   Data   RW         8525    .data               kalman_filter.o
    0x24000a58   COMPRESSED   0x00000090   Data   RW         8616    .data               quaternionekf.o
    0x24000ae8   COMPRESSED   0x00000034   Data   RW         8903    .data               mahonyahrs.o
    0x24000b1c   COMPRESSED   0x0000002c   Data   RW         8986    .data               bmi088driver.o
    0x24000b48   COMPRESSED   0x0000002c   Data   RW         9127    .data               imu_task.o
    0x24000b74   COMPRESSED   0x00000030   Data   RW         9203    .data               can_cmd_damiao.o
    0x24000ba4   COMPRESSED   0x00000004   Data   RW         9350    .data               motor.o
    0x24000ba8   COMPRESSED   0x0000004f   Data   RW         9470    .data               judge_paint_task.o
    0x24000bf7   COMPRESSED   0x00000001   Data   RW         9563    .data               judge_send_app.o
    0x24000bf8   COMPRESSED   0x00000002   Data   RW         9623    .data               crc_check.o
    0x24000bfa   COMPRESSED   0x00000002   PAD
    0x24000bfc   COMPRESSED   0x00000004   Data   RW        16581    .data               mc_w.l(errno.o)
    0x24000c00        -       0x00000254   Zero   RW          372    .bss                freertos.o
    0x24000e54        -       0x000001e0   Zero   RW          474    .bss                fdcan.o
    0x24001034        -       0x00000178   Zero   RW          527    .bss                spi.o
    0x240011ac        -       0x000000e4   Zero   RW          574    .bss                tim.o
    0x24001290        -       0x00000700   Zero   RW          647    .bss                usart.o
    0x24001990        -       0x0000004c   Zero   RW          892    .bss                stm32h7xx_hal_timebase_tim.o
    0x240019dc        -       0x000000f0   Zero   RW         6541    .bss                tasks.o
    0x24001acc        -       0x00003c00   Zero   RW         7194    .bss                heap_4.o
    0x240056cc        -       0x00000050   Zero   RW         7338    .bss                bsp_rc.o
    0x2400571c        -       0x0000000c   Zero   RW         7572    .bss                bsp_can.o
    0x24005728        -       0x00000168   Zero   RW         7766    .bss                chassis_task.o
    0x24005890        -       0x000002ae   Zero   RW         8223    .bss                computer_rec.o
    0x24005b3e   COMPRESSED   0x00000002   PAD
    0x24005b40        -       0x00000030   Zero   RW         8272    .bss                state_chexk_task.o
    0x24005b70        -       0x00000108   Zero   RW         8316    .bss                tof_distance.o
    0x24005c78        -       0x00000270   Zero   RW         8614    .bss                quaternionekf.o
    0x24005ee8        -       0x00000070   Zero   RW         9126    .bss                imu_task.o
    0x24005f58        -       0x00000078   Zero   RW         9349    .bss                motor.o
    0x24005fd0        -       0x00000140   Zero   RW         9406    .bss                can_receive.o
    0x24006110        -       0x000000a2   Zero   RW         9467    .bss                judge_paint_task.o
    0x240061b2   COMPRESSED   0x00000006   PAD
    0x240061b8        -       0x00000800   Zero   RW            1    STACK               startup_stm32h723xx.o


==============================================================================

Image component sizes


      Code (inc. data)   RO Data    RW Data    ZI Data      Debug   Object Name

       936         16          0         44          0       7054   bmi088driver.o
       174         28          0          0          0       5128   bmi088middleware.o
       684         52          0         16          0       3554   bsp_buzzer.o
       140          8       4456          0          0       2951   bsp_buzzersongs.o
       768         76          0         30         12       9406   bsp_can.o
       478         36          0          0         80     998641   bsp_rc.o
       720         96          0         48          0      24044   can_cmd_damiao.o
       530         50          0          0        320       9199   can_receive.o
      2486        400          0          0          0       7106   chassis_balance_extra.o
       672         72          0         56          0       3292   chassis_power_control.o
      8330        572        176       2320        360    1076638   chassis_task.o
       126          0          0          0          0      23763   cmsis_os.o
         0          0       2052          0          0      13497   commontables.o
       648         40          0          4        686       3753   computer_rec.o
       262         18        768          2          0       5622   crc_check.o
       156          4          0          0          0       1106   dma.o
         0          0          0          0          0      17140   event_groups.o
       820         52        112          0          0      11467   fastmathfunctions.o
       636         52          0          4        480       3821   fdcan.o
       200         14        283         28        596       3912   freertos.o
       224         14          0          0          0       1311   gpio.o
       480         26          0         32      15360       8111   heap_4.o
       768        104          0         44        112       4378   imu_task.o
      3872        274          0         79        162      25078   judge_paint_task.o
       620         10          0          1          0       6172   judge_send_app.o
      2208         18          0          4          0      10429   kalman_filter.o
       138          0          0          0          0       4078   list.o
      2140         46          0         52          0       9854   mahonyahrs.o
       370         24          0          0          0    1291412   main.o
      1060         10          0          0          0      11392   matrixfunctions.o
        56          8          0          4        120       1741   motor.o
        28          4          0          0          0        607   music_task.o
       532         16          0          0          0       3562   pid.o
       702         74          0         12          0      11860   port.o
      2996        160        288        144        624      16594   quaternionekf.o
       392         36          0          0        376       2351   spi.o
        44         12        716          0       2048        896   startup_stm32h723xx.o
       356         28          0          0         48       3366   state_chexk_task.o
       136         32          0         12          0      23490   stm32h7xx_hal.o
       158         14          0          0          0      39158   stm32h7xx_hal_cortex.o
      6468        140          8          0          0      15913   stm32h7xx_hal_dma.o
      2838         50         92          0          0      24968   stm32h7xx_hal_fdcan.o
       546         44          0          0          0       2648   stm32h7xx_hal_gpio.o
        36          4          0          0          0       1070   stm32h7xx_hal_msp.o
        88          6          0          0          0        897   stm32h7xx_hal_pwr_ex.o
      2804        128          0          0          0       9253   stm32h7xx_hal_rcc.o
      3964        120          0          0          0       8805   stm32h7xx_hal_rcc_ex.o
      2190         30          0          0          0      11749   stm32h7xx_hal_spi.o
      2552        300          0          0          0      17461   stm32h7xx_hal_tim.o
       186         36          0          0          0       3688   stm32h7xx_hal_tim_ex.o
       144         20          0          0         76       1895   stm32h7xx_hal_timebase_tim.o
      5454        226         24          0          0      46789   stm32h7xx_hal_uart.o
       452          6         16          0          0       8043   stm32h7xx_hal_uart_ex.o
       192         90          0          0          0      11220   stm32h7xx_it.o
         0          0          0          0          0        416   stream_buffer.o
       244         38         16          8          0       2193   system_stm32h7xx.o
       444         56          0         52          0       3158   talk_task.o
      2000        160          0         60        240      25498   tasks.o
       552         66          0          0        228       4922   tim.o
       316         40          0          1        264       3278   tof_distance.o
      1392        102          0          1       1792       6617   usart.o
       380         36          0          0          0       7834   user_lib.o

    ----------------------------------------------------------------------
     69366       4194       9040       3068      23992    3925249   Object Totals
         0          0         32          0          0          0   (incl. Generated)
        78          0          1         10          8          0   (incl. Padding)

    ----------------------------------------------------------------------

      Code (inc. data)   RO Data    RW Data    ZI Data      Debug   Library Member Name

       292         58          0          0          0        176   acosf.o
       312         54          0          0          0        176   asinf.o
       528        110        152          0          0        348   atan.o
       456         64          0          0          0        188   atan2.o
       692         98          0          0          0        208   atan2f.o
       176         18          0          0          0        156   cos.o
       224         42         48          0          0        184   cos_i.o
       336         60          0          0          0        136   cosf.o
        60         28          0          0          0        464   dunder.o
        24          0          0          0          0        124   fabs.o
        48          0          0          0          0        124   fpclassify.o
        38          0          0          0          0        116   fpclassifyf.o
        44         12          0          0          0        464   funder.o
       112          0          0          0          0        116   poly.o
         0          0          8          0          0          0   qnan.o
       784        138        200          0          0        172   rred.o
       340         24         32          0          0        160   rredf.o
       176         18          0          0          0        160   sin.o
       168         24         40          0          0        196   sin_i.o
       404         60          0          0          0        212   sinf.o
       102          0          0          0          0        140   sqrt.o
       120          0          0          0          0        272   sqrtf.o
        86          0          0          0          0          0   __dczerorl2.o
         0          0          0          0          0          0   entry.o
         0          0          0          0          0          0   entry10a.o
         0          0          0          0          0          0   entry11a.o
         4          0          0          0          0          0   entry12b.o
         8          4          0          0          0          0   entry2.o
         4          0          0          0          0          0   entry5.o
         0          0          0          0          0          0   entry7b.o
         0          0          0          0          0          0   entry8b.o
         8          4          0          0          0          0   entry9a.o
        12          6          0          4          0         68   errno.o
        30          0          0          0          0          0   handlers.o
        36          8          0          0          0         68   init.o
         0          0          0          0          0          0   iusefp.o
        30          0          0          0          0         68   llshl.o
        36          0          0          0          0         68   llsshr.o
        32          0          0          0          0         68   llushr.o
        36          0          0          0          0         68   memcpya.o
        36          0          0          0          0        108   memseta.o
      2236         86          0          0          0        532   printfa.o
        14          0          0          0          0         68   strlen.o
        44          0          0          0          0         80   uidiv.o
        98          0          0          0          0         92   uldiv.o
        48          0          0          0          0         68   cdrcmple.o
       334          0          0          0          0        148   dadd.o
       222          0          0          0          0        100   ddiv.o
       186          0          0          0          0        176   depilogue.o
        48          0          0          0          0         68   dfixul.o
       228          0          0          0          0         96   dmul.o

    ----------------------------------------------------------------------
      9274        924        480          4          0       6236   Library Totals
        22          8          0          0          0          0   (incl. Padding)

    ----------------------------------------------------------------------

      Code (inc. data)   RO Data    RW Data    ZI Data      Debug   Library Name

      5436        808        480          0          0       4292   m_wv.l
      2750        108          0          4          0       1288   mc_w.l
      1066          0          0          0          0        656   mf_w.l

    ----------------------------------------------------------------------
      9274        924        480          4          0       6236   Library Totals

    ----------------------------------------------------------------------

==============================================================================


      Code (inc. data)   RO Data    RW Data    ZI Data      Debug   

     78640       5118       9520       3072      23992    3890933   Grand Totals
     78640       5118       9520        256      23992    3890933   ELF Image Totals (compressed)
     78640       5118       9520        256          0          0   ROM Totals

==============================================================================

    Total RO  Size (Code + RO Data)                88160 (  86.09kB)
    Total RW  Size (RW Data + ZI Data)             27064 (  26.43kB)
    Total ROM Size (Code + RO Data + RW Data)      88416 (  86.34kB)

==============================================================================

