<html>
<body>
<pre>
<h1>礦ision Build Log</h1>
<h2>Tool Versions:</h2>
IDE-Version: μVision V5.39.0.0
Copyright (C) 2023 ARM Ltd and ARM Germany GmbH. All rights reserved.
License Information: 1 zyh, 1, LIC=9WSKC-7NUC4-LQ70Q-N056N-RX7RD-BMUKD
 
Tool Versions:
Toolchain:       MDK-ARM Plus  Version: 5.39.0.0
Toolchain Path:  C:\Keil_v5\ARM\ARM_Compiler_5.06u7\Bin
C Compiler:      Armcc.exe V5.06 update 7 (build 960)
Assembler:       Armasm.exe V5.06 update 7 (build 960)
Linker/Locator:  ArmLink.exe V5.06 update 7 (build 960)
Library Manager: ArmAr.exe V5.06 update 7 (build 960)
Hex Converter:   FromElf.exe V5.06 update 7 (build 960)
CPU DLL:         SARMCM3.DLL V5.39.0.0
Dialog DLL:      DCM.DLL V1.17.5.0
Target DLL:      CMSIS_AGDI.dll V1.33.16.0
Dialog DLL:      TCM.DLL V1.56.4.0
 
<h2>Project:</h2>
D:\Desktop\2026RM\A_climber_code\climber_wheel_legged_robot_gimbal(zyh_v1)\MDK-ARM\04_F407_BMI088+M6020.uvprojx
Project File Date:  02/05/2026

<h2>Output:</h2>
*** Using Compiler 'V5.06 update 7 (build 960)', folder: 'C:\Keil_v5\ARM\ARM_Compiler_5.06u7\Bin'
Build target '04_F407_BMI088+M6020'
compiling gimbal_behaviour.c...
../components/algorithm/sign_gengerator.h(31): warning:  #1-D: last line of file ends without a newline
          /************************ END OF FILE ************************/
../components/controller/slidingmodec.h(41): warning:  #1-D: last line of file ends without a newline
  #endif // SLIDING_MODE_C_H
..\application\gimbal_behaviour.c(242): warning:  #1295-D: Deprecated declaration C_communication_M - give arg types
  void C_communication_M();//C板传输给妙板的数据
..\application\gimbal_behaviour.c: 3 warnings, 0 errors
linking...
Program Size: Code=60060 RO-data=856 RW-data=1544 ZI-data=53144  
FromELF: creating hex file...
"04_F407_BMI088+M6020\04_F407_BMI088+M6020.axf" - 0 Error(s), 3 Warning(s).

<h2>Software Packages used:</h2>

Package Vendor: ARM
                http://www.keil.com/pack/ARM.CMSIS.5.9.0.pack
                ARM::CMSIS@5.9.0
                CMSIS (Common Microcontroller Software Interface Standard)
   * Component: CORE Version: 5.6.0

Package Vendor: Keil
                https://www.keil.com/pack/Keil.STM32F4xx_DFP.3.1.1.pack
                Keil::STM32F4xx_DFP@3.1.1
                STMicroelectronics STM32F4 Series Device Support

<h2>Collection of Component include folders:</h2>
  ./RTE/_04_F407_BMI088_M6020
  C:/Users/zyh/AppData/Local/Arm/Packs/ARM/CMSIS/5.9.0/CMSIS/Core/Include

<h2>Collection of Component Files used:</h2>

   * Component: ARM::CMSIS:CORE@5.6.0
Build Time Elapsed:  00:00:03
</pre>
</body>
</html>
