<html>
<body>
<pre>
<h1>礦ision Build Log</h1>
<h2>Tool Versions:</h2>
IDE-Version: μVision V5.39.0.0
Copyright (C) 2023 ARM Ltd and ARM Germany GmbH. All rights reserved.
License Information: 1 zyh, 1, LIC=9WSKC-7NUC4-LQ70Q-N056N-RX7RD-BMUKD
 
Tool Versions:
Toolchain:       MDK-ARM Plus  Version: 5.39.0.0
Toolchain Path:  C:\Keil_v5\ARM\ARM_Compiler_5.06u7\Bin
C Compiler:      Armcc.exe V5.06 update 7 (build 960)
Assembler:       Armasm.exe V5.06 update 7 (build 960)
Linker/Locator:  ArmLink.exe V5.06 update 7 (build 960)
Library Manager: ArmAr.exe V5.06 update 7 (build 960)
Hex Converter:   FromElf.exe V5.06 update 7 (build 960)
CPU DLL:         SARMCM3.DLL V5.39.0.0
Dialog DLL:      DCM.DLL V1.17.5.0
Target DLL:      CMSIS_AGDI.dll V1.33.16.0
Dialog DLL:      TCM.DLL V1.56.4.0
 
<h2>Project:</h2>
D:\Desktop\2026RM\A_climber_code\climber_wheel_legged_robot_gimbal(zyh_v1)\MDK-ARM\04_F407_BMI088+M6020.uvprojx
Project File Date:  02/05/2026

<h2>Output:</h2>
*** Using Compiler 'V5.06 update 7 (build 960)', folder: 'C:\Keil_v5\ARM\ARM_Compiler_5.06u7\Bin'
Rebuild target '04_F407_BMI088+M6020'
assembling startup_stm32f407xx.s...
compiling stm32f4xx_ll_adc.c...
compiling spi.c...
compiling stm32f4xx_it.c...
compiling stm32f4xx_hal_timebase_tim.c...
compiling adc.c...
compiling stm32f4xx_hal_flash_ramfunc.c...
compiling stm32f4xx_hal_flash_ex.c...
compiling rtc.c...
compiling stm32f4xx_hal_flash.c...
compiling i2c.c...
compiling tim.c...
compiling stm32f4xx_hal_rcc_ex.c...
compiling stm32f4xx_hal_tim_ex.c...
compiling stm32f4xx_hal_adc_ex.c...
compiling stm32f4xx_hal_gpio.c...
compiling freertos.c...
compiling stm32f4xx_hal_rcc.c...
compiling dma.c...
compiling main.c...
../bsp/boards/bsp_dwt.h(25): warning:  #1-D: last line of file ends without a newline
  #endif /* BSP_DWT_H_ */
../components/controller/controller.h(37): warning:  #1-D: last line of file ends without a newline
  #endif
../Src/main.c: 2 warnings, 0 errors
compiling stm32f4xx_hal_msp.c...
compiling can.c...
compiling gpio.c...
compiling croutine.c...
compiling stm32f4xx_hal_tim.c...
compiling usart.c...
compiling event_groups.c...
compiling stm32f4xx_hal_adc.c...
compiling list.c...
compiling stream_buffer.c...
compiling queue.c...
compiling heap_4.c...
compiling timers.c...
compiling tasks.c...
compiling port.c...
compiling cmsis_os.c...
compiling stm32f4xx_hal_cortex.c...
compiling stm32f4xx_hal_i2c_ex.c...
compiling stm32f4xx_hal.c...
compiling system_stm32f4xx.c...
compiling stm32f4xx_hal_exti.c...
compiling stm32f4xx_hal_pwr_ex.c...
compiling stm32f4xx_hal_dma_ex.c...
compiling stm32f4xx_hal_pwr.c...
compiling stm32f4xx_hal_dma.c...
compiling bsp_laser.c...
compiling bsp_delay.c...
compiling stm32f4xx_hal_rtc_ex.c...
compiling stm32f4xx_hal_can.c...
compiling bsp_flash.c...
compiling bsp_imu_pwm.c...
compiling bsp_rc.c...
compiling bsp_buzzer.c...
..\bsp\boards\bsp_buzzer.c(46): warning:  #1-D: last line of file ends without a newline
  }
..\bsp\boards\bsp_buzzer.c: 1 warning, 0 errors
compiling bsp_led.c...
compiling stm32f4xx_hal_rtc.c...
compiling bsp_i2c.c...
compiling slidingmodec.c...
..\components\controller\slidingmodec.h(41): warning:  #1-D: last line of file ends without a newline
  #endif // SLIDING_MODE_C_H
..\components\controller\slidingmodec.c: 1 warning, 0 errors
compiling stm32f4xx_hal_spi.c...
compiling user_lib.c...
compiling ist8310driver.c...
compiling stm32f4xx_hal_uart.c...
compiling stm32f4xx_hal_i2c.c...
compiling bsp_spi.c...
compiling Keyboard.c...
compiling bsp_adc.c...
compiling sign_gengerator.c...
..\components\algorithm\sign_gengerator.h(31): warning:  #1-D: last line of file ends without a newline
          /************************ END OF FILE ************************/
..\components\algorithm\sign_gengerator.c: 1 warning, 0 errors
compiling bsp_can.c...
compiling bsp_dwt.c...
..\bsp\boards\bsp_dwt.h(25): warning:  #1-D: last line of file ends without a newline
  #endif /* BSP_DWT_H_ */
..\bsp\boards\bsp_dwt.c: 1 warning, 0 errors
compiling shoot.c...
..\shoot\shoot.c(35): warning:  #1-D: last line of file ends without a newline
  /*------------------------------ End of File ------------------------------*/
..\shoot\shoot.c: 1 warning, 0 errors
compiling pid.c...
compiling music_rc_offline.c...
..\Music\music_typedef.h(48): warning:  #1-D: last line of file ends without a newline
  /*------------------------------ End of File ------------------------------*/
..\Music\music_rc_offline.c: 1 warning, 0 errors
compiling music_start.c...
..\Music\music_typedef.h(48): warning:  #1-D: last line of file ends without a newline
  /*------------------------------ End of File ------------------------------*/
..\Music\music_start.c(71): warning:  #1-D: last line of file ends without a newline
  }
..\Music\music_start.c: 2 warnings, 0 errors
compiling BMI088driver.c...
compiling remote_control.c...
compiling kalman_filter.c...
..\components\algorithm\kalman_filter.h(113): warning:  #1-D: last line of file ends without a newline
  #endif //__KALMAN_FILTER_H
..\components\algorithm\kalman_filter.c(451): warning:  #1-D: last line of file ends without a newline
  }
..\components\algorithm\kalman_filter.c: 2 warnings, 0 errors
compiling fifo.c...
compiling controller.c...
..\components\controller\controller.h(37): warning:  #1-D: last line of file ends without a newline
  #endif
../bsp/boards/bsp_dwt.h(25): warning:  #1-D: last line of file ends without a newline
  #endif /* BSP_DWT_H_ */
..\components\controller\controller.c(88): warning:  #1-D: last line of file ends without a newline
   
..\components\controller\controller.c: 3 warnings, 0 errors
compiling IMU_solve.c...
../components/algorithm/kalman_filter.h(113): warning:  #1-D: last line of file ends without a newline
  #endif //__KALMAN_FILTER_H
..\application\IMU_solve.h(64): warning:  #1-D: last line of file ends without a newline
  /*------------------------------ End of File ------------------------------*/
..\application\IMU_solve.c(470): warning:  #1-D: last line of file ends without a newline
  /*------------------------------ End of File ------------------------------*/
..\application\IMU_solve.c: 3 warnings, 0 errors
compiling ist8310driver_middleware.c...
compiling BMI088Middleware.c...
compiling AutoGimbal.c...
compiling motor.c...
compiling music_task.c...
..\Music\music_typedef.h(48): warning:  #1-D: last line of file ends without a newline
  /*------------------------------ End of File ------------------------------*/
..\Music\music_task.c(167): warning:  #177-D: function "MusicPlay"  was declared but never referenced
  static void MusicPlay(void)
..\Music\music_task.c: 2 warnings, 0 errors
compiling CAN_receive.c...
compiling Remote_rec_task.c...
compiling gimbal_task.c...
../components/algorithm/sign_gengerator.h(31): warning:  #1-D: last line of file ends without a newline
          /************************ END OF FILE ************************/
../components/algorithm/kalman_filter.h(113): warning:  #1-D: last line of file ends without a newline
  #endif //__KALMAN_FILTER_H
..\application\IMU_solve.h(64): warning:  #1-D: last line of file ends without a newline
  /*------------------------------ End of File ------------------------------*/
..\application\gimbal_task.c(23): warning:  #1295-D: Deprecated declaration send_nuc - give arg types
  extern void send_nuc();
..\application\gimbal_task.c(25): warning:  #1295-D: Deprecated declaration vofa_watch - give arg types
  extern void vofa_watch();
..\application\gimbal_task.c: 5 warnings, 0 errors
compiling gimbal_behaviour.c...
../components/algorithm/sign_gengerator.h(31): warning:  #1-D: last line of file ends without a newline
          /************************ END OF FILE ************************/
../components/controller/slidingmodec.h(41): warning:  #1-D: last line of file ends without a newline
  #endif // SLIDING_MODE_C_H
..\application\gimbal_behaviour.c(232): warning:  #1295-D: Deprecated declaration C_communication_M - give arg types
  void C_communication_M();//C板传输给妙板的数据
..\application\gimbal_behaviour.c: 3 warnings, 0 errors
compiling IMU_task.c...
../components/algorithm/kalman_filter.h(113): warning:  #1-D: last line of file ends without a newline
  #endif //__KALMAN_FILTER_H
..\application\IMU_solve.h(64): warning:  #1-D: last line of file ends without a newline
  /*------------------------------ End of File ------------------------------*/
../components/algorithm/AHRS_MiddleWare.h(66): warning:  #1-D: last line of file ends without a newline
  #endif
../components/algorithm/ahrs.h(61): warning:  #1-D: last line of file ends without a newline
  #endif
../components/algorithm/sign_gengerator.h(31): warning:  #1-D: last line of file ends without a newline
          /************************ END OF FILE ************************/
..\application\IMU_task.c(630): warning:  #1-D: last line of file ends without a newline
  /*------------------------------ End of File ------------------------------*/
..\application\IMU_task.c: 6 warnings, 0 errors
compiling music_see_you_again.c...
..\Music\music_typedef.h(48): warning:  #1-D: last line of file ends without a newline
  /*------------------------------ End of File ------------------------------*/
..\Music\music_see_you_again.c: 1 warning, 0 errors
compiling shoot_task.c...
compiling shoot_fric_trigger.c...
linking...
Program Size: Code=60136 RO-data=856 RW-data=1544 ZI-data=53144  
FromELF: creating hex file...
"04_F407_BMI088+M6020\04_F407_BMI088+M6020.axf" - 0 Error(s), 35 Warning(s).

<h2>Software Packages used:</h2>

Package Vendor: ARM
                http://www.keil.com/pack/ARM.CMSIS.5.9.0.pack
                ARM::CMSIS@5.9.0
                CMSIS (Common Microcontroller Software Interface Standard)
   * Component: CORE Version: 5.6.0

Package Vendor: Keil
                https://www.keil.com/pack/Keil.STM32F4xx_DFP.3.1.1.pack
                Keil::STM32F4xx_DFP@3.1.1
                STMicroelectronics STM32F4 Series Device Support

<h2>Collection of Component include folders:</h2>
  ./RTE/_04_F407_BMI088_M6020
  C:/Users/zyh/AppData/Local/Arm/Packs/ARM/CMSIS/5.9.0/CMSIS/Core/Include

<h2>Collection of Component Files used:</h2>

   * Component: ARM::CMSIS:CORE@5.6.0
Build Time Elapsed:  00:00:15
</pre>
</body>
</html>
